Archive member included to satisfy reference by file (symbol)

C:/ST/STM32CubeIDE_1.15.1/STM32CubeIDE/plugins/com.st.stm32cube.ide.mcu.externaltools.gnu-tools-for-stm32.13.3.rel1.win32_1.0.0.202411081344/tools/bin/../lib/gcc/arm-none-eabi/13.3.1/../../../../arm-none-eabi/lib/thumb/v7e-m+fp/hard\libc_nano.a(libc_a-exit.o)
                              C:/ST/STM32CubeIDE_1.15.1/STM32CubeIDE/plugins/com.st.stm32cube.ide.mcu.externaltools.gnu-tools-for-stm32.13.3.rel1.win32_1.0.0.202411081344/tools/bin/../lib/gcc/arm-none-eabi/13.3.1/../../../../arm-none-eabi/lib/thumb/v7e-m+fp/hard/crt0.o (exit)
C:/ST/STM32CubeIDE_1.15.1/STM32CubeIDE/plugins/com.st.stm32cube.ide.mcu.externaltools.gnu-tools-for-stm32.13.3.rel1.win32_1.0.0.202411081344/tools/bin/../lib/gcc/arm-none-eabi/13.3.1/../../../../arm-none-eabi/lib/thumb/v7e-m+fp/hard\libc_nano.a(libc_a-nano-vfprintf_float.o)
                              (_printf_float)
C:/ST/STM32CubeIDE_1.15.1/STM32CubeIDE/plugins/com.st.stm32cube.ide.mcu.externaltools.gnu-tools-for-stm32.13.3.rel1.win32_1.0.0.202411081344/tools/bin/../lib/gcc/arm-none-eabi/13.3.1/../../../../arm-none-eabi/lib/thumb/v7e-m+fp/hard\libc_nano.a(libc_a-nano-vfprintf_i.o)
                              C:/ST/STM32CubeIDE_1.15.1/STM32CubeIDE/plugins/com.st.stm32cube.ide.mcu.externaltools.gnu-tools-for-stm32.13.3.rel1.win32_1.0.0.202411081344/tools/bin/../lib/gcc/arm-none-eabi/13.3.1/../../../../arm-none-eabi/lib/thumb/v7e-m+fp/hard\libc_nano.a(libc_a-nano-vfprintf_float.o) (_printf_common)
C:/ST/STM32CubeIDE_1.15.1/STM32CubeIDE/plugins/com.st.stm32cube.ide.mcu.externaltools.gnu-tools-for-stm32.13.3.rel1.win32_1.0.0.202411081344/tools/bin/../lib/gcc/arm-none-eabi/13.3.1/../../../../arm-none-eabi/lib/thumb/v7e-m+fp/hard\libc_nano.a(libc_a-findfp.o)
                              C:/ST/STM32CubeIDE_1.15.1/STM32CubeIDE/plugins/com.st.stm32cube.ide.mcu.externaltools.gnu-tools-for-stm32.13.3.rel1.win32_1.0.0.202411081344/tools/bin/../lib/gcc/arm-none-eabi/13.3.1/../../../../arm-none-eabi/lib/thumb/v7e-m+fp/hard\libc_nano.a(libc_a-exit.o) (__stdio_exit_handler)
C:/ST/STM32CubeIDE_1.15.1/STM32CubeIDE/plugins/com.st.stm32cube.ide.mcu.externaltools.gnu-tools-for-stm32.13.3.rel1.win32_1.0.0.202411081344/tools/bin/../lib/gcc/arm-none-eabi/13.3.1/../../../../arm-none-eabi/lib/thumb/v7e-m+fp/hard\libc_nano.a(libc_a-fwalk.o)
                              C:/ST/STM32CubeIDE_1.15.1/STM32CubeIDE/plugins/com.st.stm32cube.ide.mcu.externaltools.gnu-tools-for-stm32.13.3.rel1.win32_1.0.0.202411081344/tools/bin/../lib/gcc/arm-none-eabi/13.3.1/../../../../arm-none-eabi/lib/thumb/v7e-m+fp/hard\libc_nano.a(libc_a-findfp.o) (_fwalk_sglue)
C:/ST/STM32CubeIDE_1.15.1/STM32CubeIDE/plugins/com.st.stm32cube.ide.mcu.externaltools.gnu-tools-for-stm32.13.3.rel1.win32_1.0.0.202411081344/tools/bin/../lib/gcc/arm-none-eabi/13.3.1/../../../../arm-none-eabi/lib/thumb/v7e-m+fp/hard\libc_nano.a(libc_a-snprintf.o)
                              ./Core/Src/servo.o (snprintf)
C:/ST/STM32CubeIDE_1.15.1/STM32CubeIDE/plugins/com.st.stm32cube.ide.mcu.externaltools.gnu-tools-for-stm32.13.3.rel1.win32_1.0.0.202411081344/tools/bin/../lib/gcc/arm-none-eabi/13.3.1/../../../../arm-none-eabi/lib/thumb/v7e-m+fp/hard\libc_nano.a(libc_a-sprintf.o)
                              ./Core/Src/uartcom.o (sprintf)
C:/ST/STM32CubeIDE_1.15.1/STM32CubeIDE/plugins/com.st.stm32cube.ide.mcu.externaltools.gnu-tools-for-stm32.13.3.rel1.win32_1.0.0.202411081344/tools/bin/../lib/gcc/arm-none-eabi/13.3.1/../../../../arm-none-eabi/lib/thumb/v7e-m+fp/hard\libc_nano.a(libc_a-stdio.o)
                              C:/ST/STM32CubeIDE_1.15.1/STM32CubeIDE/plugins/com.st.stm32cube.ide.mcu.externaltools.gnu-tools-for-stm32.13.3.rel1.win32_1.0.0.202411081344/tools/bin/../lib/gcc/arm-none-eabi/13.3.1/../../../../arm-none-eabi/lib/thumb/v7e-m+fp/hard\libc_nano.a(libc_a-findfp.o) (__sread)
C:/ST/STM32CubeIDE_1.15.1/STM32CubeIDE/plugins/com.st.stm32cube.ide.mcu.externaltools.gnu-tools-for-stm32.13.3.rel1.win32_1.0.0.202411081344/tools/bin/../lib/gcc/arm-none-eabi/13.3.1/../../../../arm-none-eabi/lib/thumb/v7e-m+fp/hard\libc_nano.a(libc_a-memset.o)
                              C:/ST/STM32CubeIDE_1.15.1/STM32CubeIDE/plugins/com.st.stm32cube.ide.mcu.externaltools.gnu-tools-for-stm32.13.3.rel1.win32_1.0.0.202411081344/tools/bin/../lib/gcc/arm-none-eabi/13.3.1/../../../../arm-none-eabi/lib/thumb/v7e-m+fp/hard/crt0.o (memset)
C:/ST/STM32CubeIDE_1.15.1/STM32CubeIDE/plugins/com.st.stm32cube.ide.mcu.externaltools.gnu-tools-for-stm32.13.3.rel1.win32_1.0.0.202411081344/tools/bin/../lib/gcc/arm-none-eabi/13.3.1/../../../../arm-none-eabi/lib/thumb/v7e-m+fp/hard\libc_nano.a(libc_a-strncpy.o)
                              ./Core/Src/servo.o (strncpy)
C:/ST/STM32CubeIDE_1.15.1/STM32CubeIDE/plugins/com.st.stm32cube.ide.mcu.externaltools.gnu-tools-for-stm32.13.3.rel1.win32_1.0.0.202411081344/tools/bin/../lib/gcc/arm-none-eabi/13.3.1/../../../../arm-none-eabi/lib/thumb/v7e-m+fp/hard\libc_nano.a(libc_a-localeconv.o)
[...]
Memory Configuration

Name             Origin             Length             Attributes
RAM              0x20000000         0x00020000         xrw
FLASH            0x08000000         0x00080000         xr
*default*        0x00000000         0xffffffff

Linker script and memory map

LOAD C:/ST/STM32CubeIDE_1.15.1/STM32CubeIDE/plugins/com.st.stm32cube.ide.mcu.externaltools.gnu-tools-for-stm32.13.3.rel1.win32_1.0.0.202411081344/tools/bin/../lib/gcc/arm-none-eabi/13.3.1/thumb/v7e-m+fp/hard/crti.o
LOAD C:/ST/STM32CubeIDE_1.15.1/STM32CubeIDE/plugins/com.st.stm32cube.ide.mcu.externaltools.gnu-tools-for-stm32.13.3.rel1.win32_1.0.0.202411081344/tools/bin/../lib/gcc/arm-none-eabi/13.3.1/thumb/v7e-m+fp/hard/crtbegin.o
LOAD C:/ST/STM32CubeIDE_1.15.1/STM32CubeIDE/plugins/com.st.stm32cube.ide.mcu.externaltools.gnu-tools-for-stm32.13.3.rel1.win32_1.0.0.202411081344/tools/bin/../lib/gcc/arm-none-eabi/13.3.1/../../../../arm-none-eabi/lib/thumb/v7e-m+fp/hard/crt0.o
LOAD ./Core/.metadata/.plugins/org.eclipse.cdt.make.core/specs.o
LOAD ./Core/Src/arm_controller.o
LOAD ./Core/Src/ballstorage.o
LOAD ./Core/Src/box_manupilation.o
LOAD ./Core/Src/config.o
LOAD ./Core/Src/controller.o
LOAD ./Core/Src/delay.o
LOAD ./Core/Src/encoders.o
LOAD ./Core/Src/irs.o
LOAD ./Core/Src/main.o
LOAD ./Core/Src/motion.o
LOAD ./Core/Src/motors.o
LOAD ./Core/Src/profile.o
LOAD ./Core/Src/raykha.o
LOAD ./Core/Src/robot.o
LOAD ./Core/Src/sensors.o
LOAD ./Core/Src/servo.o
LOAD ./Core/Src/stm32f4xx_hal_msp.o
LOAD ./Core/Src/stm32f4xx_it.o
LOAD ./Core/Src/syscalls.o
LOAD ./Core/Src/sysmem.o
LOAD ./Core/Src/system_stm32f4xx.o
LOAD ./Core/Src/systick.o
LOAD ./Core/Src/tasks.o
LOAD ./Core/Src/uartcom.o
LOAD ./Core/Startup/startup_stm32f446retx.o
LOAD ./Drivers/Buzzer/Src/buzzer.o
LOAD ./Drivers/PCA9548A/Src/PCA9548A.o
LOAD ./Drivers/PCA9685/Src/analog_mux.o
LOAD ./Drivers/PCA9685/Src/pca9685.o
LOAD ./Drivers/SSD1306/Src/bitmap.o
LOAD ./Drivers/SSD1306/Src/display.o
LOAD ./Drivers/SSD1306/Src/fonts.o
LOAD ./Drivers/SSD1306/Src/ssd1306.o
LOAD ./Drivers/STM32F4xx_HAL_Driver/Src/stm32f4xx_hal.o
LOAD ./Drivers/STM32F4xx_HAL_Driver/Src/stm32f4xx_hal_adc.o
LOAD ./Drivers/STM32F4xx_HAL_Driver/Src/stm32f4xx_hal_adc_ex.o
LOAD ./Drivers/STM32F4xx_HAL_Driver/Src/stm32f4xx_hal_cortex.o
LOAD ./Drivers/STM32F4xx_HAL_Driver/Src/stm32f4xx_hal_dma.o
LOAD ./Drivers/STM32F4xx_HAL_Driver/Src/stm32f4xx_hal_dma_ex.o
LOAD ./Drivers/STM32F4xx_HAL_Driver/Src/stm32f4xx_hal_exti.o
LOAD ./Drivers/STM32F4xx_HAL_Driver/Src/stm32f4xx_hal_flash.o
LOAD ./Drivers/STM32F4xx_HAL_Driver/Src/stm32f4xx_hal_flash_ex.o
LOAD ./Drivers/STM32F4xx_HAL_Driver/Src/stm32f4xx_hal_flash_ramfunc.o
LOAD ./Drivers/STM32F4xx_HAL_Driver/Src/stm32f4xx_hal_gpio.o
LOAD ./Drivers/STM32F4xx_HAL_Driver/Src/stm32f4xx_hal_i2c.o
LOAD ./Drivers/STM32F4xx_HAL_Driver/Src/stm32f4xx_hal_i2c_ex.o
LOAD ./Drivers/STM32F4xx_HAL_Driver/Src/stm32f4xx_hal_pwr.o
LOAD ./Drivers/STM32F4xx_HAL_Driver/Src/stm32f4xx_hal_pwr_ex.o
LOAD ./Drivers/STM32F4xx_HAL_Driver/Src/stm32f4xx_hal_rcc.o
LOAD ./Drivers/STM32F4xx_HAL_Driver/Src/stm32f4xx_hal_rcc_ex.o
LOAD ./Drivers/STM32F4xx_HAL_Driver/Src/stm32f4xx_hal_tim.o
LOAD ./Drivers/STM32F4xx_HAL_Driver/Src/stm32f4xx_hal_tim_ex.o
LOAD ./Drivers/STM32F4xx_HAL_Driver/Src/stm32f4xx_hal_uart.o
LOAD ./Drivers/STM32F4xx_HAL_Driver/Src/stm32f4xx_ll_adc.o
LOAD ./Drivers/TCS3472/Src/TCS3472.o
LOAD ./Drivers/VL53L0X/core/src/vl53l0x_api.o
LOAD ./Drivers/VL53L0X/core/src/vl53l0x_api_calibration.o
LOAD ./Drivers/VL53L0X/core/src/vl53l0x_api_core.o
LOAD ./Drivers/VL53L0X/core/src/vl53l0x_api_ranging.o
LOAD ./Drivers/VL53L0X/core/src/vl53l0x_api_strings.o
LOAD ./Drivers/VL53L0X/platform/src/vl53l0x_platform.o
LOAD ./Drivers/VL53L0X/platform/src/vl53l0x_platform_log.o
START GROUP
LOAD C:/ST/STM32CubeIDE_1.15.1/STM32CubeIDE/plugins/com.st.stm32cube.ide.mcu.externaltools.gnu-tools-for-stm32.13.3.rel1.win32_1.0.0.202411081344/tools/bin/../lib/gcc/arm-none-eabi/13.3.1/../../../../arm-none-eabi/lib/thumb/v7e-m+fp/hard\libc_nano.a
LOAD C:/ST/STM32CubeIDE_1.15.1/STM32CubeIDE/plugins/com.st.stm32cube.ide.mcu.externaltools.gnu-tools-for-stm32.13.3.rel1.win32_1.0.0.202411081344/tools/bin/../lib/gcc/arm-none-eabi/13.3.1/../../../../arm-none-eabi/lib/thumb/v7e-m+fp/hard\libm.a
END GROUP
START GROUP
LOAD C:/ST/STM32CubeIDE_1.15.1/STM32CubeIDE/plugins/com.st.stm32cube.ide.mcu.externaltools.gnu-tools-for-stm32.13.3.rel1.win32_1.0.0.202411081344/tools/bin/../lib/gcc/arm-none-eabi/13.3.1/thumb/v7e-m+fp/hard\libgcc.a
LOAD C:/ST/STM32CubeIDE_1.15.1/STM32CubeIDE/plugins/com.st.stm32cube.ide.mcu.externaltools.gnu-tools-for-stm32.13.3.rel1.win32_1.0.0.202411081344/tools/bin/../lib/gcc/arm-none-eabi/13.3.1/../../../../arm-none-eabi/lib/thumb/v7e-m+fp/hard\libc_nano.a
END GROUP
START GROUP
LOAD C:/ST/STM32CubeIDE_1.15.1/STM32CubeIDE/plugins/com.st.stm32cube.ide.mcu.externaltools.gnu-tools-for-stm32.13.3.rel1.win32_1.0.0.202411081344/tools/bin/../lib/gcc/arm-none-eabi/13.3.1/thumb/v7e-m+fp/hard\libgcc.a
LOAD C:/ST/STM32CubeIDE_1.15.1/STM32CubeIDE/plugins/com.st.stm32cube.ide.mcu.externaltools.gnu-tools-for-stm32.13.3.rel1.win32_1.0.0.202411081344/tools/bin/../lib/gcc/arm-none-eabi/13.3.1/../../../../arm-none-eabi/lib/thumb/v7e-m+fp/hard\libc_nano.a
LOAD C:/ST/STM32CubeIDE_1.15.1/STM32CubeIDE/plugins/com.st.stm32cube.ide.mcu.externaltools.gnu-tools-for-stm32.13.3.rel1.win32_1.0.0.202411081344/tools/bin/../lib/gcc/arm-none-eabi/13.3.1/../../../../arm-none-eabi/lib/thumb/v7e-m+fp/hard\libnosys.a
END GROUP
START GROUP
LOAD C:/ST/STM32CubeIDE_1.15.1/STM32CubeIDE/plugins/com.st.stm32cube.ide.mcu.externaltools.gnu-tools-for-stm32.13.3.rel1.win32_1.0.0.202411081344/tools/bin/../lib/gcc/arm-none-eabi/13.3.1/thumb/v7e-m+fp/hard\libgcc.a
LOAD C:/ST/STM32CubeIDE_1.15.1/STM32CubeIDE/plugins/com.st.stm32cube.ide.mcu.externaltools.gnu-tools-for-stm32.13.3.rel1.win32_1.0.0.202411081344/tools/bin/../lib/gcc/arm-none-eabi/13.3.1/../../../../arm-none-eabi/lib/thumb/v7e-m+fp/hard\libc_nano.a
LOAD C:/ST/STM32CubeIDE_1.15.1/STM32CubeIDE/plugins/com.st.stm32cube.ide.mcu.externaltools.gnu-tools-for-stm32.13.3.rel1.win32_1.0.0.202411081344/tools/bin/../lib/gcc/arm-none-eabi/13.3.1/../../../../arm-none-eabi/lib/thumb/v7e-m+fp/hard\libnosys.a
END GROUP
LOAD C:/ST/STM32CubeIDE_1.15.1/STM32CubeIDE/plugins/com.st.stm32cube.ide.mcu.externaltools.gnu-tools-for-stm32.13.3.rel1.win32_1.0.0.202411081344/tools/bin/../lib/gcc/arm-none-eabi/13.3.1/thumb/v7e-m+fp/hard/crtend.o
LOAD C:/ST/STM32CubeIDE_1.15.1/STM32CubeIDE/plugins/com.st.stm32cube.ide.mcu.externaltools.gnu-tools-for-stm32.13.3.rel1.win32_1.0.0.202411081344/tools/bin/../lib/gcc/arm-none-eabi/13.3.1/thumb/v7e-m+fp/hard/crtn.o
                0x20020000                        _estack = (ORIGIN (RAM) + LENGTH (RAM))
                0x00000200                        _Min_Heap_Size = 0x200
                0x00000400                        _Min_Stack_Size = 0x400

.isr_vector     0x08000000      0x1c4
                0x08000000                        . = ALIGN (0x4)
 *(.isr_vector)
 .isr_vector    0x08000000      0x1c4 ./Core/Startup/startup_stm32f446retx.o
                0x08000000                g_pfnVectors
                0x080001c4                        . = ALIGN (0x4)

.text           0x080001d0     0xfa04
                0x080001d0                        . = ALIGN (0x4)
 *(.text)
 .text          0x080001d0       0x40 C:/ST/STM32CubeIDE_1.15.1/STM32CubeIDE/plugins/com.st.stm32cube.ide.mcu.externaltools.gnu-tools-for-stm32.13.3.rel1.win32_1.0.0.202411081344/tools/bin/../lib/gcc/arm-none-eabi/13.3.1/thumb/v7e-m+fp/hard/crtbegin.o
 .text          0x08000210       0xa0 C:/ST/STM32CubeIDE_1.15.1/STM32CubeIDE/plugins/com.st.stm32cube.ide.mcu.externaltools.gnu-tools-for-stm32.13.3.rel1.win32_1.0.0.202411081344/tools/bin/../lib/gcc/arm-none-eabi/13.3.1/../../../../arm-none-eabi/lib/thumb/v7e-m+fp/hard\libc_nano.a(libc_a-memchr.o)
                0x08000210                memchr
 .text          0x080002b0       0x10 C:/ST/STM32CubeIDE_1.15.1/STM32CubeIDE/plugins/com.st.stm32cube.ide.mcu.externaltools.gnu-tools-for-stm32.13.3.rel1.win32_1.0.0.202411081344/tools/bin/../lib/gcc/arm-none-eabi/13.3.1/../../../../arm-none-eabi/lib/thumb/v7e-m+fp/hard\libc_nano.a(libc_a-strlen.o)
                0x080002b0                strlen
 .text          0x080002c0      0x378 C:/ST/STM32CubeIDE_1.15.1/STM32CubeIDE/plugins/com.st.stm32cube.ide.mcu.externaltools.gnu-tools-for-stm32.13.3.rel1.win32_1.0.0.202411081344/tools/bin/../lib/gcc/arm-none-eabi/13.3.1/thumb/v7e-m+fp/hard\libgcc.a(_arm_addsubdf3.o)
                0x080002c0                __aeabi_drsub
                0x080002c8                __aeabi_dsub
                0x080002c8                __subdf3
                0x080002cc                __aeabi_dadd
                0x080002cc                __adddf3
                0x08000544                __floatunsidf
                0x08000544                __aeabi_ui2d
                0x08000564                __floatsidf
                0x08000564                __aeabi_i2d
                0x08000588                __aeabi_f2d
                0x08000588                __extendsfdf2
                0x080005cc                __floatundidf
                0x080005cc                __aeabi_ul2d
                0x080005dc                __floatdidf
                0x080005dc                __aeabi_l2d
 .text          0x08000638      0x424 C:/ST/STM32CubeIDE_1.15.1/STM32CubeIDE/plugins/com.st.stm32cube.ide.mcu.externaltools.gnu-tools-for-stm32.13.3.rel1.win32_1.0.0.202411081344/tools/bin/../lib/gcc/arm-none-eabi/13.3.1/thumb/v7e-m+fp/hard\libgcc.a(_arm_muldivdf3.o)
                0x08000638                __aeabi_dmul
                0x08000638                __muldf3
                0x0800088c                __divdf3
                0x0800088c                __aeabi_ddiv
 .text          0x08000a5c      0x110 C:/ST/STM32CubeIDE_1.15.1/STM32CubeIDE/plugins/com.st.stm32cube.ide.mcu.externaltools.gnu-tools-for-stm32.13.3.rel1.win32_1.0.0.202411081344/tools/bin/../lib/gcc/arm-none-eabi/13.3.1/thumb/v7e-m+fp/hard\libgcc.a(_arm_cmpdf2.o)
                0x08000a5c                __gtdf2
                0x08000a5c                __gedf2
                0x08000a64                __ltdf2
                0x08000a64                __ledf2
                0x08000a6c                __nedf2
                0x08000a6c                __eqdf2
                0x08000a6c                __cmpdf2
                0x08000ae8                __aeabi_cdrcmple
                0x08000af8                __aeabi_cdcmpeq
                0x08000af8                __aeabi_cdcmple
                0x08000b08                __aeabi_dcmpeq
                0x08000b1c                __aeabi_dcmplt
                0x08000b30                __aeabi_dcmple
                0x08000b44                __aeabi_dcmpge
                0x08000b58                __aeabi_dcmpgt
 .text          0x08000b6c       0x2c C:/ST/STM32CubeIDE_1.15.1/STM32CubeIDE/plugins/com.st.stm32cube.ide.mcu.externaltools.gnu-tools-for-stm32.13.3.rel1.win32_1.0.0.202411081344/tools/bin/../lib/gcc/arm-none-eabi/13.3.1/thumb/v7e-m+fp/hard\libgcc.a(_arm_unorddf2.o)
                0x08000b6c                __unorddf2
                0x08000b6c                __aeabi_dcmpun
 .text          0x08000b98       0x50 C:/ST/STM32CubeIDE_1.15.1/STM32CubeIDE/plugins/com.st.stm32cube.ide.mcu.externaltools.gnu-tools-for-stm32.13.3.rel1.win32_1.0.0.202411081344/tools/bin/../lib/gcc/arm-none-eabi/13.3.1/thumb/v7e-m+fp/hard\libgcc.a(_arm_fixdfsi.o)
                0x08000b98                __aeabi_d2iz
                0x08000b98                __fixdfsi
 .text          0x08000be8       0x40 C:/ST/STM32CubeIDE_1.15.1/STM32CubeIDE/plugins/com.st.stm32cube.ide.mcu.externaltools.gnu-tools-for-stm32.13.3.rel1.win32_1.0.0.202411081344/tools/bin/../lib/gcc/arm-none-eabi/13.3.1/thumb/v7e-m+fp/hard\libgcc.a(_arm_fixunsdfsi.o)
                0x08000be8                __aeabi_d2uiz
                0x08000be8                __fixunsdfsi
 .text          0x08000c28       0xa0 C:/ST/STM32CubeIDE_1.15.1/STM32CubeIDE/plugins/com.st.stm32cube.ide.mcu.externaltools.gnu-tools-for-stm32.13.3.rel1.win32_1.0.0.202411081344/tools/bin/../lib/gcc/arm-none-eabi/13.3.1/thumb/v7e-m+fp/hard\libgcc.a(_arm_truncdfsf2.o)
                0x08000c28                __truncdfsf2
                0x08000c28                __aeabi_d2f
 .text          0x08000cc8       0x30 C:/ST/STM32CubeIDE_1.15.1/STM32CubeIDE/plugins/com.st.stm32cube.ide.mcu.externaltools.gnu-tools-for-stm32.13.3.rel1.win32_1.0.0.202411081344/tools/bin/../lib/gcc/arm-none-eabi/13.3.1/thumb/v7e-m+fp/hard\libgcc.a(_aeabi_uldivmod.o)
                0x08000cc8                __aeabi_uldivmod
 .text          0x08000cf8      0x2f8 C:/ST/STM32CubeIDE_1.15.1/STM32CubeIDE/plugins/com.st.stm32cube.ide.mcu.externaltools.gnu-tools-for-stm32.13.3.rel1.win32_1.0.0.202411081344/tools/bin/../lib/gcc/arm-none-eabi/13.3.1/thumb/v7e-m+fp/hard\libgcc.a(_udivmoddi4.o)
                0x08000cf8                __udivmoddi4
 .text          0x08000ff0        0x4 C:/ST/STM32CubeIDE_1.15.1/STM32CubeIDE/plugins/com.st.stm32cube.ide.mcu.externaltools.gnu-tools-for-stm32.13.3.rel1.win32_1.0.0.202411081344/tools/bin/../lib/gcc/arm-none-eabi/13.3.1/thumb/v7e-m+fp/hard\libgcc.a(_dvmd_tls.o)
                0x08000ff0                __aeabi_idiv0
                0x08000ff0                __aeabi_ldiv0
 *(.text*)
 .text.Arm_Init
                0x08000ff4      0x100 ./Core/Src/arm_controller.o
                0x08000ff4                Arm_Init
 .text.Arm_MoveServoGradually
                0x080010f4      0x10c ./Core/Src/arm_controller.o
                0x080010f4                Arm_MoveServoGradually
 .text.Arm_MoveServo
                0x08001200       0x26 ./Core/Src/arm_controller.o
                0x08001200                Arm_MoveServo
 *fill*         0x08001226        0x2 
 .text.pickup_and_Store
                0x08001228      0x168 ./Core/Src/arm_controller.o
                0x08001228                pickup_and_Store
 .text.return_home
                0x08001390       0x3c ./Core/Src/arm_controller.o
                0x08001390                return_home
 .text.Arm_color_calibration_position
                0x080013cc       0x20 ./Core/Src/arm_controller.o
                0x080013cc                Arm_color_calibration_position
 .text.init_ball_storage
                0x080013ec       0x74 ./Core/Src/ballstorage.o
                0x080013ec                init_ball_storage
 .text.drop_good_potatos
                0x08001460       0x38 ./Core/Src/ballstorage.o
                0x08001460                drop_good_potatos
 .text.drop_bad_potatos
                0x08001498       0x38 ./Core/Src/ballstorage.o
                0x08001498                drop_bad_potatos
 .text.meassure_box_colour
                0x080014d0       0x10 ./Core/Src/box_manupilation.o
                0x080014d0                meassure_box_colour
 .text.pickup   0x080014e0        0xe ./Core/Src/box_manupilation.o
                0x080014e0                pickup
 .text.exit_the_area
                0x080014ee        0xe ./Core/Src/box_manupilation.o
                0x080014ee                exit_the_area
 .text.box_manupilation
                0x080014fc       0x24 ./Core/Src/box_manupilation.o
                0x080014fc                box_manupilation
 .text.box_manupilation_876
                0x08001520       0xb8 ./Core/Src/box_manupilation.o
                0x08001520                box_manupilation_876
 .text.box_manupilation_630
                0x080015d8       0xa4 ./Core/Src/box_manupilation.o
                0x080015d8                box_manupilation_630
 .text.box_manupilation_258
                0x0800167c       0x80 ./Core/Src/box_manupilation.o
                0x0800167c                box_manupilation_258
 .text.box_manupilation_741
                0x080016fc       0xe0 ./Core/Src/box_manupilation.o
                0x080016fc                box_manupilation_741
 .text.turn_on_water_pump
                0x080017dc       0x18 ./Core/Src/config.o
                0x080017dc                turn_on_water_pump
 .text.turn_on_air_pump
                0x080017f4       0x18 ./Core/Src/config.o
                0x080017f4                turn_on_air_pump
 .text.turn_off_air_pump
                0x0800180c       0x18 ./Core/Src/config.o
                0x0800180c                turn_off_air_pump
 .text.HAL_GPIO_EXTI_Callback
                0x08001824       0x80 ./Core/Src/config.o
                0x08001824                HAL_GPIO_EXTI_Callback
 .text.Reset_buttons
                0x080018a4       0x38 ./Core/Src/config.o
                0x080018a4                Reset_buttons
 .text.binaryToDecimal4Bit
                0x080018dc       0x36 ./Core/Src/config.o
                0x080018dc                binaryToDecimal4Bit
 .text.isEven   0x08001912       0x24 ./Core/Src/config.o
                0x08001912                isEven
 .text.Controller_Init
                0x08001936       0x64 ./Core/Src/controller.o
                0x08001936                Controller_Init
 .text.Controller_EnableControllers
                0x0800199a       0x1c ./Core/Src/controller.o
                0x0800199a                Controller_EnableControllers
 .text.Controller_DisableControllers
                0x080019b6       0x1c ./Core/Src/controller.o
                0x080019b6                Controller_DisableControllers
 .text.Controller_ResetControllers
                0x080019d2       0x34 ./Core/Src/controller.o
                0x080019d2                Controller_ResetControllers
 *fill*         0x08001a06        0x2 
 .text.Controller_Stop
                0x08001a08       0x1c ./Core/Src/controller.o
                0x08001a08                Controller_Stop
 .text.UpdateControllers
                0x08001a24      0x1f0 ./Core/Src/controller.o
                0x08001a24                UpdateControllers
 .text.leftFeedForward
                0x08001c14       0xcc ./Core/Src/controller.o
                0x08001c14                leftFeedForward
 .text.rightFeedForward
                0x08001ce0       0xcc ./Core/Src/controller.o
                0x08001ce0                rightFeedForward
 .text.Delay_Init
                0x08001dac       0x40 ./Core/Src/delay.o
                0x08001dac                Delay_Init
 .text.delayMicroseconds
                0x08001dec       0x3c ./Core/Src/delay.o
                0x08001dec                delayMicroseconds
 .text.getRightEncoderCounts
                0x08001e28       0x16 ./Core/Src/encoders.o
                0x08001e28                getRightEncoderCounts
 *fill*         0x08001e3e        0x2 
 .text.getLeftEncoderCounts
                0x08001e40       0x18 ./Core/Src/encoders.o
                0x08001e40                getLeftEncoderCounts
 .text.resetEncoders
                0x08001e58       0x60 ./Core/Src/encoders.o
                0x08001e58                resetEncoders
 .text.resetEncodersinSystick
                0x08001eb8       0x20 ./Core/Src/encoders.o
                0x08001eb8                resetEncodersinSystick
 .text.update_Encoder_Data
                0x08001ed8      0x12c ./Core/Src/encoders.o
                0x08001ed8                update_Encoder_Data
 .text.robot_distance
                0x08002004       0x24 ./Core/Src/encoders.o
                0x08002004                robot_distance
 .text.robot_fwd_change
                0x08002028       0x24 ./Core/Src/encoders.o
                0x08002028                robot_fwd_change
 .text.robot_rot_change
                0x0800204c       0x24 ./Core/Src/encoders.o
                0x0800204c                robot_rot_change
 .text.analogReadIRs
                0x08002070       0x3c ./Core/Src/irs.o
                0x08002070                analogReadIRs
 .text.readRawIR
                0x080020ac       0x60 ./Core/Src/irs.o
                0x080020ac                readRawIR
 .text.getIRDistance
                0x0800210c       0x78 ./Core/Src/irs.o
                0x0800210c                getIRDistance
 .text.main     0x08002184      0x110 ./Core/Src/main.o
                0x08002184                main
 .text.SystemClock_Config
                0x08002294       0xe4 ./Core/Src/main.o
                0x08002294                SystemClock_Config
 .text.MX_ADC1_Init
                0x08002378       0xa4 ./Core/Src/main.o
 .text.MX_I2C1_Init
                0x0800241c       0x5c ./Core/Src/main.o
 .text.MX_I2C2_Init
                0x08002478       0x5c ./Core/Src/main.o
 .text.MX_TIM1_Init
                0x080024d4       0xb0 ./Core/Src/main.o
 .text.MX_TIM2_Init
                0x08002584       0xa8 ./Core/Src/main.o
 .text.MX_TIM3_Init
                0x0800262c       0xf4 ./Core/Src/main.o
 .text.MX_USART2_UART_Init
                0x08002720       0x54 ./Core/Src/main.o
 .text.MX_USART3_UART_Init
                0x08002774       0x54 ./Core/Src/main.o
 .text.MX_USART6_UART_Init
                0x080027c8       0x54 ./Core/Src/main.o
 .text.MX_DMA_Init
                0x0800281c       0x40 ./Core/Src/main.o
 .text.MX_GPIO_Init
                0x0800285c      0x190 ./Core/Src/main.o
 .text.Error_Handler
                0x080029ec        0xe ./Core/Src/main.o
                0x080029ec                Error_Handler
 .text.Motion_Init
                0x080029fa       0x58 ./Core/Src/motion.o
                0x080029fa                Motion_Init
 .text.Motion_ResetDriveSystem
                0x08002a52       0x44 ./Core/Src/motion.o
                0x08002a52                Motion_ResetDriveSystem
 .text.Motion_Stop
                0x08002a96       0x14 ./Core/Src/motion.o
                0x08002a96                Motion_Stop
 .text.Motion_DisableDrive
                0x08002aaa       0x18 ./Core/Src/motion.o
                0x08002aaa                Motion_DisableDrive
 .text.Motion_Velocity
                0x08002ac2       0x20 ./Core/Src/motion.o
                0x08002ac2                Motion_Velocity
 .text.Motion_Omega
                0x08002ae2       0x20 ./Core/Src/motion.o
                0x08002ae2                Motion_Omega
 .text.Motion_StartMove
                0x08002b02       0x3a ./Core/Src/motion.o
                0x08002b02                Motion_StartMove
 .text.Motion_Move
                0x08002b3c       0x3a ./Core/Src/motion.o
                0x08002b3c                Motion_Move
 *fill*         0x08002b76        0x2 
 .text.Motion_Turn
                0x08002b78       0x3c ./Core/Src/motion.o
                0x08002b78                Motion_Turn
 .text.Motion_Update
                0x08002bb4       0x24 ./Core/Src/motion.o
                0x08002bb4                Motion_Update
 .text.Motion_SpinTurn
                0x08002bd8       0x60 ./Core/Src/motion.o
                0x08002bd8                Motion_SpinTurn
 .text.Motion_StopAfter
                0x08002c38       0x58 ./Core/Src/motion.o
                0x08002c38                Motion_StopAfter
 .text.Motion_SwitchToNextMotionAfter
                0x08002c90       0x62 ./Core/Src/motion.o
                0x08002c90                Motion_SwitchToNextMotionAfter
 *fill*         0x08002cf2        0x6 
 .text.limitPWM
                0x08002cf8       0x68 ./Core/Src/motors.o
                0x08002cf8                limitPWM
 .text.setMotorLPWM
                0x08002d60       0x8c ./Core/Src/motors.o
                0x08002d60                setMotorLPWM
 .text.setMotorRPWM
                0x08002dec       0x8c ./Core/Src/motors.o
                0x08002dec                setMotorRPWM
 .text.Profile_Reset
                0x08002e78       0x32 ./Core/Src/profile.o
                0x08002e78                Profile_Reset
 .text.Profile_Start
                0x08002eaa      0x116 ./Core/Src/profile.o
                0x08002eaa                Profile_Start
 .text.Profile_Move
                0x08002fc0       0x3c ./Core/Src/profile.o
                0x08002fc0                Profile_Move
 .text.Profile_WaitUntilFinished
                0x08002ffc       0x24 ./Core/Src/profile.o
                0x08002ffc                Profile_WaitUntilFinished
 .text.Profile_GetBrakingDistance
                0x08003020       0x50 ./Core/Src/profile.o
                0x08003020                Profile_GetBrakingDistance
 .text.Profile_GetSpeed
                0x08003070       0x1e ./Core/Src/profile.o
                0x08003070                Profile_GetSpeed
 .text.Profile_GetAcceleration
                0x0800308e       0x1e ./Core/Src/profile.o
                0x0800308e                Profile_GetAcceleration
 .text.Profile_SetTargetSpeed
                0x080030ac       0x1e ./Core/Src/profile.o
                0x080030ac                Profile_SetTargetSpeed
 *fill*         0x080030ca        0x2 
 .text.Profile_Update
                0x080030cc      0x18c ./Core/Src/profile.o
                0x080030cc                Profile_Update
 .text.RAYKHA_ReadRaw
                0x08003258       0x38 ./Core/Src/raykha.o
                0x08003258                RAYKHA_ReadRaw
 .text.RAYKHA_Calibrate
                0x08003290      0x278 ./Core/Src/raykha.o
                0x08003290                RAYKHA_Calibrate
 .text.RAYKHA_ReadCalibrated
                0x08003508       0xe0 ./Core/Src/raykha.o
                0x08003508                RAYKHA_ReadCalibrated
 .text.RAYKHA_GetLinePosition
                0x080035e8       0x82 ./Core/Src/raykha.o
                0x080035e8                RAYKHA_GetLinePosition
 .text.RAYKHA_GetPositionForPID
                0x0800366a       0x32 ./Core/Src/raykha.o
                0x0800366a                RAYKHA_GetPositionForPID
 .text.map_range
                0x0800369c       0x70 ./Core/Src/raykha.o
 .text.GetLineColor
                0x0800370c       0x60 ./Core/Src/robot.o
                0x0800370c                GetLineColor
 .text.GetBallColor
                0x0800376c       0x98 ./Core/Src/robot.o
                0x0800376c                GetBallColor
 .text.Robot_LineFollowUntillJunction
                0x08003804       0x8c ./Core/Src/robot.o
                0x08003804                Robot_LineFollowUntillJunction
 .text.Robot_LineFollowUntillJunctionAndNotStop
                0x08003890       0x88 ./Core/Src/robot.o
                0x08003890                Robot_LineFollowUntillJunctionAndNotStop
 .text.Robot_FollowLineGivenDistance
                0x08003918       0x6c ./Core/Src/robot.o
                0x08003918                Robot_FollowLineGivenDistance
 .text.Robot_FollowLineGivenDistanceandNotStop
                0x08003984       0x68 ./Core/Src/robot.o
                0x08003984                Robot_FollowLineGivenDistanceandNotStop
 .text.Robot_MoveForwardUntillLine
                0x080039ec       0x84 ./Core/Src/robot.o
                0x080039ec                Robot_MoveForwardUntillLine
 .text.Robot_MoveForwardGivenDistance
                0x08003a70       0x64 ./Core/Src/robot.o
                0x08003a70                Robot_MoveForwardGivenDistance
 .text.Robot_MoveReverseGivenDistanceSLOW
                0x08003ad4       0x68 ./Core/Src/robot.o
                0x08003ad4                Robot_MoveReverseGivenDistanceSLOW
 .text.Robot_MoveForwardGivenDistanceSLOW
                0x08003b3c       0x64 ./Core/Src/robot.o
                0x08003b3c                Robot_MoveForwardGivenDistanceSLOW
 .text.Robot_MoveReverseGivenDistance
                0x08003ba0       0x68 ./Core/Src/robot.o
                0x08003ba0                Robot_MoveReverseGivenDistance
 .text.Robot_TurnRight90Inplace
                0x08003c08       0x58 ./Core/Src/robot.o
                0x08003c08                Robot_TurnRight90Inplace
 .text.robot_TurnRight180Inplace
                0x08003c60       0x58 ./Core/Src/robot.o
                0x08003c60                robot_TurnRight180Inplace
 .text.Robot_TurnRightInplace
                0x08003cb8       0x64 ./Core/Src/robot.o
                0x08003cb8                Robot_TurnRightInplace
 .text.Robot_TurnLeft90Inplace
                0x08003d1c       0x60 ./Core/Src/robot.o
                0x08003d1c                Robot_TurnLeft90Inplace
 .text.Robot_TurnLeftInplace
                0x08003d7c       0x68 ./Core/Src/robot.o
                0x08003d7c                Robot_TurnLeftInplace
 .text.Robot_moveForwardUntillFrontWall
                0x08003de4       0x94 ./Core/Src/robot.o
                0x08003de4                Robot_moveForwardUntillFrontWall
 .text.Robot_adjust_using_front_wall
                0x08003e78       0x34 ./Core/Src/robot.o
                0x08003e78                Robot_adjust_using_front_wall
 .text.Robot_read_Barcode
                0x08003eac      0x1c4 ./Core/Src/robot.o
                0x08003eac                Robot_read_Barcode
 .text.DetectJunction
                0x08004070       0x9c ./Core/Src/sensors.o
                0x08004070                DetectJunction
 .text.get_steering_feedback
                0x0800410c       0x1c ./Core/Src/sensors.o
                0x0800410c                get_steering_feedback
 .text.CalculateSteeringAdjustment
                0x08004128      0x11c ./Core/Src/sensors.o
                0x08004128                CalculateSteeringAdjustment
 .text.set_steering_mode
                0x08004244       0x3c ./Core/Src/sensors.o
                0x08004244                set_steering_mode
 .text.Sensors_Update
                0x08004280      0x154 ./Core/Src/sensors.o
                0x08004280                Sensors_Update
 .text.RangeAllIRSensors
                0x080043d4      0x174 ./Core/Src/sensors.o
                0x080043d4                RangeAllIRSensors
 .text.Servo_Init
                0x08004548       0x48 ./Core/Src/servo.o
                0x08004548                Servo_Init
 .text.Servo_Register
                0x08004590      0x1d8 ./Core/Src/servo.o
                0x08004590                Servo_Register
 .text.Servo_SetAngle
                0x08004768       0xe8 ./Core/Src/servo.o
                0x08004768                Servo_SetAngle
 .text.Servo_GetAngle
                0x08004850       0x64 ./Core/Src/servo.o
                0x08004850                Servo_GetAngle
 .text.HAL_MspInit
                0x080048b4       0x50 ./Core/Src/stm32f4xx_hal_msp.o
                0x080048b4                HAL_MspInit
 .text.HAL_ADC_MspInit
                0x08004904       0x88 ./Core/Src/stm32f4xx_hal_msp.o
                0x08004904                HAL_ADC_MspInit
 .text.HAL_I2C_MspInit
                0x0800498c      0x13c ./Core/Src/stm32f4xx_hal_msp.o
                0x0800498c                HAL_I2C_MspInit
 .text.HAL_TIM_Encoder_MspInit
                0x08004ac8       0xf4 ./Core/Src/stm32f4xx_hal_msp.o
                0x08004ac8                HAL_TIM_Encoder_MspInit
 .text.HAL_TIM_PWM_MspInit
                0x08004bbc       0x44 ./Core/Src/stm32f4xx_hal_msp.o
                0x08004bbc                HAL_TIM_PWM_MspInit
 .text.HAL_TIM_MspPostInit
                0x08004c00       0xb4 ./Core/Src/stm32f4xx_hal_msp.o
                0x08004c00                HAL_TIM_MspPostInit
 .text.HAL_UART_MspInit
                0x08004cb4      0x1d8 ./Core/Src/stm32f4xx_hal_msp.o
                0x08004cb4                HAL_UART_MspInit
 .text.NMI_Handler
                0x08004e8c        0x8 ./Core/Src/stm32f4xx_it.o
                0x08004e8c                NMI_Handler
 .text.HardFault_Handler
                0x08004e94        0x8 ./Core/Src/stm32f4xx_it.o
                0x08004e94                HardFault_Handler
 .text.MemManage_Handler
                0x08004e9c        0x8 ./Core/Src/stm32f4xx_it.o
                0x08004e9c                MemManage_Handler
 .text.BusFault_Handler
                0x08004ea4        0x8 ./Core/Src/stm32f4xx_it.o
                0x08004ea4                BusFault_Handler
 .text.UsageFault_Handler
                0x08004eac        0x8 ./Core/Src/stm32f4xx_it.o
                0x08004eac                UsageFault_Handler
 .text.SVC_Handler
                0x08004eb4        0xe ./Core/Src/stm32f4xx_it.o
                0x08004eb4                SVC_Handler
 .text.DebugMon_Handler
                0x08004ec2        0xe ./Core/Src/stm32f4xx_it.o
                0x08004ec2                DebugMon_Handler
 .text.PendSV_Handler
                0x08004ed0        0xe ./Core/Src/stm32f4xx_it.o
                0x08004ed0                PendSV_Handler
 *fill*         0x08004ede        0x2 
 .text.SysTick_Handler
                0x08004ee0       0x44 ./Core/Src/stm32f4xx_it.o
                0x08004ee0                SysTick_Handler
 .text.EXTI3_IRQHandler
                0x08004f24        0xe ./Core/Src/stm32f4xx_it.o
                0x08004f24                EXTI3_IRQHandler
 .text.EXTI15_10_IRQHandler
                0x08004f32       0x18 ./Core/Src/stm32f4xx_it.o
                0x08004f32                EXTI15_10_IRQHandler
 *fill*         0x08004f4a        0x2 
 .text.DMA2_Stream1_IRQHandler
                0x08004f4c       0x14 ./Core/Src/stm32f4xx_it.o
                0x08004f4c                DMA2_Stream1_IRQHandler
 .text.USART6_IRQHandler
                0x08004f60       0x14 ./Core/Src/stm32f4xx_it.o
                0x08004f60                USART6_IRQHandler
 .text._getpid  0x08004f74       0x10 ./Core/Src/syscalls.o
                0x08004f74                _getpid
 .text._kill    0x08004f84       0x20 ./Core/Src/syscalls.o
                0x08004f84                _kill
 .text._exit    0x08004fa4       0x16 ./Core/Src/syscalls.o
                0x08004fa4                _exit
 .text._read    0x08004fba       0x3a ./Core/Src/syscalls.o
                0x08004fba                _read
 .text._write   0x08004ff4       0x38 ./Core/Src/syscalls.o
                0x08004ff4                _write
 .text._close   0x0800502c       0x18 ./Core/Src/syscalls.o
                0x0800502c                _close
 .text._fstat   0x08005044       0x20 ./Core/Src/syscalls.o
                0x08005044                _fstat
 .text._isatty  0x08005064       0x16 ./Core/Src/syscalls.o
                0x08005064                _isatty
 .text._lseek   0x0800507a       0x1a ./Core/Src/syscalls.o
                0x0800507a                _lseek
 .text._sbrk    0x08005094       0x6c ./Core/Src/sysmem.o
                0x08005094                _sbrk
 .text.SystemInit
                0x08005100       0x24 ./Core/Src/system_stm32f4xx.o
                0x08005100                SystemInit
 .text.SysTickFunction
                0x08005124       0x58 ./Core/Src/systick.o
                0x08005124                SysTickFunction
 .text.EnableSysTickFunction
                0x0800517c       0x18 ./Core/Src/systick.o
                0x0800517c                EnableSysTickFunction
 .text.CheckEncoderCounts
                0x08005194       0x74 ./Core/Src/systick.o
                0x08005194                CheckEncoderCounts
 .text.NonBlockingDelay
                0x08005208       0x24 ./Core/Src/tasks.o
                0x08005208                NonBlockingDelay
 .text.IsDelayComplete
                0x0800522c       0x20 ./Core/Src/tasks.o
                0x0800522c                IsDelayComplete
 .text.executePlantationTask
                0x0800524c       0xf8 ./Core/Src/tasks.o
                0x0800524c                executePlantationTask
 .text.moveTocolumn0Fromcolumn4
                0x08005344       0x3c ./Core/Src/tasks.o
                0x08005344                moveTocolumn0Fromcolumn4
 .text.moveToCenterofNextCell
                0x08005380       0x1c ./Core/Src/tasks.o
                0x08005380                moveToCenterofNextCell
 .text.moveToCenterofNextCellandNotStop
                0x0800539c       0x1c ./Core/Src/tasks.o
                0x0800539c                moveToCenterofNextCellandNotStop
 .text.moveToCenterofCellinZeroRow
                0x080053b8       0x2c ./Core/Src/tasks.o
                0x080053b8                moveToCenterofCellinZeroRow
 .text.moveToCenterofNextColumnfromFirstRow
                0x080053e4        0xc ./Core/Src/tasks.o
                0x080053e4                moveToCenterofNextColumnfromFirstRow
 .text.moveToCenterofNextColumnfromSecondRow
                0x080053f0       0x10 ./Core/Src/tasks.o
                0x080053f0                moveToCenterofNextColumnfromSecondRow
 .text.picktheBall
                0x08005400       0x34 ./Core/Src/tasks.o
                0x08005400                picktheBall
 .text.executeMuddyRoadTask
                0x08005434       0x84 ./Core/Src/tasks.o
                0x08005434                executeMuddyRoadTask
 .text.executeRampTask
                0x080054b8       0x2c ./Core/Src/tasks.o
                0x080054b8                executeRampTask
 .text.navigateToQR
                0x080054e4       0x54 ./Core/Src/tasks.o
                0x080054e4                navigateToQR
 .text.executeQR
                0x08005538       0x54 ./Core/Src/tasks.o
                0x08005538                executeQR
 .text.executeCollectionPointTask
                0x0800558c       0x98 ./Core/Src/tasks.o
                0x0800558c                executeCollectionPointTask
 .text.executeNewWarehouseTask
                0x08005624       0x38 ./Core/Src/tasks.o
                0x08005624                executeNewWarehouseTask
 .text.selectTask
                0x0800565c      0x1bc ./Core/Src/tasks.o
                0x0800565c                selectTask
 .text.runCurrentTask
                0x08005818       0xb0 ./Core/Src/tasks.o
                0x08005818                runCurrentTask
 .text.UART_Transmit_Float
                0x080058c8       0x54 ./Core/Src/uartcom.o
                0x080058c8                UART_Transmit_Float
 .text.Reset_Handler
                0x0800591c       0x50 ./Core/Startup/startup_stm32f446retx.o
                0x0800591c                Reset_Handler
 .text.Default_Handler
                0x0800596c        0x2 ./Core/Startup/startup_stm32f446retx.o
                0x0800596c                RTC_Alarm_IRQHandler
                0x0800596c                EXTI2_IRQHandler
                0x0800596c                TIM8_CC_IRQHandler
                0x0800596c                FMPI2C1_EV_IRQHandler
                0x0800596c                SPI4_IRQHandler
                0x0800596c                TIM1_CC_IRQHandler
                0x0800596c                DMA2_Stream5_IRQHandler
                0x0800596c                DMA1_Stream5_IRQHandler
                0x0800596c                PVD_IRQHandler
                0x0800596c                SDIO_IRQHandler
                0x0800596c                TAMP_STAMP_IRQHandler
                0x0800596c                CAN2_RX1_IRQHandler
                0x0800596c                TIM8_TRG_COM_TIM14_IRQHandler
                0x0800596c                TIM1_UP_TIM10_IRQHandler
                0x0800596c                TIM8_UP_TIM13_IRQHandler
                0x0800596c                I2C3_ER_IRQHandler
                0x0800596c                EXTI0_IRQHandler
                0x0800596c                I2C2_EV_IRQHandler
                0x0800596c                DMA1_Stream2_IRQHandler
                0x0800596c                CAN1_RX0_IRQHandler
                0x0800596c                FPU_IRQHandler
                0x0800596c                OTG_HS_WKUP_IRQHandler
                0x0800596c                CAN2_SCE_IRQHandler
                0x0800596c                DMA2_Stream2_IRQHandler
                0x0800596c                SPI1_IRQHandler
                0x0800596c                TIM6_DAC_IRQHandler
                0x0800596c                TIM1_BRK_TIM9_IRQHandler
                0x0800596c                DCMI_IRQHandler
                0x0800596c                CAN2_RX0_IRQHandler
                0x0800596c                DMA2_Stream3_IRQHandler
                0x0800596c                SAI2_IRQHandler
                0x0800596c                USART3_IRQHandler
                0x0800596c                CAN1_RX1_IRQHandler
                0x0800596c                UART5_IRQHandler
                0x0800596c                DMA2_Stream0_IRQHandler
                0x0800596c                TIM4_IRQHandler
                0x0800596c                QUADSPI_IRQHandler
                0x0800596c                I2C1_EV_IRQHandler
                0x0800596c                DMA1_Stream6_IRQHandler
                0x0800596c                DMA1_Stream1_IRQHandler
                0x0800596c                UART4_IRQHandler
                0x0800596c                TIM3_IRQHandler
                0x0800596c                RCC_IRQHandler
                0x0800596c                TIM8_BRK_TIM12_IRQHandler
                0x0800596c                Default_Handler
                0x0800596c                CEC_IRQHandler
                0x0800596c                ADC_IRQHandler
                0x0800596c                DMA1_Stream7_IRQHandler
                0x0800596c                TIM7_IRQHandler
                0x0800596c                CAN2_TX_IRQHandler
                0x0800596c                TIM5_IRQHandler
                0x0800596c                DMA2_Stream7_IRQHandler
                0x0800596c                I2C3_EV_IRQHandler
                0x0800596c                EXTI9_5_IRQHandler
                0x0800596c                RTC_WKUP_IRQHandler
                0x0800596c                SPDIF_RX_IRQHandler
                0x0800596c                SPI2_IRQHandler
                0x0800596c                OTG_HS_EP1_IN_IRQHandler
                0x0800596c                DMA1_Stream0_IRQHandler
                0x0800596c                CAN1_TX_IRQHandler
                0x0800596c                FMPI2C1_ER_IRQHandler
                0x0800596c                EXTI4_IRQHandler
                0x0800596c                OTG_HS_EP1_OUT_IRQHandler
                0x0800596c                WWDG_IRQHandler
                0x0800596c                TIM2_IRQHandler
                0x0800596c                OTG_FS_WKUP_IRQHandler
                0x0800596c                TIM1_TRG_COM_TIM11_IRQHandler
                0x0800596c                OTG_HS_IRQHandler
                0x0800596c                EXTI1_IRQHandler
                0x0800596c                USART2_IRQHandler
                0x0800596c                I2C2_ER_IRQHandler
                0x0800596c                CAN1_SCE_IRQHandler
                0x0800596c                FLASH_IRQHandler
                0x0800596c                DMA2_Stream4_IRQHandler
                0x0800596c                USART1_IRQHandler
                0x0800596c                OTG_FS_IRQHandler
                0x0800596c                SPI3_IRQHandler
                0x0800596c                DMA1_Stream4_IRQHandler
                0x0800596c                I2C1_ER_IRQHandler
                0x0800596c                FMC_IRQHandler
                0x0800596c                DMA2_Stream6_IRQHandler
                0x0800596c                SAI1_IRQHandler
                0x0800596c                DMA1_Stream3_IRQHandler
 *fill*         0x0800596e        0x2 
 .text.Buzzer_On
                0x08005970       0x18 ./Drivers/Buzzer/Src/buzzer.o
                0x08005970                Buzzer_On
 .text.Buzzer_Off
                0x08005988       0x18 ./Drivers/Buzzer/Src/buzzer.o
                0x08005988                Buzzer_Off
 .text.Buzzer_Toggle
                0x080059a0       0x24 ./Drivers/Buzzer/Src/buzzer.o
                0x080059a0                Buzzer_Toggle
 .text.Buzzer_UniquePattern
                0x080059c4       0x66 ./Drivers/Buzzer/Src/buzzer.o
                0x080059c4                Buzzer_UniquePattern
 .text.Buzzer_ErrorPattern
                0x08005a2a       0x8a ./Drivers/Buzzer/Src/buzzer.o
                0x08005a2a                Buzzer_ErrorPattern
 .text.i2c_mux_select
                0x08005ab4       0x28 ./Drivers/PCA9548A/Src/PCA9548A.o
                0x08005ab4                i2c_mux_select
 .text.i2c_mux_select_multi
                0x08005adc       0x80 ./Drivers/PCA9548A/Src/PCA9548A.o
                0x08005adc                i2c_mux_select_multi
 .text.AnalogMux_SelectChannel
                0x08005b5c       0xb8 ./Drivers/PCA9685/Src/analog_mux.o
                0x08005b5c                AnalogMux_SelectChannel
 .text.AnalogMux_ReadADC
                0x08005c14       0x3c ./Drivers/PCA9685/Src/analog_mux.o
                0x08005c14                AnalogMux_ReadADC
 .text.AnalogMux_ReadChannel
                0x08005c50       0x26 ./Drivers/PCA9685/Src/analog_mux.o
                0x08005c50                AnalogMux_ReadChannel
 *fill*         0x08005c76        0x2 
 .text.PCA9685_SetBit
                0x08005c78       0x94 ./Drivers/PCA9685/Src/pca9685.o
                0x08005c78                PCA9685_SetBit
 .text.PCA9685_SetPWMFrequency
                0x08005d0c       0x7c ./Drivers/PCA9685/Src/pca9685.o
                0x08005d0c                PCA9685_SetPWMFrequency
 .text.PCA9685_Init
                0x08005d88       0x24 ./Drivers/PCA9685/Src/pca9685.o
                0x08005d88                PCA9685_Init
 .text.PCA9685_SetPWM
                0x08005dac       0x64 ./Drivers/PCA9685/Src/pca9685.o
                0x08005dac                PCA9685_SetPWM
 .text.PCA9685_SetServoAngle
                0x08005e10       0xbc ./Drivers/PCA9685/Src/pca9685.o
                0x08005e10                PCA9685_SetServoAngle
 .text.Init_Display
                0x08005ecc       0x2c ./Drivers/SSD1306/Src/display.o
                0x08005ecc                Init_Display
 .text.display_big_number
                0x08005ef8       0x40 ./Drivers/SSD1306/Src/display.o
                0x08005ef8                display_big_number
 .text.display_text
                0x08005f38       0x54 ./Drivers/SSD1306/Src/display.o
                0x08005f38                display_text
 .text.display_clear
                0x08005f8c       0x10 ./Drivers/SSD1306/Src/display.o
                0x08005f8c                display_clear
 .text.display_message
                0x08005f9c       0x54 ./Drivers/SSD1306/Src/display.o
                0x08005f9c                display_message
 .text.display_headding
                0x08005ff0       0x1a ./Drivers/SSD1306/Src/display.o
                0x08005ff0                display_headding
 *fill*         0x0800600a        0x2 
 .text.SSD1306_Init
                0x0800600c      0x194 ./Drivers/SSD1306/Src/ssd1306.o
                0x0800600c                SSD1306_Init
 .text.SSD1306_UpdateScreen
                0x080061a0       0x5c ./Drivers/SSD1306/Src/ssd1306.o
                0x080061a0                SSD1306_UpdateScreen
 .text.SSD1306_Fill
                0x080061fc       0x30 ./Drivers/SSD1306/Src/ssd1306.o
                0x080061fc                SSD1306_Fill
 .text.SSD1306_DrawPixel
                0x0800622c       0xc0 ./Drivers/SSD1306/Src/ssd1306.o
                0x0800622c                SSD1306_DrawPixel
 .text.SSD1306_GotoXY
                0x080062ec       0x2c ./Drivers/SSD1306/Src/ssd1306.o
                0x080062ec                SSD1306_GotoXY
 .text.SSD1306_Putc
                0x08006318       0xfc ./Drivers/SSD1306/Src/ssd1306.o
                0x08006318                SSD1306_Putc
 .text.SSD1306_Puts
                0x08006414       0x4a ./Drivers/SSD1306/Src/ssd1306.o
                0x08006414                SSD1306_Puts
 .text.SSD1306_DrawBitmap
                0x0800645e       0xd0 ./Drivers/SSD1306/Src/ssd1306.o
                0x0800645e                SSD1306_DrawBitmap
 .text.SSD1306_Clear
                0x0800652e       0x12 ./Drivers/SSD1306/Src/ssd1306.o
                0x0800652e                SSD1306_Clear
 .text.ssd1306_I2C_Init
                0x08006540       0x34 ./Drivers/SSD1306/Src/ssd1306.o
                0x08006540                ssd1306_I2C_Init
 .text.ssd1306_I2C_WriteMulti
                0x08006574       0xd8 ./Drivers/SSD1306/Src/ssd1306.o
                0x08006574                ssd1306_I2C_WriteMulti
 .text.ssd1306_I2C_Write
                0x0800664c       0x48 ./Drivers/SSD1306/Src/ssd1306.o
                0x0800664c                ssd1306_I2C_Write
 .text.HAL_Init
                0x08006694       0x44 ./Drivers/STM32F4xx_HAL_Driver/Src/stm32f4xx_hal.o
                0x08006694                HAL_Init
 .text.HAL_InitTick
                0x080066d8       0x60 ./Drivers/STM32F4xx_HAL_Driver/Src/stm32f4xx_hal.o
                0x080066d8                HAL_InitTick
 .text.HAL_IncTick
                0x08006738       0x28 ./Drivers/STM32F4xx_HAL_Driver/Src/stm32f4xx_hal.o
                0x08006738                HAL_IncTick
 .text.HAL_GetTick
                0x08006760       0x18 ./Drivers/STM32F4xx_HAL_Driver/Src/stm32f4xx_hal.o
                0x08006760                HAL_GetTick
 .text.HAL_Delay
                0x08006778       0x48 ./Drivers/STM32F4xx_HAL_Driver/Src/stm32f4xx_hal.o
                0x08006778                HAL_Delay
 .text.HAL_ADC_Init
                0x080067c0       0x86 ./Drivers/STM32F4xx_HAL_Driver/Src/stm32f4xx_hal_adc.o
                0x080067c0                HAL_ADC_Init
 *fill*         0x08006846        0x2 
 .text.HAL_ADC_Start
                0x08006848      0x1a4 ./Drivers/STM32F4xx_HAL_Driver/Src/stm32f4xx_hal_adc.o
                0x08006848                HAL_ADC_Start
 .text.HAL_ADC_Stop
                0x080069ec       0x66 ./Drivers/STM32F4xx_HAL_Driver/Src/stm32f4xx_hal_adc.o
                0x080069ec                HAL_ADC_Stop
 .text.HAL_ADC_PollForConversion
                0x08006a52      0x116 ./Drivers/STM32F4xx_HAL_Driver/Src/stm32f4xx_hal_adc.o
                0x08006a52                HAL_ADC_PollForConversion
 .text.HAL_ADC_GetValue
                0x08006b68       0x1a ./Drivers/STM32F4xx_HAL_Driver/Src/stm32f4xx_hal_adc.o
                0x08006b68                HAL_ADC_GetValue
 *fill*         0x08006b82        0x2 
 .text.HAL_ADC_ConfigChannel
                0x08006b84      0x264 ./Drivers/STM32F4xx_HAL_Driver/Src/stm32f4xx_hal_adc.o
                0x08006b84                HAL_ADC_ConfigChannel
 .text.ADC_Init
                0x08006de8      0x1f8 ./Drivers/STM32F4xx_HAL_Driver/Src/stm32f4xx_hal_adc.o
 .text.__NVIC_SetPriorityGrouping
                0x08006fe0       0x48 ./Drivers/STM32F4xx_HAL_Driver/Src/stm32f4xx_hal_cortex.o
 .text.__NVIC_GetPriorityGrouping
                0x08007028       0x1c ./Drivers/STM32F4xx_HAL_Driver/Src/stm32f4xx_hal_cortex.o
 .text.__NVIC_EnableIRQ
                0x08007044       0x3c ./Drivers/STM32F4xx_HAL_Driver/Src/stm32f4xx_hal_cortex.o
 .text.__NVIC_SetPriority
                0x08007080       0x54 ./Drivers/STM32F4xx_HAL_Driver/Src/stm32f4xx_hal_cortex.o
 .text.NVIC_EncodePriority
                0x080070d4       0x66 ./Drivers/STM32F4xx_HAL_Driver/Src/stm32f4xx_hal_cortex.o
 *fill*         0x0800713a        0x2 
 .text.SysTick_Config
                0x0800713c       0x44 ./Drivers/STM32F4xx_HAL_Driver/Src/stm32f4xx_hal_cortex.o
 .text.HAL_NVIC_SetPriorityGrouping
                0x08007180       0x16 ./Drivers/STM32F4xx_HAL_Driver/Src/stm32f4xx_hal_cortex.o
                0x08007180                HAL_NVIC_SetPriorityGrouping
 .text.HAL_NVIC_SetPriority
                0x08007196       0x38 ./Drivers/STM32F4xx_HAL_Driver/Src/stm32f4xx_hal_cortex.o
                0x08007196                HAL_NVIC_SetPriority
 .text.HAL_NVIC_EnableIRQ
                0x080071ce       0x1c ./Drivers/STM32F4xx_HAL_Driver/Src/stm32f4xx_hal_cortex.o
                0x080071ce                HAL_NVIC_EnableIRQ
 .text.HAL_SYSTICK_Config
                0x080071ea       0x18 ./Drivers/STM32F4xx_HAL_Driver/Src/stm32f4xx_hal_cortex.o
                0x080071ea                HAL_SYSTICK_Config
 *fill*         0x08007202        0x2 
 .text.HAL_DMA_Init
                0x08007204      0x15c ./Drivers/STM32F4xx_HAL_Driver/Src/stm32f4xx_hal_dma.o
                0x08007204                HAL_DMA_Init
 .text.HAL_DMA_Abort
                0x08007360       0xe0 ./Drivers/STM32F4xx_HAL_Driver/Src/stm32f4xx_hal_dma.o
                0x08007360                HAL_DMA_Abort
 .text.HAL_DMA_Abort_IT
                0x08007440       0x44 ./Drivers/STM32F4xx_HAL_Driver/Src/stm32f4xx_hal_dma.o
                0x08007440                HAL_DMA_Abort_IT
 .text.HAL_DMA_IRQHandler
                0x08007484      0x314 ./Drivers/STM32F4xx_HAL_Driver/Src/stm32f4xx_hal_dma.o
                0x08007484                HAL_DMA_IRQHandler
 .text.DMA_CalcBaseAndBitshift
                0x08007798       0x6c ./Drivers/STM32F4xx_HAL_Driver/Src/stm32f4xx_hal_dma.o
 .text.DMA_CheckFifoParam
                0x08007804       0xf8 ./Drivers/STM32F4xx_HAL_Driver/Src/stm32f4xx_hal_dma.o
 .text.HAL_GPIO_Init
                0x080078fc      0x328 ./Drivers/STM32F4xx_HAL_Driver/Src/stm32f4xx_hal_gpio.o
                0x080078fc                HAL_GPIO_Init
 .text.HAL_GPIO_WritePin
                0x08007c24       0x32 ./Drivers/STM32F4xx_HAL_Driver/Src/stm32f4xx_hal_gpio.o
                0x08007c24                HAL_GPIO_WritePin
 *fill*         0x08007c56        0x2 
 .text.HAL_GPIO_EXTI_IRQHandler
                0x08007c58       0x30 ./Drivers/STM32F4xx_HAL_Driver/Src/stm32f4xx_hal_gpio.o
                0x08007c58                HAL_GPIO_EXTI_IRQHandler
 .text.HAL_I2C_Init
                0x08007c88      0x288 ./Drivers/STM32F4xx_HAL_Driver/Src/stm32f4xx_hal_i2c.o
                0x08007c88                HAL_I2C_Init
 .text.HAL_I2C_Master_Transmit
                0x08007f10      0x1fc ./Drivers/STM32F4xx_HAL_Driver/Src/stm32f4xx_hal_i2c.o
                0x08007f10                HAL_I2C_Master_Transmit
 .text.HAL_I2C_Master_Receive
                0x0800810c      0x464 ./Drivers/STM32F4xx_HAL_Driver/Src/stm32f4xx_hal_i2c.o
                0x0800810c                HAL_I2C_Master_Receive
 .text.HAL_I2C_Mem_Write
                0x08008570      0x1f4 ./Drivers/STM32F4xx_HAL_Driver/Src/stm32f4xx_hal_i2c.o
                0x08008570                HAL_I2C_Mem_Write
 .text.HAL_I2C_Mem_Read
                0x08008764      0x464 ./Drivers/STM32F4xx_HAL_Driver/Src/stm32f4xx_hal_i2c.o
                0x08008764                HAL_I2C_Mem_Read
 .text.HAL_I2C_IsDeviceReady
                0x08008bc8      0x25c ./Drivers/STM32F4xx_HAL_Driver/Src/stm32f4xx_hal_i2c.o
                0x08008bc8                HAL_I2C_IsDeviceReady
 .text.I2C_MasterRequestWrite
                0x08008e24      0x104 ./Drivers/STM32F4xx_HAL_Driver/Src/stm32f4xx_hal_i2c.o
 .text.I2C_MasterRequestRead
                0x08008f28      0x19c ./Drivers/STM32F4xx_HAL_Driver/Src/stm32f4xx_hal_i2c.o
 .text.I2C_RequestMemoryWrite
                0x080090c4      0x12c ./Drivers/STM32F4xx_HAL_Driver/Src/stm32f4xx_hal_i2c.o
 .text.I2C_RequestMemoryRead
                0x080091f0      0x1d0 ./Drivers/STM32F4xx_HAL_Driver/Src/stm32f4xx_hal_i2c.o
 .text.I2C_WaitOnFlagUntilTimeout
                0x080093c0       0xf4 ./Drivers/STM32F4xx_HAL_Driver/Src/stm32f4xx_hal_i2c.o
 .text.I2C_WaitOnMasterAddressFlagUntilTimeout
                0x080094b4      0x140 ./Drivers/STM32F4xx_HAL_Driver/Src/stm32f4xx_hal_i2c.o
 .text.I2C_WaitOnTXEFlagUntilTimeout
                0x080095f4       0x90 ./Drivers/STM32F4xx_HAL_Driver/Src/stm32f4xx_hal_i2c.o
 .text.I2C_WaitOnBTFFlagUntilTimeout
                0x08009684       0x90 ./Drivers/STM32F4xx_HAL_Driver/Src/stm32f4xx_hal_i2c.o
 .text.I2C_WaitOnRXNEFlagUntilTimeout
                0x08009714       0xba ./Drivers/STM32F4xx_HAL_Driver/Src/stm32f4xx_hal_i2c.o
 .text.I2C_IsAcknowledgeFailed
                0x080097ce       0x5e ./Drivers/STM32F4xx_HAL_Driver/Src/stm32f4xx_hal_i2c.o
 .text.HAL_PWREx_EnableOverDrive
                0x0800982c       0xa0 ./Drivers/STM32F4xx_HAL_Driver/Src/stm32f4xx_hal_pwr_ex.o
                0x0800982c                HAL_PWREx_EnableOverDrive
 .text.HAL_RCC_ClockConfig
                0x080098cc      0x1cc ./Drivers/STM32F4xx_HAL_Driver/Src/stm32f4xx_hal_rcc.o
                0x080098cc                HAL_RCC_ClockConfig
 .text.HAL_RCC_GetHCLKFreq
                0x08009a98       0x18 ./Drivers/STM32F4xx_HAL_Driver/Src/stm32f4xx_hal_rcc.o
                0x08009a98                HAL_RCC_GetHCLKFreq
 .text.HAL_RCC_GetPCLK1Freq
                0x08009ab0       0x28 ./Drivers/STM32F4xx_HAL_Driver/Src/stm32f4xx_hal_rcc.o
                0x08009ab0                HAL_RCC_GetPCLK1Freq
 .text.HAL_RCC_GetPCLK2Freq
                0x08009ad8       0x28 ./Drivers/STM32F4xx_HAL_Driver/Src/stm32f4xx_hal_rcc.o
                0x08009ad8                HAL_RCC_GetPCLK2Freq
 .text.HAL_RCC_GetSysClockFreq
                0x08009b00      0x460 ./Drivers/STM32F4xx_HAL_Driver/Src/stm32f4xx_hal_rcc_ex.o
                0x08009b00                HAL_RCC_GetSysClockFreq
 .text.HAL_RCC_OscConfig
                0x08009f60      0x53c ./Drivers/STM32F4xx_HAL_Driver/Src/stm32f4xx_hal_rcc_ex.o
                0x08009f60                HAL_RCC_OscConfig
 .text.HAL_TIM_PWM_Init
                0x0800a49c       0x9e ./Drivers/STM32F4xx_HAL_Driver/Src/stm32f4xx_hal_tim.o
                0x0800a49c                HAL_TIM_PWM_Init
 *fill*         0x0800a53a        0x2 
 .text.HAL_TIM_PWM_Start
                0x0800a53c      0x190 ./Drivers/STM32F4xx_HAL_Driver/Src/stm32f4xx_hal_tim.o
                0x0800a53c                HAL_TIM_PWM_Start
 .text.HAL_TIM_Encoder_Init
                0x0800a6cc      0x14c ./Drivers/STM32F4xx_HAL_Driver/Src/stm32f4xx_hal_tim.o
                0x0800a6cc                HAL_TIM_Encoder_Init
 .text.HAL_TIM_Encoder_Start
                0x0800a818      0x11c ./Drivers/STM32F4xx_HAL_Driver/Src/stm32f4xx_hal_tim.o
                0x0800a818                HAL_TIM_Encoder_Start
 .text.HAL_TIM_PWM_ConfigChannel
                0x0800a934      0x184 ./Drivers/STM32F4xx_HAL_Driver/Src/stm32f4xx_hal_tim.o
                0x0800a934                HAL_TIM_PWM_ConfigChannel
 .text.TIM_Base_SetConfig
                0x0800aab8      0x158 ./Drivers/STM32F4xx_HAL_Driver/Src/stm32f4xx_hal_tim.o
                0x0800aab8                TIM_Base_SetConfig
 .text.TIM_OC1_SetConfig
                0x0800ac10       0xe0 ./Drivers/STM32F4xx_HAL_Driver/Src/stm32f4xx_hal_tim.o
 .text.TIM_OC2_SetConfig
                0x0800acf0       0xec ./Drivers/STM32F4xx_HAL_Driver/Src/stm32f4xx_hal_tim.o
                0x0800acf0                TIM_OC2_SetConfig
 .text.TIM_OC3_SetConfig
                0x0800addc       0xe8 ./Drivers/STM32F4xx_HAL_Driver/Src/stm32f4xx_hal_tim.o
 .text.TIM_OC4_SetConfig
                0x0800aec4       0xac ./Drivers/STM32F4xx_HAL_Driver/Src/stm32f4xx_hal_tim.o
 .text.TIM_CCxChannelCmd
                0x0800af70       0x4a ./Drivers/STM32F4xx_HAL_Driver/Src/stm32f4xx_hal_tim.o
                0x0800af70                TIM_CCxChannelCmd
 *fill*         0x0800afba        0x2 
 .text.HAL_TIMEx_MasterConfigSynchronization
                0x0800afbc       0xf8 ./Drivers/STM32F4xx_HAL_Driver/Src/stm32f4xx_hal_tim_ex.o
                0x0800afbc                HAL_TIMEx_MasterConfigSynchronization
 .text.HAL_UART_Init
                0x0800b0b4       0xa0 ./Drivers/STM32F4xx_HAL_Driver/Src/stm32f4xx_hal_uart.o
                0x0800b0b4                HAL_UART_Init
 .text.HAL_UART_Transmit
                0x0800b154      0x116 ./Drivers/STM32F4xx_HAL_Driver/Src/stm32f4xx_hal_uart.o
                0x0800b154                HAL_UART_Transmit
 *fill*         0x0800b26a        0x2 
 .text.HAL_UART_IRQHandler
                0x0800b26c      0x524 ./Drivers/STM32F4xx_HAL_Driver/Src/stm32f4xx_hal_uart.o
                0x0800b26c                HAL_UART_IRQHandler
 .text.HAL_UART_TxCpltCallback
                0x0800b790       0x14 ./Drivers/STM32F4xx_HAL_Driver/Src/stm32f4xx_hal_uart.o
                0x0800b790                HAL_UART_TxCpltCallback
 .text.HAL_UART_RxCpltCallback
                0x0800b7a4       0x14 ./Drivers/STM32F4xx_HAL_Driver/Src/stm32f4xx_hal_uart.o
                0x0800b7a4                HAL_UART_RxCpltCallback
 .text.HAL_UART_ErrorCallback
                0x0800b7b8       0x14 ./Drivers/STM32F4xx_HAL_Driver/Src/stm32f4xx_hal_uart.o
                0x0800b7b8                HAL_UART_ErrorCallback
 .text.HAL_UARTEx_RxEventCallback
                0x0800b7cc       0x18 ./Drivers/STM32F4xx_HAL_Driver/Src/stm32f4xx_hal_uart.o
                0x0800b7cc                HAL_UARTEx_RxEventCallback
 .text.UART_WaitOnFlagUntilTimeout
                0x0800b7e4       0xb2 ./Drivers/STM32F4xx_HAL_Driver/Src/stm32f4xx_hal_uart.o
 .text.UART_EndRxTransfer
                0x0800b896       0xc6 ./Drivers/STM32F4xx_HAL_Driver/Src/stm32f4xx_hal_uart.o
 .text.UART_DMAAbortOnError
                0x0800b95c       0x28 ./Drivers/STM32F4xx_HAL_Driver/Src/stm32f4xx_hal_uart.o
 .text.UART_Transmit_IT
                0x0800b984       0xa0 ./Drivers/STM32F4xx_HAL_Driver/Src/stm32f4xx_hal_uart.o
 .text.UART_EndTransmit_IT
                0x0800ba24       0x30 ./Drivers/STM32F4xx_HAL_Driver/Src/stm32f4xx_hal_uart.o
 .text.UART_Receive_IT
                0x0800ba54      0x17c ./Drivers/STM32F4xx_HAL_Driver/Src/stm32f4xx_hal_uart.o
 .text.UART_SetConfig
                0x0800bbd0      0x4e8 ./Drivers/STM32F4xx_HAL_Driver/Src/stm32f4xx_hal_uart.o
 .text.TCS3472_SelectSensor
                0x0800c0b8       0x28 ./Drivers/TCS3472/Src/TCS3472.o
                0x0800c0b8                TCS3472_SelectSensor
 .text.TCS3472_Init
                0x0800c0e0       0x3e ./Drivers/TCS3472/Src/TCS3472.o
                0x0800c0e0                TCS3472_Init
 .text.TCS3472_GetID
                0x0800c11e       0x10 ./Drivers/TCS3472/Src/TCS3472.o
                0x0800c11e                TCS3472_GetID
 .text.TCS3472_Enable
                0x0800c12e       0x1e ./Drivers/TCS3472/Src/TCS3472.o
                0x0800c12e                TCS3472_Enable
 .text.TCS3472_SetIntegrationTime
                0x0800c14c       0x1c ./Drivers/TCS3472/Src/TCS3472.o
                0x0800c14c                TCS3472_SetIntegrationTime
 .text.TCS3472_SetGain
                0x0800c168       0x26 ./Drivers/TCS3472/Src/TCS3472.o
                0x0800c168                TCS3472_SetGain
 .text.TCS3472_GetRGBC
                0x0800c18e       0x60 ./Drivers/TCS3472/Src/TCS3472.o
                0x0800c18e                TCS3472_GetRGBC
 *fill*         0x0800c1ee        0x2 
 .text.TCS3472_DetectLineColor
                0x0800c1f0       0xdc ./Drivers/TCS3472/Src/TCS3472.o
                0x0800c1f0                TCS3472_DetectLineColor
 *fill*         0x0800c2cc        0x4 
 .text.TCS3472_CalibrateColors
                0x0800c2d0      0x4ec ./Drivers/TCS3472/Src/TCS3472.o
                0x0800c2d0                TCS3472_CalibrateColors
 .text.TCS3472_Write
                0x0800c7bc       0x3c ./Drivers/TCS3472/Src/TCS3472.o
                0x0800c7bc                TCS3472_Write
 .text.TCS3472_Read8
                0x0800c7f8       0x48 ./Drivers/TCS3472/Src/TCS3472.o
                0x0800c7f8                TCS3472_Read8
 .text.TCS3472_Read16
                0x0800c840       0x58 ./Drivers/TCS3472/Src/TCS3472.o
                0x0800c840                TCS3472_Read16
 .text.TCS3472_DetectObjectColor
                0x0800c898      0x260 ./Drivers/TCS3472/Src/TCS3472.o
                0x0800c898                TCS3472_DetectObjectColor
 .text.TCS3472_CalibrateObjectColors
                0x0800caf8      0x148 ./Drivers/TCS3472/Src/TCS3472.o
                0x0800caf8                TCS3472_CalibrateObjectColors
 .text.TCS3472_InitAll
                0x0800cc40       0xe4 ./Drivers/TCS3472/Src/TCS3472.o
                0x0800cc40                TCS3472_InitAll
 .text.init_color_sensors
                0x0800cd24       0x16 ./Drivers/TCS3472/Src/TCS3472.o
                0x0800cd24                init_color_sensors
 .text.caliberate_color_sensors
                0x0800cd3a       0x24 ./Drivers/TCS3472/Src/TCS3472.o
                0x0800cd3a                caliberate_color_sensors
 .text.__cvt    0x0800cd5e       0xca C:/ST/STM32CubeIDE_1.15.1/STM32CubeIDE/plugins/com.st.stm32cube.ide.mcu.externaltools.gnu-tools-for-stm32.13.3.rel1.win32_1.0.0.202411081344/tools/bin/../lib/gcc/arm-none-eabi/13.3.1/../../../../arm-none-eabi/lib/thumb/v7e-m+fp/hard\libc_nano.a(libc_a-nano-vfprintf_float.o)
                0x0800cd5e                __cvt
 .text.__exponent
                0x0800ce28       0x74 C:/ST/STM32CubeIDE_1.15.1/STM32CubeIDE/plugins/com.st.stm32cube.ide.mcu.externaltools.gnu-tools-for-stm32.13.3.rel1.win32_1.0.0.202411081344/tools/bin/../lib/gcc/arm-none-eabi/13.3.1/../../../../arm-none-eabi/lib/thumb/v7e-m+fp/hard\libc_nano.a(libc_a-nano-vfprintf_float.o)
                0x0800ce28                __exponent
 .text._printf_float
                0x0800ce9c      0x454 C:/ST/STM32CubeIDE_1.15.1/STM32CubeIDE/plugins/com.st.stm32cube.ide.mcu.externaltools.gnu-tools-for-stm32.13.3.rel1.win32_1.0.0.202411081344/tools/bin/../lib/gcc/arm-none-eabi/13.3.1/../../../../arm-none-eabi/lib/thumb/v7e-m+fp/hard\libc_nano.a(libc_a-nano-vfprintf_float.o)
                0x0800ce9c                _printf_float
 .text._printf_common
                0x0800d2f0       0xda C:/ST/STM32CubeIDE_1.15.1/STM32CubeIDE/plugins/com.st.stm32cube.ide.mcu.externaltools.gnu-tools-for-stm32.13.3.rel1.win32_1.0.0.202411081344/tools/bin/../lib/gcc/arm-none-eabi/13.3.1/../../../../arm-none-eabi/lib/thumb/v7e-m+fp/hard\libc_nano.a(libc_a-nano-vfprintf_i.o)
                0x0800d2f0                _printf_common
 *fill*         0x0800d3ca        0x2 
 .text._printf_i
                0x0800d3cc      0x23c C:/ST/STM32CubeIDE_1.15.1/STM32CubeIDE/plugins/com.st.stm32cube.ide.mcu.externaltools.gnu-tools-for-stm32.13.3.rel1.win32_1.0.0.202411081344/tools/bin/../lib/gcc/arm-none-eabi/13.3.1/../../../../arm-none-eabi/lib/thumb/v7e-m+fp/hard\libc_nano.a(libc_a-nano-vfprintf_i.o)
                0x0800d3cc                _printf_i
 .text.std      0x0800d608       0x6c C:/ST/STM32CubeIDE_1.15.1/STM32CubeIDE/plugins/com.st.stm32cube.ide.mcu.externaltools.gnu-tools-for-stm32.13.3.rel1.win32_1.0.0.202411081344/tools/bin/../lib/gcc/arm-none-eabi/13.3.1/../../../../arm-none-eabi/lib/thumb/v7e-m+fp/hard\libc_nano.a(libc_a-findfp.o)
 .text.stdio_exit_handler
                0x0800d674       0x18 C:/ST/STM32CubeIDE_1.15.1/STM32CubeIDE/plugins/com.st.stm32cube.ide.mcu.externaltools.gnu-tools-for-stm32.13.3.rel1.win32_1.0.0.202411081344/tools/bin/../lib/gcc/arm-none-eabi/13.3.1/../../../../arm-none-eabi/lib/thumb/v7e-m+fp/hard\libc_nano.a(libc_a-findfp.o)
 .text.cleanup_stdio
                0x0800d68c       0x40 C:/ST/STM32CubeIDE_1.15.1/STM32CubeIDE/plugins/com.st.stm32cube.ide.mcu.externaltools.gnu-tools-for-stm32.13.3.rel1.win32_1.0.0.202411081344/tools/bin/../lib/gcc/arm-none-eabi/13.3.1/../../../../arm-none-eabi/lib/thumb/v7e-m+fp/hard\libc_nano.a(libc_a-findfp.o)
 .text.global_stdio_init.part.0
                0x0800d6cc       0x3c C:/ST/STM32CubeIDE_1.15.1/STM32CubeIDE/plugins/com.st.stm32cube.ide.mcu.externaltools.gnu-tools-for-stm32.13.3.rel1.win32_1.0.0.202411081344/tools/bin/../lib/gcc/arm-none-eabi/13.3.1/../../../../arm-none-eabi/lib/thumb/v7e-m+fp/hard\libc_nano.a(libc_a-findfp.o)
 .text.__sfp_lock_acquire
                0x0800d708        0xc C:/ST/STM32CubeIDE_1.15.1/STM32CubeIDE/plugins/com.st.stm32cube.ide.mcu.externaltools.gnu-tools-for-stm32.13.3.rel1.win32_1.0.0.202411081344/tools/bin/../lib/gcc/arm-none-eabi/13.3.1/../../../../arm-none-eabi/lib/thumb/v7e-m+fp/hard\libc_nano.a(libc_a-findfp.o)
                0x0800d708                __sfp_lock_acquire
 .text.__sfp_lock_release
                0x0800d714        0xc C:/ST/STM32CubeIDE_1.15.1/STM32CubeIDE/plugins/com.st.stm32cube.ide.mcu.externaltools.gnu-tools-for-stm32.13.3.rel1.win32_1.0.0.202411081344/tools/bin/../lib/gcc/arm-none-eabi/13.3.1/../../../../arm-none-eabi/lib/thumb/v7e-m+fp/hard\libc_nano.a(libc_a-findfp.o)
                0x0800d714                __sfp_lock_release
 .text.__sinit  0x0800d720       0x30 C:/ST/STM32CubeIDE_1.15.1/STM32CubeIDE/plugins/com.st.stm32cube.ide.mcu.externaltools.gnu-tools-for-stm32.13.3.rel1.win32_1.0.0.202411081344/tools/bin/../lib/gcc/arm-none-eabi/13.3.1/../../../../arm-none-eabi/lib/thumb/v7e-m+fp/hard\libc_nano.a(libc_a-findfp.o)
                0x0800d720                __sinit
 .text._fwalk_sglue
                0x0800d750       0x3c C:/ST/STM32CubeIDE_1.15.1/STM32CubeIDE/plugins/com.st.stm32cube.ide.mcu.externaltools.gnu-tools-for-stm32.13.3.rel1.win32_1.0.0.202411081344/tools/bin/../lib/gcc/arm-none-eabi/13.3.1/../../../../arm-none-eabi/lib/thumb/v7e-m+fp/hard\libc_nano.a(libc_a-fwalk.o)
                0x0800d750                _fwalk_sglue
 .text.snprintf
                0x0800d78c       0x6c C:/ST/STM32CubeIDE_1.15.1/STM32CubeIDE/plugins/com.st.stm32cube.ide.mcu.externaltools.gnu-tools-for-stm32.13.3.rel1.win32_1.0.0.202411081344/tools/bin/../lib/gcc/arm-none-eabi/13.3.1/../../../../arm-none-eabi/lib/thumb/v7e-m+fp/hard\libc_nano.a(libc_a-snprintf.o)
                0x0800d78c                sniprintf
                0x0800d78c                snprintf
 .text.sprintf  0x0800d7f8       0x44 C:/ST/STM32CubeIDE_1.15.1/STM32CubeIDE/plugins/com.st.stm32cube.ide.mcu.externaltools.gnu-tools-for-stm32.13.3.rel1.win32_1.0.0.202411081344/tools/bin/../lib/gcc/arm-none-eabi/13.3.1/../../../../arm-none-eabi/lib/thumb/v7e-m+fp/hard\libc_nano.a(libc_a-sprintf.o)
                0x0800d7f8                siprintf
                0x0800d7f8                sprintf
 .text.__sread  0x0800d83c       0x22 C:/ST/STM32CubeIDE_1.15.1/STM32CubeIDE/plugins/com.st.stm32cube.ide.mcu.externaltools.gnu-tools-for-stm32.13.3.rel1.win32_1.0.0.202411081344/tools/bin/../lib/gcc/arm-none-eabi/13.3.1/../../../../arm-none-eabi/lib/thumb/v7e-m+fp/hard\libc_nano.a(libc_a-stdio.o)
                0x0800d83c                __sread
 .text.__swrite
                0x0800d85e       0x38 C:/ST/STM32CubeIDE_1.15.1/STM32CubeIDE/plugins/com.st.stm32cube.ide.mcu.externaltools.gnu-tools-for-stm32.13.3.rel1.win32_1.0.0.202411081344/tools/bin/../lib/gcc/arm-none-eabi/13.3.1/../../../../arm-none-eabi/lib/thumb/v7e-m+fp/hard\libc_nano.a(libc_a-stdio.o)
                0x0800d85e                __swrite
 .text.__sseek  0x0800d896       0x24 C:/ST/STM32CubeIDE_1.15.1/STM32CubeIDE/plugins/com.st.stm32cube.ide.mcu.externaltools.gnu-tools-for-stm32.13.3.rel1.win32_1.0.0.202411081344/tools/bin/../lib/gcc/arm-none-eabi/13.3.1/../../../../arm-none-eabi/lib/thumb/v7e-m+fp/hard\libc_nano.a(libc_a-stdio.o)
                0x0800d896                __sseek
 .text.__sclose
                0x0800d8ba        0x8 C:/ST/STM32CubeIDE_1.15.1/STM32CubeIDE/plugins/com.st.stm32cube.ide.mcu.externaltools.gnu-tools-for-stm32.13.3.rel1.win32_1.0.0.202411081344/tools/bin/../lib/gcc/arm-none-eabi/13.3.1/../../../../arm-none-eabi/lib/thumb/v7e-m+fp/hard\libc_nano.a(libc_a-stdio.o)
                0x0800d8ba                __sclose
 .text.memset   0x0800d8c2       0x10 C:/ST/STM32CubeIDE_1.15.1/STM32CubeIDE/plugins/com.st.stm32cube.ide.mcu.externaltools.gnu-tools-for-stm32.13.3.rel1.win32_1.0.0.202411081344/tools/bin/../lib/gcc/arm-none-eabi/13.3.1/../../../../arm-none-eabi/lib/thumb/v7e-m+fp/hard\libc_nano.a(libc_a-memset.o)
                0x0800d8c2                memset
 .text.strncpy  0x0800d8d2       0x26 C:/ST/STM32CubeIDE_1.15.1/STM32CubeIDE/plugins/com.st.stm32cube.ide.mcu.externaltools.gnu-tools-for-stm32.13.3.rel1.win32_1.0.0.202411081344/tools/bin/../lib/gcc/arm-none-eabi/13.3.1/../../../../arm-none-eabi/lib/thumb/v7e-m+fp/hard\libc_nano.a(libc_a-strncpy.o)
                0x0800d8d2                strncpy
 .text._localeconv_r
                0x0800d8f8        0x8 C:/ST/STM32CubeIDE_1.15.1/STM32CubeIDE/plugins/com.st.stm32cube.ide.mcu.externaltools.gnu-tools-for-stm32.13.3.rel1.win32_1.0.0.202411081344/tools/bin/../lib/gcc/arm-none-eabi/13.3.1/../../../../arm-none-eabi/lib/thumb/v7e-m+fp/hard\libc_nano.a(libc_a-localeconv.o)
                0x0800d8f8                _localeconv_r
 .text._close_r
                0x0800d900       0x20 C:/ST/STM32CubeIDE_1.15.1/STM32CubeIDE/plugins/com.st.stm32cube.ide.mcu.externaltools.gnu-tools-for-stm32.13.3.rel1.win32_1.0.0.202411081344/tools/bin/../lib/gcc/arm-none-eabi/13.3.1/../../../../arm-none-eabi/lib/thumb/v7e-m+fp/hard\libc_nano.a(libc_a-closer.o)
                0x0800d900                _close_r
 .text._lseek_r
                0x0800d920       0x24 C:/ST/STM32CubeIDE_1.15.1/STM32CubeIDE/plugins/com.st.stm32cube.ide.mcu.externaltools.gnu-tools-for-stm32.13.3.rel1.win32_1.0.0.202411081344/tools/bin/../lib/gcc/arm-none-eabi/13.3.1/../../../../arm-none-eabi/lib/thumb/v7e-m+fp/hard\libc_nano.a(libc_a-lseekr.o)
                0x0800d920                _lseek_r
 .text._read_r  0x0800d944       0x24 C:/ST/STM32CubeIDE_1.15.1/STM32CubeIDE/plugins/com.st.stm32cube.ide.mcu.externaltools.gnu-tools-for-stm32.13.3.rel1.win32_1.0.0.202411081344/tools/bin/../lib/gcc/arm-none-eabi/13.3.1/../../../../arm-none-eabi/lib/thumb/v7e-m+fp/hard\libc_nano.a(libc_a-readr.o)
                0x0800d944                _read_r
 .text._write_r
                0x0800d968       0x24 C:/ST/STM32CubeIDE_1.15.1/STM32CubeIDE/plugins/com.st.stm32cube.ide.mcu.externaltools.gnu-tools-for-stm32.13.3.rel1.win32_1.0.0.202411081344/tools/bin/../lib/gcc/arm-none-eabi/13.3.1/../../../../arm-none-eabi/lib/thumb/v7e-m+fp/hard\libc_nano.a(libc_a-writer.o)
                0x0800d968                _write_r
 .text.__errno  0x0800d98c        0xc C:/ST/STM32CubeIDE_1.15.1/STM32CubeIDE/plugins/com.st.stm32cube.ide.mcu.externaltools.gnu-tools-for-stm32.13.3.rel1.win32_1.0.0.202411081344/tools/bin/../lib/gcc/arm-none-eabi/13.3.1/../../../../arm-none-eabi/lib/thumb/v7e-m+fp/hard\libc_nano.a(libc_a-errno.o)
                0x0800d98c                __errno
 .text.__libc_init_array
                0x0800d998       0x48 C:/ST/STM32CubeIDE_1.15.1/STM32CubeIDE/plugins/com.st.stm32cube.ide.mcu.externaltools.gnu-tools-for-stm32.13.3.rel1.win32_1.0.0.202411081344/tools/bin/../lib/gcc/arm-none-eabi/13.3.1/../../../../arm-none-eabi/lib/thumb/v7e-m+fp/hard\libc_nano.a(libc_a-init.o)
                0x0800d998                __libc_init_array
 .text.__retarget_lock_init_recursive
                0x0800d9e0        0x2 C:/ST/STM32CubeIDE_1.15.1/STM32CubeIDE/plugins/com.st.stm32cube.ide.mcu.externaltools.gnu-tools-for-stm32.13.3.rel1.win32_1.0.0.202411081344/tools/bin/../lib/gcc/arm-none-eabi/13.3.1/../../../../arm-none-eabi/lib/thumb/v7e-m+fp/hard\libc_nano.a(libc_a-lock.o)
                0x0800d9e0                __retarget_lock_init_recursive
 .text.__retarget_lock_acquire_recursive
                0x0800d9e2        0x2 C:/ST/STM32CubeIDE_1.15.1/STM32CubeIDE/plugins/com.st.stm32cube.ide.mcu.externaltools.gnu-tools-for-stm32.13.3.rel1.win32_1.0.0.202411081344/tools/bin/../lib/gcc/arm-none-eabi/13.3.1/../../../../arm-none-eabi/lib/thumb/v7e-m+fp/hard\libc_nano.a(libc_a-lock.o)
                0x0800d9e2                __retarget_lock_acquire_recursive
 .text.__retarget_lock_release_recursive
                0x0800d9e4        0x2 C:/ST/STM32CubeIDE_1.15.1/STM32CubeIDE/plugins/com.st.stm32cube.ide.mcu.externaltools.gnu-tools-for-stm32.13.3.rel1.win32_1.0.0.202411081344/tools/bin/../lib/gcc/arm-none-eabi/13.3.1/../../../../arm-none-eabi/lib/thumb/v7e-m+fp/hard\libc_nano.a(libc_a-lock.o)
                0x0800d9e4                __retarget_lock_release_recursive
 .text.memcpy   0x0800d9e6       0x1c C:/ST/STM32CubeIDE_1.15.1/STM32CubeIDE/plugins/com.st.stm32cube.ide.mcu.externaltools.gnu-tools-for-stm32.13.3.rel1.win32_1.0.0.202411081344/tools/bin/../lib/gcc/arm-none-eabi/13.3.1/../../../../arm-none-eabi/lib/thumb/v7e-m+fp/hard\libc_nano.a(libc_a-memcpy-stub.o)
                0x0800d9e6                memcpy
 .text.quorem   0x0800da02      0x110 C:/ST/STM32CubeIDE_1.15.1/STM32CubeIDE/plugins/com.st.stm32cube.ide.mcu.externaltools.gnu-tools-for-stm32.13.3.rel1.win32_1.0.0.202411081344/tools/bin/../lib/gcc/arm-none-eabi/13.3.1/../../../../arm-none-eabi/lib/thumb/v7e-m+fp/hard\libc_nano.a(libc_a-dtoa.o)
 *fill*         0x0800db12        0x6 
 .text._dtoa_r  0x0800db18      0xba0 C:/ST/STM32CubeIDE_1.15.1/STM32CubeIDE/plugins/com.st.stm32cube.ide.mcu.externaltools.gnu-tools-for-stm32.13.3.rel1.win32_1.0.0.202411081344/tools/bin/../lib/gcc/arm-none-eabi/13.3.1/../../../../arm-none-eabi/lib/thumb/v7e-m+fp/hard\libc_nano.a(libc_a-dtoa.o)
                0x0800db18                _dtoa_r
 .text._free_r  0x0800e6b8       0x94 C:/ST/STM32CubeIDE_1.15.1/STM32CubeIDE/plugins/com.st.stm32cube.ide.mcu.externaltools.gnu-tools-for-stm32.13.3.rel1.win32_1.0.0.202411081344/tools/bin/../lib/gcc/arm-none-eabi/13.3.1/../../../../arm-none-eabi/lib/thumb/v7e-m+fp/hard\libc_nano.a(libc_a-freer.o)
                0x0800e6b8                _free_r
 .text.malloc   0x0800e74c       0x10 C:/ST/STM32CubeIDE_1.15.1/STM32CubeIDE/plugins/com.st.stm32cube.ide.mcu.externaltools.gnu-tools-for-stm32.13.3.rel1.win32_1.0.0.202411081344/tools/bin/../lib/gcc/arm-none-eabi/13.3.1/../../../../arm-none-eabi/lib/thumb/v7e-m+fp/hard\libc_nano.a(libc_a-malloc.o)
                0x0800e74c                malloc
 .text.sbrk_aligned
                0x0800e75c       0x44 C:/ST/STM32CubeIDE_1.15.1/STM32CubeIDE/plugins/com.st.stm32cube.ide.mcu.externaltools.gnu-tools-for-stm32.13.3.rel1.win32_1.0.0.202411081344/tools/bin/../lib/gcc/arm-none-eabi/13.3.1/../../../../arm-none-eabi/lib/thumb/v7e-m+fp/hard\libc_nano.a(libc_a-mallocr.o)
 .text._malloc_r
                0x0800e7a0      0x100 C:/ST/STM32CubeIDE_1.15.1/STM32CubeIDE/plugins/com.st.stm32cube.ide.mcu.externaltools.gnu-tools-for-stm32.13.3.rel1.win32_1.0.0.202411081344/tools/bin/../lib/gcc/arm-none-eabi/13.3.1/../../../../arm-none-eabi/lib/thumb/v7e-m+fp/hard\libc_nano.a(libc_a-mallocr.o)
                0x0800e7a0                _malloc_r
 .text.__malloc_lock
                0x0800e8a0        0xc C:/ST/STM32CubeIDE_1.15.1/STM32CubeIDE/plugins/com.st.stm32cube.ide.mcu.externaltools.gnu-tools-for-stm32.13.3.rel1.win32_1.0.0.202411081344/tools/bin/../lib/gcc/arm-none-eabi/13.3.1/../../../../arm-none-eabi/lib/thumb/v7e-m+fp/hard\libc_nano.a(libc_a-mlock.o)
                0x0800e8a0                __malloc_lock
 .text.__malloc_unlock
                0x0800e8ac        0xc C:/ST/STM32CubeIDE_1.15.1/STM32CubeIDE/plugins/com.st.stm32cube.ide.mcu.externaltools.gnu-tools-for-stm32.13.3.rel1.win32_1.0.0.202411081344/tools/bin/../lib/gcc/arm-none-eabi/13.3.1/../../../../arm-none-eabi/lib/thumb/v7e-m+fp/hard\libc_nano.a(libc_a-mlock.o)
                0x0800e8ac                __malloc_unlock
 .text._Balloc  0x0800e8b8       0x80 C:/ST/STM32CubeIDE_1.15.1/STM32CubeIDE/plugins/com.st.stm32cube.ide.mcu.externaltools.gnu-tools-for-stm32.13.3.rel1.win32_1.0.0.202411081344/tools/bin/../lib/gcc/arm-none-eabi/13.3.1/../../../../arm-none-eabi/lib/thumb/v7e-m+fp/hard\libc_nano.a(libc_a-mprec.o)
                0x0800e8b8                _Balloc
 .text._Bfree   0x0800e938       0x44 C:/ST/STM32CubeIDE_1.15.1/STM32CubeIDE/plugins/com.st.stm32cube.ide.mcu.externaltools.gnu-tools-for-stm32.13.3.rel1.win32_1.0.0.202411081344/tools/bin/../lib/gcc/arm-none-eabi/13.3.1/../../../../arm-none-eabi/lib/thumb/v7e-m+fp/hard\libc_nano.a(libc_a-mprec.o)
                0x0800e938                _Bfree
 .text.__multadd
                0x0800e97c       0x8c C:/ST/STM32CubeIDE_1.15.1/STM32CubeIDE/plugins/com.st.stm32cube.ide.mcu.externaltools.gnu-tools-for-stm32.13.3.rel1.win32_1.0.0.202411081344/tools/bin/../lib/gcc/arm-none-eabi/13.3.1/../../../../arm-none-eabi/lib/thumb/v7e-m+fp/hard\libc_nano.a(libc_a-mprec.o)
                0x0800e97c                __multadd
 .text.__hi0bits
                0x0800ea08       0x3e C:/ST/STM32CubeIDE_1.15.1/STM32CubeIDE/plugins/com.st.stm32cube.ide.mcu.externaltools.gnu-tools-for-stm32.13.3.rel1.win32_1.0.0.202411081344/tools/bin/../lib/gcc/arm-none-eabi/13.3.1/../../../../arm-none-eabi/lib/thumb/v7e-m+fp/hard\libc_nano.a(libc_a-mprec.o)
                0x0800ea08                __hi0bits
 .text.__lo0bits
                0x0800ea46       0x5a C:/ST/STM32CubeIDE_1.15.1/STM32CubeIDE/plugins/com.st.stm32cube.ide.mcu.externaltools.gnu-tools-for-stm32.13.3.rel1.win32_1.0.0.202411081344/tools/bin/../lib/gcc/arm-none-eabi/13.3.1/../../../../arm-none-eabi/lib/thumb/v7e-m+fp/hard\libc_nano.a(libc_a-mprec.o)
                0x0800ea46                __lo0bits
 .text.__i2b    0x0800eaa0       0x2c C:/ST/STM32CubeIDE_1.15.1/STM32CubeIDE/plugins/com.st.stm32cube.ide.mcu.externaltools.gnu-tools-for-stm32.13.3.rel1.win32_1.0.0.202411081344/tools/bin/../lib/gcc/arm-none-eabi/13.3.1/../../../../arm-none-eabi/lib/thumb/v7e-m+fp/hard\libc_nano.a(libc_a-mprec.o)
                0x0800eaa0                __i2b
 .text.__multiply
                0x0800eacc      0x144 C:/ST/STM32CubeIDE_1.15.1/STM32CubeIDE/plugins/com.st.stm32cube.ide.mcu.externaltools.gnu-tools-for-stm32.13.3.rel1.win32_1.0.0.202411081344/tools/bin/../lib/gcc/arm-none-eabi/13.3.1/../../../../arm-none-eabi/lib/thumb/v7e-m+fp/hard\libc_nano.a(libc_a-mprec.o)
                0x0800eacc                __multiply
 .text.__pow5mult
                0x0800ec10       0xb4 C:/ST/STM32CubeIDE_1.15.1/STM32CubeIDE/plugins/com.st.stm32cube.ide.mcu.externaltools.gnu-tools-for-stm32.13.3.rel1.win32_1.0.0.202411081344/tools/bin/../lib/gcc/arm-none-eabi/13.3.1/../../../../arm-none-eabi/lib/thumb/v7e-m+fp/hard\libc_nano.a(libc_a-mprec.o)
                0x0800ec10                __pow5mult
 .text.__lshift
                0x0800ecc4       0xd8 C:/ST/STM32CubeIDE_1.15.1/STM32CubeIDE/plugins/com.st.stm32cube.ide.mcu.externaltools.gnu-tools-for-stm32.13.3.rel1.win32_1.0.0.202411081344/tools/bin/../lib/gcc/arm-none-eabi/13.3.1/../../../../arm-none-eabi/lib/thumb/v7e-m+fp/hard\libc_nano.a(libc_a-mprec.o)
                0x0800ecc4                __lshift
 .text.__mcmp   0x0800ed9c       0x36 C:/ST/STM32CubeIDE_1.15.1/STM32CubeIDE/plugins/com.st.stm32cube.ide.mcu.externaltools.gnu-tools-for-stm32.13.3.rel1.win32_1.0.0.202411081344/tools/bin/../lib/gcc/arm-none-eabi/13.3.1/../../../../arm-none-eabi/lib/thumb/v7e-m+fp/hard\libc_nano.a(libc_a-mprec.o)
                0x0800ed9c                __mcmp
 *fill*         0x0800edd2        0x2 
 .text.__mdiff  0x0800edd4      0x128 C:/ST/STM32CubeIDE_1.15.1/STM32CubeIDE/plugins/com.st.stm32cube.ide.mcu.externaltools.gnu-tools-for-stm32.13.3.rel1.win32_1.0.0.202411081344/tools/bin/../lib/gcc/arm-none-eabi/13.3.1/../../../../arm-none-eabi/lib/thumb/v7e-m+fp/hard\libc_nano.a(libc_a-mprec.o)
                0x0800edd4                __mdiff
 .text.__d2b    0x0800eefc       0xb0 C:/ST/STM32CubeIDE_1.15.1/STM32CubeIDE/plugins/com.st.stm32cube.ide.mcu.externaltools.gnu-tools-for-stm32.13.3.rel1.win32_1.0.0.202411081344/tools/bin/../lib/gcc/arm-none-eabi/13.3.1/../../../../arm-none-eabi/lib/thumb/v7e-m+fp/hard\libc_nano.a(libc_a-mprec.o)
                0x0800eefc                __d2b
 .text.__ssputs_r
                0x0800efac       0xb6 C:/ST/STM32CubeIDE_1.15.1/STM32CubeIDE/plugins/com.st.stm32cube.ide.mcu.externaltools.gnu-tools-for-stm32.13.3.rel1.win32_1.0.0.202411081344/tools/bin/../lib/gcc/arm-none-eabi/13.3.1/../../../../arm-none-eabi/lib/thumb/v7e-m+fp/hard\libc_nano.a(libc_a-nano-svfprintf.o)
                0x0800efac                __ssputs_r
 *fill*         0x0800f062        0x2 
 .text._svfprintf_r
                0x0800f064      0x1f8 C:/ST/STM32CubeIDE_1.15.1/STM32CubeIDE/plugins/com.st.stm32cube.ide.mcu.externaltools.gnu-tools-for-stm32.13.3.rel1.win32_1.0.0.202411081344/tools/bin/../lib/gcc/arm-none-eabi/13.3.1/../../../../arm-none-eabi/lib/thumb/v7e-m+fp/hard\libc_nano.a(libc_a-nano-svfprintf.o)
                0x0800f064                _svfiprintf_r
                0x0800f064                _svfprintf_r
 .text.__sflush_r
                0x0800f25c      0x108 C:/ST/STM32CubeIDE_1.15.1/STM32CubeIDE/plugins/com.st.stm32cube.ide.mcu.externaltools.gnu-tools-for-stm32.13.3.rel1.win32_1.0.0.202411081344/tools/bin/../lib/gcc/arm-none-eabi/13.3.1/../../../../arm-none-eabi/lib/thumb/v7e-m+fp/hard\libc_nano.a(libc_a-fflush.o)
                0x0800f25c                __sflush_r
 .text._fflush_r
                0x0800f364       0x50 C:/ST/STM32CubeIDE_1.15.1/STM32CubeIDE/plugins/com.st.stm32cube.ide.mcu.externaltools.gnu-tools-for-stm32.13.3.rel1.win32_1.0.0.202411081344/tools/bin/../lib/gcc/arm-none-eabi/13.3.1/../../../../arm-none-eabi/lib/thumb/v7e-m+fp/hard\libc_nano.a(libc_a-fflush.o)
                0x0800f364                _fflush_r
 .text.memmove  0x0800f3b4       0x34 C:/ST/STM32CubeIDE_1.15.1/STM32CubeIDE/plugins/com.st.stm32cube.ide.mcu.externaltools.gnu-tools-for-stm32.13.3.rel1.win32_1.0.0.202411081344/tools/bin/../lib/gcc/arm-none-eabi/13.3.1/../../../../arm-none-eabi/lib/thumb/v7e-m+fp/hard\libc_nano.a(libc_a-memmove.o)
                0x0800f3b4                memmove
 .text._sbrk_r  0x0800f3e8       0x20 C:/ST/STM32CubeIDE_1.15.1/STM32CubeIDE/plugins/com.st.stm32cube.ide.mcu.externaltools.gnu-tools-for-stm32.13.3.rel1.win32_1.0.0.202411081344/tools/bin/../lib/gcc/arm-none-eabi/13.3.1/../../../../arm-none-eabi/lib/thumb/v7e-m+fp/hard\libc_nano.a(libc_a-sbrkr.o)
                0x0800f3e8                _sbrk_r
 .text.__assert_func
                0x0800f408       0x3c C:/ST/STM32CubeIDE_1.15.1/STM32CubeIDE/plugins/com.st.stm32cube.ide.mcu.externaltools.gnu-tools-for-stm32.13.3.rel1.win32_1.0.0.202411081344/tools/bin/../lib/gcc/arm-none-eabi/13.3.1/../../../../arm-none-eabi/lib/thumb/v7e-m+fp/hard\libc_nano.a(libc_a-assert.o)
                0x0800f408                __assert_func
 .text._calloc_r
                0x0800f444       0x28 C:/ST/STM32CubeIDE_1.15.1/STM32CubeIDE/plugins/com.st.stm32cube.ide.mcu.externaltools.gnu-tools-for-stm32.13.3.rel1.win32_1.0.0.202411081344/tools/bin/../lib/gcc/arm-none-eabi/13.3.1/../../../../arm-none-eabi/lib/thumb/v7e-m+fp/hard\libc_nano.a(libc_a-callocr.o)
                0x0800f444                _calloc_r
 .text.__ascii_mbtowc
                0x0800f46c       0x24 C:/ST/STM32CubeIDE_1.15.1/STM32CubeIDE/plugins/com.st.stm32cube.ide.mcu.externaltools.gnu-tools-for-stm32.13.3.rel1.win32_1.0.0.202411081344/tools/bin/../lib/gcc/arm-none-eabi/13.3.1/../../../../arm-none-eabi/lib/thumb/v7e-m+fp/hard\libc_nano.a(libc_a-mbtowc_r.o)
                0x0800f46c                __ascii_mbtowc
 .text._realloc_r
                0x0800f490       0x5c C:/ST/STM32CubeIDE_1.15.1/STM32CubeIDE/plugins/com.st.stm32cube.ide.mcu.externaltools.gnu-tools-for-stm32.13.3.rel1.win32_1.0.0.202411081344/tools/bin/../lib/gcc/arm-none-eabi/13.3.1/../../../../arm-none-eabi/lib/thumb/v7e-m+fp/hard\libc_nano.a(libc_a-reallocr.o)
                0x0800f490                _realloc_r
 .text.__ascii_wctomb
                0x0800f4ec       0x1a C:/ST/STM32CubeIDE_1.15.1/STM32CubeIDE/plugins/com.st.stm32cube.ide.mcu.externaltools.gnu-tools-for-stm32.13.3.rel1.win32_1.0.0.202411081344/tools/bin/../lib/gcc/arm-none-eabi/13.3.1/../../../../arm-none-eabi/lib/thumb/v7e-m+fp/hard\libc_nano.a(libc_a-wctomb_r.o)
                0x0800f4ec                __ascii_wctomb
 *fill*         0x0800f506        0x2 
 .text.fprintf  0x0800f508       0x24 C:/ST/STM32CubeIDE_1.15.1/STM32CubeIDE/plugins/com.st.stm32cube.ide.mcu.externaltools.gnu-tools-for-stm32.13.3.rel1.win32_1.0.0.202411081344/tools/bin/../lib/gcc/arm-none-eabi/13.3.1/../../../../arm-none-eabi/lib/thumb/v7e-m+fp/hard\libc_nano.a(libc_a-fprintf.o)
                0x0800f508                fiprintf
                0x0800f508                fprintf
 .text.abort    0x0800f52c        0xe C:/ST/STM32CubeIDE_1.15.1/STM32CubeIDE/plugins/com.st.stm32cube.ide.mcu.externaltools.gnu-tools-for-stm32.13.3.rel1.win32_1.0.0.202411081344/tools/bin/../lib/gcc/arm-none-eabi/13.3.1/../../../../arm-none-eabi/lib/thumb/v7e-m+fp/hard\libc_nano.a(libc_a-abort.o)
                0x0800f52c                abort
 .text._malloc_usable_size_r
                0x0800f53a       0x10 C:/ST/STM32CubeIDE_1.15.1/STM32CubeIDE/plugins/com.st.stm32cube.ide.mcu.externaltools.gnu-tools-for-stm32.13.3.rel1.win32_1.0.0.202411081344/tools/bin/../lib/gcc/arm-none-eabi/13.3.1/../../../../arm-none-eabi/lib/thumb/v7e-m+fp/hard\libc_nano.a(libc_a-msizer.o)
                0x0800f53a                _malloc_usable_size_r
 .text.__sfputc_r
                0x0800f54a       0x2e C:/ST/STM32CubeIDE_1.15.1/STM32CubeIDE/plugins/com.st.stm32cube.ide.mcu.externaltools.gnu-tools-for-stm32.13.3.rel1.win32_1.0.0.202411081344/tools/bin/../lib/gcc/arm-none-eabi/13.3.1/../../../../arm-none-eabi/lib/thumb/v7e-m+fp/hard\libc_nano.a(libc_a-nano-vfprintf.o)
 .text.__sfputs_r
                0x0800f578       0x24 C:/ST/STM32CubeIDE_1.15.1/STM32CubeIDE/plugins/com.st.stm32cube.ide.mcu.externaltools.gnu-tools-for-stm32.13.3.rel1.win32_1.0.0.202411081344/tools/bin/../lib/gcc/arm-none-eabi/13.3.1/../../../../arm-none-eabi/lib/thumb/v7e-m+fp/hard\libc_nano.a(libc_a-nano-vfprintf.o)
                0x0800f578                __sfputs_r
 .text._vfprintf_r
                0x0800f59c      0x230 C:/ST/STM32CubeIDE_1.15.1/STM32CubeIDE/plugins/com.st.stm32cube.ide.mcu.externaltools.gnu-tools-for-stm32.13.3.rel1.win32_1.0.0.202411081344/tools/bin/../lib/gcc/arm-none-eabi/13.3.1/../../../../arm-none-eabi/lib/thumb/v7e-m+fp/hard\libc_nano.a(libc_a-nano-vfprintf.o)
                0x0800f59c                _vfprintf_r
                0x0800f59c                _vfiprintf_r
 .text.__swbuf_r
                0x0800f7cc       0x7c C:/ST/STM32CubeIDE_1.15.1/STM32CubeIDE/plugins/com.st.stm32cube.ide.mcu.externaltools.gnu-tools-for-stm32.13.3.rel1.win32_1.0.0.202411081344/tools/bin/../lib/gcc/arm-none-eabi/13.3.1/../../../../arm-none-eabi/lib/thumb/v7e-m+fp/hard\libc_nano.a(libc_a-wbuf.o)
                0x0800f7cc                __swbuf_r
 .text.__swsetup_r
                0x0800f848       0xac C:/ST/STM32CubeIDE_1.15.1/STM32CubeIDE/plugins/com.st.stm32cube.ide.mcu.externaltools.gnu-tools-for-stm32.13.3.rel1.win32_1.0.0.202411081344/tools/bin/../lib/gcc/arm-none-eabi/13.3.1/../../../../arm-none-eabi/lib/thumb/v7e-m+fp/hard\libc_nano.a(libc_a-wsetup.o)
                0x0800f848                __swsetup_r
 .text._raise_r
                0x0800f8f4       0x50 C:/ST/STM32CubeIDE_1.15.1/STM32CubeIDE/plugins/com.st.stm32cube.ide.mcu.externaltools.gnu-tools-for-stm32.13.3.rel1.win32_1.0.0.202411081344/tools/bin/../lib/gcc/arm-none-eabi/13.3.1/../../../../arm-none-eabi/lib/thumb/v7e-m+fp/hard\libc_nano.a(libc_a-signal.o)
                0x0800f8f4                _raise_r
 .text.raise    0x0800f944       0x10 C:/ST/STM32CubeIDE_1.15.1/STM32CubeIDE/plugins/com.st.stm32cube.ide.mcu.externaltools.gnu-tools-for-stm32.13.3.rel1.win32_1.0.0.202411081344/tools/bin/../lib/gcc/arm-none-eabi/13.3.1/../../../../arm-none-eabi/lib/thumb/v7e-m+fp/hard\libc_nano.a(libc_a-signal.o)
                0x0800f944                raise
 .text._kill_r  0x0800f954       0x24 C:/ST/STM32CubeIDE_1.15.1/STM32CubeIDE/plugins/com.st.stm32cube.ide.mcu.externaltools.gnu-tools-for-stm32.13.3.rel1.win32_1.0.0.202411081344/tools/bin/../lib/gcc/arm-none-eabi/13.3.1/../../../../arm-none-eabi/lib/thumb/v7e-m+fp/hard\libc_nano.a(libc_a-signalr.o)
                0x0800f954                _kill_r
 .text._getpid_r
                0x0800f978        0x4 C:/ST/STM32CubeIDE_1.15.1/STM32CubeIDE/plugins/com.st.stm32cube.ide.mcu.externaltools.gnu-tools-for-stm32.13.3.rel1.win32_1.0.0.202411081344/tools/bin/../lib/gcc/arm-none-eabi/13.3.1/../../../../arm-none-eabi/lib/thumb/v7e-m+fp/hard\libc_nano.a(libc_a-signalr.o)
                0x0800f978                _getpid_r
 .text.__swhatbuf_r
                0x0800f97c       0x4c C:/ST/STM32CubeIDE_1.15.1/STM32CubeIDE/plugins/com.st.stm32cube.ide.mcu.externaltools.gnu-tools-for-stm32.13.3.rel1.win32_1.0.0.202411081344/tools/bin/../lib/gcc/arm-none-eabi/13.3.1/../../../../arm-none-eabi/lib/thumb/v7e-m+fp/hard\libc_nano.a(libc_a-makebuf.o)
                0x0800f97c                __swhatbuf_r
 .text.__smakebuf_r
                0x0800f9c8       0x78 C:/ST/STM32CubeIDE_1.15.1/STM32CubeIDE/plugins/com.st.stm32cube.ide.mcu.externaltools.gnu-tools-for-stm32.13.3.rel1.win32_1.0.0.202411081344/tools/bin/../lib/gcc/arm-none-eabi/13.3.1/../../../../arm-none-eabi/lib/thumb/v7e-m+fp/hard\libc_nano.a(libc_a-makebuf.o)
                0x0800f9c8                __smakebuf_r
 .text._fstat_r
                0x0800fa40       0x24 C:/ST/STM32CubeIDE_1.15.1/STM32CubeIDE/plugins/com.st.stm32cube.ide.mcu.externaltools.gnu-tools-for-stm32.13.3.rel1.win32_1.0.0.202411081344/tools/bin/../lib/gcc/arm-none-eabi/13.3.1/../../../../arm-none-eabi/lib/thumb/v7e-m+fp/hard\libc_nano.a(libc_a-fstatr.o)
                0x0800fa40                _fstat_r
 .text._isatty_r
                0x0800fa64       0x20 C:/ST/STM32CubeIDE_1.15.1/STM32CubeIDE/plugins/com.st.stm32cube.ide.mcu.externaltools.gnu-tools-for-stm32.13.3.rel1.win32_1.0.0.202411081344/tools/bin/../lib/gcc/arm-none-eabi/13.3.1/../../../../arm-none-eabi/lib/thumb/v7e-m+fp/hard\libc_nano.a(libc_a-isattyr.o)
                0x0800fa64                _isatty_r
 .text.fmaxf    0x0800fa84       0x3a C:/ST/STM32CubeIDE_1.15.1/STM32CubeIDE/plugins/com.st.stm32cube.ide.mcu.externaltools.gnu-tools-for-stm32.13.3.rel1.win32_1.0.0.202411081344/tools/bin/../lib/gcc/arm-none-eabi/13.3.1/../../../../arm-none-eabi/lib/thumb/v7e-m+fp/hard\libm.a(libm_a-sf_fmax.o)
                0x0800fa84                fmaxf
 .text.fminf    0x0800fabe       0x3a C:/ST/STM32CubeIDE_1.15.1/STM32CubeIDE/plugins/com.st.stm32cube.ide.mcu.externaltools.gnu-tools-for-stm32.13.3.rel1.win32_1.0.0.202411081344/tools/bin/../lib/gcc/arm-none-eabi/13.3.1/../../../../arm-none-eabi/lib/thumb/v7e-m+fp/hard\libm.a(libm_a-sf_fmin.o)
                0x0800fabe                fminf
 .text.__fpclassifyf
                0x0800faf8       0x38 C:/ST/STM32CubeIDE_1.15.1/STM32CubeIDE/plugins/com.st.stm32cube.ide.mcu.externaltools.gnu-tools-for-stm32.13.3.rel1.win32_1.0.0.202411081344/tools/bin/../lib/gcc/arm-none-eabi/13.3.1/../../../../arm-none-eabi/lib/thumb/v7e-m+fp/hard\libm.a(libm_a-sf_fpclassify.o)
                0x0800faf8                __fpclassifyf
 .text.round    0x0800fb30       0x8c C:/ST/STM32CubeIDE_1.15.1/STM32CubeIDE/plugins/com.st.stm32cube.ide.mcu.externaltools.gnu-tools-for-stm32.13.3.rel1.win32_1.0.0.202411081344/tools/bin/../lib/gcc/arm-none-eabi/13.3.1/../../../../arm-none-eabi/lib/thumb/v7e-m+fp/hard\libm.a(libm_a-s_round.o)
                0x0800fb30                round
 *(.glue_7)
 .glue_7        0x0800fbbc        0x0 linker stubs
 *(.glue_7t)
 .glue_7t       0x0800fbbc        0x0 linker stubs