../Drivers/SSD1306/Src/ssd1306.c:53:9:SSD1306_Init	16	static
../Drivers/SSD1306/Src/ssd1306.c:141:6:SSD1306_UpdateScreen	16	static
../Drivers/SSD1306/Src/ssd1306.c:154:6:SSD1306_ToggleInvert	16	static
../Drivers/SSD1306/Src/ssd1306.c:166:6:SSD1306_Fill	16	static
../Drivers/SSD1306/Src/ssd1306.c:171:6:SSD1306_DrawPixel	16	static
../Drivers/SSD1306/Src/ssd1306.c:193:6:SSD1306_GotoXY	16	static
../Drivers/SSD1306/Src/ssd1306.c:199:6:SSD1306_Putc	32	static
../Drivers/SSD1306/Src/ssd1306.c:230:6:SSD1306_Puts	24	static
../Drivers/SSD1306/Src/ssd1306.c:248:6:SSD1306_DrawLine	40	static
../Drivers/SSD1306/Src/ssd1306.c:332:6:SSD1306_DrawRectangle	32	static
../Drivers/SSD1306/Src/ssd1306.c:357:6:SSD1306_DrawFilledRectangle	40	static
../Drivers/SSD1306/Src/ssd1306.c:384:6:SSD1306_DrawTriangle	32	static
../Drivers/SSD1306/Src/ssd1306.c:392:6:SSD1306_DrawFilledTriangle	64	static
../Drivers/SSD1306/Src/ssd1306.c:448:6:SSD1306_DrawCircle	40	static
../Drivers/SSD1306/Src/ssd1306.c:482:6:SSD1306_DrawFilledCircle	48	static
../Drivers/SSD1306/Src/ssd1306.c:514:6:SSD1306_ScrollRight	16	static
../Drivers/SSD1306/Src/ssd1306.c:527:6:SSD1306_ScrollLeft	16	static
../Drivers/SSD1306/Src/ssd1306.c:540:6:SSD1306_Scrolldiagright	16	static
../Drivers/SSD1306/Src/ssd1306.c:556:6:SSD1306_Scrolldiagleft	16	static
../Drivers/SSD1306/Src/ssd1306.c:572:6:SSD1306_Stopscroll	8	static
../Drivers/SSD1306/Src/ssd1306.c:579:6:SSD1306_InvertDisplay	16	static
../Drivers/SSD1306/Src/ssd1306.c:588:6:SSD1306_DrawBitmap	32	static
../Drivers/SSD1306/Src/ssd1306.c:611:6:SSD1306_Clear	8	static
../Drivers/SSD1306/Src/ssd1306.c:616:6:SSD1306_ON	8	static
../Drivers/SSD1306/Src/ssd1306.c:621:6:SSD1306_OFF	8	static
../Drivers/SSD1306/Src/ssd1306.c:637:6:ssd1306_I2C_Init	16	static
../Drivers/SSD1306/Src/ssd1306.c:650:6:ssd1306_I2C_WriteMulti	296	static
../Drivers/SSD1306/Src/ssd1306.c:661:6:ssd1306_I2C_Write	32	static
