../Core/Src/arm_controller.c:28:5:Arm_Init	8	static
../Core/Src/arm_controller.c:69:5:Arm_MoveServoGradually	40	static
../Core/Src/arm_controller.c:121:5:Arm_MoveServo	16	static
../Core/Src/arm_controller.c:137:5:Arm_MoveToPosition	96	static
../Core/Src/arm_controller.c:211:5:Arm_MoveTo	24	static
../Core/Src/arm_controller.c:221:5:Arm_Home	8	static
../Core/Src/arm_controller.c:227:6:pickup_and_Store	8	static
../Core/Src/arm_controller.c:255:6:retrive_and_drop	8	static
../Core/Src/arm_controller.c:267:6:return_home	8	static
../Core/Src/arm_controller.c:276:6:turn_on_air_pump	8	static
../Core/Src/arm_controller.c:280:6:turn_off_air_pump	8	static
