../Core/Src/arm_controller.c:29:5:Arm_Init	8	static
../Core/Src/arm_controller.c:70:5:Arm_MoveServoGradually	40	static
../Core/Src/arm_controller.c:123:5:Arm_MoveServo	16	static
../Core/Src/arm_controller.c:139:5:Arm_MoveToPosition	96	static
../Core/Src/arm_controller.c:213:5:Arm_MoveTo	24	static
../Core/Src/arm_controller.c:223:5:Arm_Home	8	static
../Core/Src/arm_controller.c:229:6:pickup_and_Store	4	static
../Core/Src/arm_controller.c:259:6:retrive_and_drop	4	static
../Core/Src/arm_controller.c:308:6:return_home	8	static
../Core/Src/arm_controller.c:316:6:Arm_color_calibration_position	8	static
