../Core/Src/main.c:211:9:TCS3472_Init	16	static
../Core/Src/main.c:235:9:TCS3472_GetID	8	static
../Core/Src/main.c:241:6:TCS3472_Enable	8	static
../Core/Src/main.c:252:6:TCS3472_Disable	16	static
../Core/Src/main.c:262:6:TCS3472_SetIntegrationTime	16	static
../Core/Src/main.c:269:6:TCS3472_SetGain	16	static
../Core/Src/main.c:279:6:TCS3472_GetRGBC	24	static
../Core/Src/main.c:292:6:TCS3472_Write	32	static
../Core/Src/main.c:302:9:TCS3472_Read8	32	static
../Core/Src/main.c:314:10:TCS3472_Read16	32	static
../Core/Src/main.c:351:5:main	208	static
../Core/Src/main.c:729:6:SystemClock_Config	88	static
../Core/Src/main.c:784:13:MX_ADC1_Init	24	static
../Core/Src/main.c:836:13:MX_I2C1_Init	8	static
../Core/Src/main.c:870:13:MX_I2C2_Init	8	static
../Core/Src/main.c:904:13:MX_TIM1_Init	56	static
../Core/Src/main.c:954:13:MX_TIM2_Init	56	static
../Core/Src/main.c:1003:13:MX_TIM3_Init	48	static
../Core/Src/main.c:1064:13:MX_USART2_UART_Init	8	static
../Core/Src/main.c:1097:13:MX_USART3_UART_Init	8	static
../Core/Src/main.c:1130:13:MX_USART6_UART_Init	8	static
../Core/Src/main.c:1161:13:MX_DMA_Init	16	static
../Core/Src/main.c:1179:13:MX_GPIO_Init	48	static
../Core/Src/main.c:1262:6:Error_Handler	4	static,ignoring_inline_asm
