../Core/Src/main.c:147:5:main	16	static
../Core/Src/main.c:367:6:SystemClock_Config	88	static
../Core/Src/main.c:422:13:MX_ADC1_Init	24	static
../Core/Src/main.c:474:13:MX_I2C1_Init	8	static
../Core/Src/main.c:508:13:MX_I2C2_Init	8	static
../Core/Src/main.c:542:13:MX_TIM1_Init	56	static
../Core/Src/main.c:592:13:MX_TIM2_Init	56	static
../Core/Src/main.c:641:13:MX_TIM3_Init	48	static
../Core/Src/main.c:702:13:MX_USART2_UART_Init	8	static
../Core/Src/main.c:735:13:MX_USART3_UART_Init	8	static
../Core/Src/main.c:768:13:MX_USART6_UART_Init	8	static
../Core/Src/main.c:799:13:MX_DMA_Init	16	static
../Core/Src/main.c:817:13:MX_GPIO_Init	48	static
../Core/Src/main.c:883:6:Error_Handler	4	static,ignoring_inline_asm
