../Core/Src/main.c:161:5:main	16	static
../Core/Src/main.c:482:6:SystemClock_Config	88	static
../Core/Src/main.c:537:13:MX_ADC1_Init	24	static
../Core/Src/main.c:589:13:MX_I2C1_Init	8	static
../Core/Src/main.c:623:13:MX_I2C2_Init	8	static
../Core/Src/main.c:657:13:MX_TIM1_Init	56	static
../Core/Src/main.c:707:13:MX_TIM2_Init	56	static
../Core/Src/main.c:756:13:MX_TIM3_Init	48	static
../Core/Src/main.c:817:13:MX_USART2_UART_Init	8	static
../Core/Src/main.c:850:13:MX_USART3_UART_Init	8	static
../Core/Src/main.c:883:13:MX_USART6_UART_Init	8	static
../Core/Src/main.c:914:13:MX_DMA_Init	16	static
../Core/Src/main.c:932:13:MX_GPIO_Init	48	static
../Core/Src/main.c:1018:6:Error_Handler	4	static,ignoring_inline_asm
