../Core/Src/main.c:107:6:ReadAllSensors	24	static
../Core/Src/main.c:116:6:ReadSelectedSensors	40	static
../Core/Src/main.c:128:6:UART_Transmit	16	static
../Core/Src/main.c:134:6:HAL_UART_RxCpltCallback	16	static
../Core/Src/main.c:149:5:main	24	static
../Core/Src/main.c:285:6:SystemClock_Config	88	static
../Core/Src/main.c:340:13:MX_ADC1_Init	24	static
../Core/Src/main.c:392:13:MX_I2C1_Init	8	static
../Core/Src/main.c:426:13:MX_I2C2_Init	8	static
../Core/Src/main.c:460:13:MX_TIM1_Init	56	static
../Core/Src/main.c:510:13:MX_TIM2_Init	56	static
../Core/Src/main.c:559:13:MX_TIM3_Init	48	static
../Core/Src/main.c:620:13:MX_USART2_UART_Init	8	static
../Core/Src/main.c:653:13:MX_USART3_UART_Init	8	static
../Core/Src/main.c:686:13:MX_USART6_UART_Init	8	static
../Core/Src/main.c:717:13:MX_DMA_Init	16	static
../Core/Src/main.c:735:13:MX_GPIO_Init	48	static
../Core/Src/main.c:795:6:Error_Handler	4	static,ignoring_inline_asm
