../Core/Src/main.c:123:6:ReadAllSensors	24	static
../Core/Src/main.c:132:6:ReadSelectedSensors	40	static
../Core/Src/main.c:165:5:main	32	static
../Core/Src/main.c:334:6:SystemClock_Config	88	static
../Core/Src/main.c:389:13:MX_ADC1_Init	24	static
../Core/Src/main.c:441:13:MX_I2C1_Init	8	static
../Core/Src/main.c:475:13:MX_I2C2_Init	8	static
../Core/Src/main.c:509:13:MX_TIM1_Init	56	static
../Core/Src/main.c:559:13:MX_TIM2_Init	56	static
../Core/Src/main.c:608:13:MX_TIM3_Init	48	static
../Core/Src/main.c:669:13:MX_USART2_UART_Init	8	static
../Core/Src/main.c:702:13:MX_USART3_UART_Init	8	static
../Core/Src/main.c:735:13:MX_USART6_UART_Init	8	static
../Core/Src/main.c:766:13:MX_DMA_Init	16	static
../Core/Src/main.c:784:13:MX_GPIO_Init	48	static
../Core/Src/main.c:850:6:Error_Handler	4	static,ignoring_inline_asm
