../Core/Src/main.c:244:9:TCS3472_Init	16	static
../Core/Src/main.c:268:9:TCS3472_GetID	8	static
../Core/Src/main.c:274:6:TCS3472_Enable	8	static
../Core/Src/main.c:285:6:TCS3472_Disable	16	static
../Core/Src/main.c:295:6:TCS3472_SetIntegrationTime	16	static
../Core/Src/main.c:302:6:TCS3472_SetGain	16	static
../Core/Src/main.c:312:6:TCS3472_GetRGBC	24	static
../Core/Src/main.c:325:9:TCS3472_DetectLineColor	24	static
../Core/Src/main.c:361:6:TCS3472_CalibrateColors	208	static
../Core/Src/main.c:468:6:TCS3472_Write	32	static
../Core/Src/main.c:478:9:TCS3472_Read8	32	static
../Core/Src/main.c:490:10:TCS3472_Read16	32	static
../Core/Src/main.c:528:5:main	224	static
../Core/Src/main.c:953:6:SystemClock_Config	88	static
../Core/Src/main.c:1008:13:MX_ADC1_Init	24	static
../Core/Src/main.c:1060:13:MX_I2C1_Init	8	static
../Core/Src/main.c:1094:13:MX_I2C2_Init	8	static
../Core/Src/main.c:1128:13:MX_TIM1_Init	56	static
../Core/Src/main.c:1178:13:MX_TIM2_Init	56	static
../Core/Src/main.c:1227:13:MX_TIM3_Init	48	static
../Core/Src/main.c:1288:13:MX_USART2_UART_Init	8	static
../Core/Src/main.c:1321:13:MX_USART3_UART_Init	8	static
../Core/Src/main.c:1354:13:MX_USART6_UART_Init	8	static
../Core/Src/main.c:1385:13:MX_DMA_Init	16	static
../Core/Src/main.c:1403:13:MX_GPIO_Init	48	static
../Core/Src/main.c:1486:6:Error_Handler	4	static,ignoring_inline_asm
