../Core/Src/main.c:287:6:TCS3472_SelectSensor	16	static
../Core/Src/main.c:298:9:TCS3472_Init	16	static
../Core/Src/main.c:322:9:TCS3472_GetID	8	static
../Core/Src/main.c:328:6:TCS3472_Enable	8	static
../Core/Src/main.c:339:6:TCS3472_Disable	16	static
../Core/Src/main.c:349:6:TCS3472_SetIntegrationTime	16	static
../Core/Src/main.c:356:6:TCS3472_SetGain	16	static
../Core/Src/main.c:366:6:TCS3472_GetRGBC	24	static
../Core/Src/main.c:379:9:TCS3472_DetectLineColor	24	static
../Core/Src/main.c:415:6:TCS3472_CalibrateColors	208	static
../Core/Src/main.c:522:6:TCS3472_Write	32	static
../Core/Src/main.c:532:9:TCS3472_Read8	32	static
../Core/Src/main.c:544:10:TCS3472_Read16	32	static
../Core/Src/main.c:559:9:TCS3472_DetectObjectColor	32	static
../Core/Src/main.c:621:6:TCS3472_CalibrateObjectColors	144	static
../Core/Src/main.c:652:9:TCS3472_InitAll	112	static
../Core/Src/main.c:683:6:TCS3472_DualSensorExample	184	static
../Core/Src/main.c:773:5:main	24	static
../Core/Src/main.c:1213:6:SystemClock_Config	88	static
../Core/Src/main.c:1268:13:MX_ADC1_Init	24	static
../Core/Src/main.c:1320:13:MX_I2C1_Init	8	static
../Core/Src/main.c:1354:13:MX_I2C2_Init	8	static
../Core/Src/main.c:1388:13:MX_TIM1_Init	56	static
../Core/Src/main.c:1438:13:MX_TIM2_Init	56	static
../Core/Src/main.c:1487:13:MX_TIM3_Init	48	static
../Core/Src/main.c:1548:13:MX_USART2_UART_Init	8	static
../Core/Src/main.c:1581:13:MX_USART3_UART_Init	8	static
../Core/Src/main.c:1614:13:MX_USART6_UART_Init	8	static
../Core/Src/main.c:1645:13:MX_DMA_Init	16	static
../Core/Src/main.c:1663:13:MX_GPIO_Init	48	static
../Core/Src/main.c:1746:6:Error_Handler	4	static,ignoring_inline_asm
