../Core/Src/motion.c:10:6:Motion_Init	32	static
../Core/Src/motion.c:16:6:Motion_ResetDriveSystem	16	static
../Core/Src/motion.c:26:6:Motion_Stop	16	static
../Core/Src/motion.c:30:6:Motion_DisableDrive	16	static
../Core/Src/motion.c:34:7:Motion_Position	16	static
../Core/Src/motion.c:38:7:Motion_Velocity	16	static
../Core/Src/motion.c:42:7:Motion_Acceleration	16	static
../Core/Src/motion.c:46:6:Motion_SetTargetVelocity	16	static
../Core/Src/motion.c:50:7:Motion_Angle	16	static
../Core/Src/motion.c:54:7:Motion_Omega	16	static
../Core/Src/motion.c:58:7:Motion_Alpha	16	static
../Core/Src/motion.c:63:6:Motion_StartMove	32	static
../Core/Src/motion.c:67:9:Motion_MoveFinished	16	static
../Core/Src/motion.c:72:6:Motion_Move	32	static
../Core/Src/motion.c:76:6:Motion_StartTurn	24	static
../Core/Src/motion.c:80:9:Motion_TurnFinished	16	static
../Core/Src/motion.c:85:6:Motion_Turn	24	static
../Core/Src/motion.c:90:6:Motion_SetPosition	16	static
../Core/Src/motion.c:94:6:Motion_AdjustForwardPosition	16	static
../Core/Src/motion.c:98:6:Motion_Turn_	32	static
../Core/Src/motion.c:102:6:Motion_Update	16	static
../Core/Src/motion.c:113:6:Motion_SpinTurn	24	static
../Core/Src/motion.c:137:6:Motion_StopAt	40	static
../Core/Src/motion.c:155:6:Motion_StopAfter	32	static
../Core/Src/motion.c:165:6:Motion_WaitUntilPosition	16	static
../Core/Src/motion.c:177:6:Motion_WaitUntilDistance	24	static
