../Core/Src/robot.c:44:6:HandleLineColorDetection	24	static
../Core/Src/robot.c:105:7:GetLineColor	16	static
../Core/Src/robot.c:136:7:GetBallColor	8	static
../Core/Src/robot.c:155:14:Robot_LineFollowUntillJunction	8	static
../Core/Src/robot.c:170:14:Robot_LineFollowUntillJunctionAndNotStop	8	static
../Core/Src/robot.c:189:6:Robot_FollowLineGivenDistance	16	static
../Core/Src/robot.c:197:6:Robot_FollowLineGivenDistanceandNotStop	16	static
../Core/Src/robot.c:205:14:Robot_MoveForwardUntillLine	8	static
../Core/Src/robot.c:220:6:Robot_MoveForwardGivenDistance	16	static
../Core/Src/robot.c:226:6:Robot_MoveReverseGivenDistanceSLOW	16	static
../Core/Src/robot.c:232:6:Robot_MoveForwardGivenDistanceSLOW	16	static
../Core/Src/robot.c:238:6:Robot_MoveReverseGivenDistance	16	static
../Core/Src/robot.c:244:6:Robot_TurnRight90Inplace	8	static
../Core/Src/robot.c:252:6:robot_TurnRight180Inplace	8	static
../Core/Src/robot.c:260:6:Robot_TurnRightInplace	16	static
../Core/Src/robot.c:268:6:Robot_TurnLeft90Inplace	8	static
../Core/Src/robot.c:277:6:Robot_TurnLeftInplace	16	static
../Core/Src/robot.c:287:7:Robot_moveForwardUntillFrontWall	16	static
../Core/Src/robot.c:306:6:Robot_adjust_using_front_wall	8	static
../Core/Src/robot.c:317:5:Robot_moveForwardUntillBox	24	static
../Core/Src/robot.c:339:9:Robot_read_Barcode	32	static
