../Core/Src/robot.c:31:6:HandleLineDetection	24	static
../Core/Src/robot.c:53:6:HandleGridPosition	24	static
../Core/Src/robot.c:67:6:HandleColorDetection	24	static
../Core/Src/robot.c:88:6:HandleLineColorDetection	16	static
../Core/Src/robot.c:100:11:RPI_GetLineColor	16	static
../Core/Src/robot.c:122:11:RPI_GetBallColor	16	static
../Core/Src/robot.c:148:14:Robot_LineFollowUntillJunction	8	static
../Core/Src/robot.c:163:14:Robot_LineFollowUntillJunctionAndNotStop	8	static
../Core/Src/robot.c:182:6:Robot_FollowLineGivenDistance	16	static
../Core/Src/robot.c:190:6:Robot_FollowLineGivenDistanceandNotStop	16	static
../Core/Src/robot.c:198:14:Robot_MoveForwardUntillLine	8	static
../Core/Src/robot.c:213:6:Robot_MoveForwardGivenDistance	16	static
../Core/Src/robot.c:219:6:Robot_TurnRight90Inplace	8	static
../Core/Src/robot.c:227:6:Robot_TurnLeft90Inplace	8	static
