../Core/Src/robot.c:35:6:HandleLineColorDetection	24	static
../Core/Src/robot.c:96:7:GetLineColor	16	static
../Core/Src/robot.c:104:7:GetBallColor	16	static
../Core/Src/robot.c:148:14:Robot_LineFollowUntillJunction	8	static
../Core/Src/robot.c:163:14:Robot_LineFollowUntillJunctionAndNotStop	8	static
../Core/Src/robot.c:182:6:Robot_FollowLineGivenDistance	16	static
../Core/Src/robot.c:190:6:Robot_FollowLineGivenDistanceandNotStop	16	static
../Core/Src/robot.c:198:14:Robot_MoveForwardUntillLine	8	static
../Core/Src/robot.c:213:6:Robot_MoveForwardGivenDistance	16	static
../Core/Src/robot.c:219:6:Robot_MoveReverseGivenDistance	16	static
../Core/Src/robot.c:225:6:Robot_TurnRight90Inplace	8	static
../Core/Src/robot.c:233:6:robot_TurnRight180Inplace	8	static
../Core/Src/robot.c:241:6:Robot_TurnLeft90Inplace	8	static
../Core/Src/robot.c:251:7:Robot_moveForwardUntillFrontWall	8	static
