../Core/Src/robot.c:32:6:HandleLineDetection	24	static
../Core/Src/robot.c:54:6:HandleGridPosition	24	static
../Core/Src/robot.c:68:6:HandleColorDetection	24	static
../Core/Src/robot.c:86:6:HandleLineColorDetection	24	static
../Core/Src/robot.c:107:11:RPI_GetLineColor	4	static
../Core/Src/robot.c:138:11:RPI_GetBallColor	16	static
../Core/Src/robot.c:164:14:Robot_LineFollowUntillJunction	8	static
../Core/Src/robot.c:179:14:Robot_LineFollowUntillJunctionAndNotStop	8	static
../Core/Src/robot.c:198:6:Robot_FollowLineGivenDistance	16	static
../Core/Src/robot.c:206:6:Robot_FollowLineGivenDistanceandNotStop	16	static
../Core/Src/robot.c:214:14:Robot_MoveForwardUntillLine	8	static
../Core/Src/robot.c:229:6:Robot_MoveForwardGivenDistance	16	static
../Core/Src/robot.c:235:6:Robot_TurnRight90Inplace	8	static
../Core/Src/robot.c:243:6:Robot_TurnLeft90Inplace	8	static
