../Core/Src/robot.c:41:6:HandleLineColorDetection	24	static
../Core/Src/robot.c:102:7:GetLineColor	16	static
../Core/Src/robot.c:133:7:GetBallColor	8	static
../Core/Src/robot.c:152:14:Robot_LineFollowUntillJunction	8	static
../Core/Src/robot.c:167:14:Robot_LineFollowUntillJunctionAndNotStop	8	static
../Core/Src/robot.c:186:6:Robot_FollowLineGivenDistance	16	static
../Core/Src/robot.c:194:6:Robot_FollowLineGivenDistanceandNotStop	16	static
../Core/Src/robot.c:202:14:Robot_MoveForwardUntillLine	8	static
../Core/Src/robot.c:217:6:Robot_MoveForwardGivenDistance	16	static
../Core/Src/robot.c:223:6:Robot_MoveReverseGivenDistanceSLOW	16	static
../Core/Src/robot.c:229:6:Robot_MoveForwardGivenDistanceSLOW	16	static
../Core/Src/robot.c:235:6:Robot_MoveReverseGivenDistance	16	static
../Core/Src/robot.c:241:6:Robot_TurnRight90Inplace	8	static
../Core/Src/robot.c:249:6:robot_TurnRight180Inplace	8	static
../Core/Src/robot.c:257:6:Robot_TurnRightInplace	16	static
../Core/Src/robot.c:265:6:Robot_TurnLeft90Inplace	8	static
../Core/Src/robot.c:274:6:Robot_TurnLeftInplace	16	static
../Core/Src/robot.c:284:7:Robot_moveForwardUntillFrontWall	16	static
../Core/Src/robot.c:303:6:Robot_adjust_using_front_wall	8	static
../Core/Src/robot.c:314:5:Robot_moveForwardUntillBox	24	static
../Core/Src/robot.c:335:9:Robot_read_Barcode	32	static
