../Core/Src/robot.c:39:6:HandleLineDetection	24	static
../Core/Src/robot.c:61:6:HandleGridPosition	24	static
../Core/Src/robot.c:75:6:HandleColorDetection	16	static
../Core/Src/robot.c:96:6:HandleLineColorDetection	24	static
../Core/Src/robot.c:130:11:RPI_GetLineColor	4	static
../Core/Src/robot.c:180:11:RPI_GetBallColor	8	static
../Core/Src/robot.c:201:14:Robot_LineFollowUntillJunction	8	static
../Core/Src/robot.c:216:14:Robot_LineFollowUntillJunctionAndNotStop	8	static
../Core/Src/robot.c:235:6:Robot_FollowLineGivenDistance	16	static
../Core/Src/robot.c:243:6:Robot_FollowLineGivenDistanceandNotStop	16	static
../Core/Src/robot.c:251:14:Robot_MoveForwardUntillLine	8	static
../Core/Src/robot.c:266:6:Robot_MoveForwardGivenDistance	16	static
../Core/Src/robot.c:272:6:Robot_MoveReverseGivenDistance	16	static
../Core/Src/robot.c:278:6:Robot_TurnRight90Inplace	8	static
../Core/Src/robot.c:286:6:Robot_TurnLeft90Inplace	8	static
