../Core/Src/robot.c:38:6:HandleLineDetection	24	static
../Core/Src/robot.c:60:6:HandleGridPosition	24	static
../Core/Src/robot.c:74:6:HandleColorDetection	16	static
../Core/Src/robot.c:95:6:HandleLineColorDetection	24	static
../Core/Src/robot.c:129:11:RPI_GetLineColor	4	static
../Core/Src/robot.c:179:11:RPI_GetBallColor	4	static
../Core/Src/robot.c:190:14:Robot_LineFollowUntillJunction	8	static
../Core/Src/robot.c:205:14:Robot_LineFollowUntillJunctionAndNotStop	8	static
../Core/Src/robot.c:224:6:Robot_FollowLineGivenDistance	16	static
../Core/Src/robot.c:232:6:Robot_FollowLineGivenDistanceandNotStop	16	static
../Core/Src/robot.c:240:14:Robot_MoveForwardUntillLine	8	static
../Core/Src/robot.c:255:6:Robot_MoveForwardGivenDistance	16	static
../Core/Src/robot.c:261:6:Robot_MoveReverseGivenDistance	16	static
../Core/Src/robot.c:267:6:Robot_TurnRight90Inplace	8	static
../Core/Src/robot.c:275:6:Robot_TurnLeft90Inplace	8	static
