../Core/Src/robot.c:36:6:HandleLineDetection	24	static
../Core/Src/robot.c:58:6:HandleGridPosition	24	static
../Core/Src/robot.c:72:6:HandleColorDetection	16	static
../Core/Src/robot.c:93:6:HandleLineColorDetection	24	static
../Core/Src/robot.c:112:11:RPI_GetLineColor	4	static
../Core/Src/robot.c:141:11:RPI_GetBallColor	16	static
../Core/Src/robot.c:167:14:Robot_LineFollowUntillJunction	8	static
../Core/Src/robot.c:182:14:Robot_LineFollowUntillJunctionAndNotStop	8	static
../Core/Src/robot.c:201:6:Robot_FollowLineGivenDistance	16	static
../Core/Src/robot.c:209:6:Robot_FollowLineGivenDistanceandNotStop	16	static
../Core/Src/robot.c:217:14:Robot_MoveForwardUntillLine	8	static
../Core/Src/robot.c:232:6:Robot_MoveForwardGivenDistance	16	static
../Core/Src/robot.c:238:6:Robot_TurnRight90Inplace	8	static
../Core/Src/robot.c:246:6:Robot_TurnLeft90Inplace	8	static
