../Core/Src/robot.c:38:6:HandleLineColorDetection	24	static
../Core/Src/robot.c:99:7:GetLineColor	16	static
../Core/Src/robot.c:130:7:GetBallColor	8	static
../Core/Src/robot.c:142:14:Robot_LineFollowUntillJunction	8	static
../Core/Src/robot.c:157:14:Robot_LineFollowUntillJunctionAndNotStop	8	static
../Core/Src/robot.c:176:6:Robot_FollowLineGivenDistance	16	static
../Core/Src/robot.c:184:6:Robot_FollowLineGivenDistanceandNotStop	16	static
../Core/Src/robot.c:192:14:Robot_MoveForwardUntillLine	8	static
../Core/Src/robot.c:207:6:Robot_MoveForwardGivenDistance	16	static
../Core/Src/robot.c:213:6:Robot_MoveReverseGivenDistanceSLOW	16	static
../Core/Src/robot.c:219:6:Robot_MoveForwardGivenDistanceSLOW	16	static
../Core/Src/robot.c:225:6:Robot_MoveReverseGivenDistance	16	static
../Core/Src/robot.c:231:6:Robot_TurnRight90Inplace	8	static
../Core/Src/robot.c:239:6:robot_TurnRight180Inplace	8	static
../Core/Src/robot.c:247:6:Robot_TurnRightInplace	16	static
../Core/Src/robot.c:255:6:Robot_TurnLeft90Inplace	8	static
../Core/Src/robot.c:264:6:Robot_TurnLeftInplace	16	static
../Core/Src/robot.c:274:7:Robot_moveForwardUntillFrontWall	16	static
../Core/Src/robot.c:293:6:Robot_adjust_using_front_wall	8	static
