../Core/Src/robot.c:39:6:HandleLineColorDetection	24	static
../Core/Src/robot.c:100:7:GetLineColor	16	static
../Core/Src/robot.c:131:7:GetBallColor	8	static
../Core/Src/robot.c:150:14:Robot_LineFollowUntillJunction	8	static
../Core/Src/robot.c:165:14:Robot_LineFollowUntillJunctionAndNotStop	8	static
../Core/Src/robot.c:184:6:Robot_FollowLineGivenDistance	16	static
../Core/Src/robot.c:192:6:Robot_FollowLineGivenDistanceandNotStop	16	static
../Core/Src/robot.c:200:14:Robot_MoveForwardUntillLine	8	static
../Core/Src/robot.c:215:6:Robot_MoveForwardGivenDistance	16	static
../Core/Src/robot.c:221:6:Robot_MoveReverseGivenDistanceSLOW	16	static
../Core/Src/robot.c:227:6:Robot_MoveForwardGivenDistanceSLOW	16	static
../Core/Src/robot.c:233:6:Robot_MoveReverseGivenDistance	16	static
../Core/Src/robot.c:239:6:Robot_TurnRight90Inplace	8	static
../Core/Src/robot.c:247:6:robot_TurnRight180Inplace	8	static
../Core/Src/robot.c:255:6:Robot_TurnRightInplace	16	static
../Core/Src/robot.c:263:6:Robot_TurnLeft90Inplace	8	static
../Core/Src/robot.c:272:6:Robot_TurnLeftInplace	16	static
../Core/Src/robot.c:282:7:Robot_moveForwardUntillFrontWall	16	static
../Core/Src/robot.c:301:6:Robot_adjust_using_front_wall	8	static
../Core/Src/robot.c:318:9:Robot_read_Barcode	32	static
