../Core/Src/sensors.c:50:14:DetectJunction	24	static
../Core/Src/sensors.c:87:6:ReadAllSensors	24	static
../Core/Src/sensors.c:96:6:ReadSelectedSensors	40	static
../Core/Src/sensors.c:106:6:init_sensor_value	4	static
../Core/Src/sensors.c:115:7:get_steering_feedback	4	static
../Core/Src/sensors.c:118:7:get_cross_track_error	4	static
../Core/Src/sensors.c:121:9:is_wall_left	4	static
../Core/Src/sensors.c:124:9:is_wall_right	4	static
../Core/Src/sensors.c:127:9:is_wall_front	4	static
../Core/Src/sensors.c:135:7:CalculateSteeringAdjustment	24	static
../Core/Src/sensors.c:145:6:set_steering_mode	16	static
../Core/Src/sensors.c:155:6:Sensors_Update	16	static
../Core/Src/sensors.c:202:6:RangeAllIRSensors	8	static
