../Core/Src/tasks.c:30:6:NonBlockingDelay	16	static
../Core/Src/tasks.c:36:9:IsDelayComplete	8	static
../Core/Src/tasks.c:53:6:executePlantationTask	16	static
../Core/Src/tasks.c:103:6:moveTocolumn0Fromcolumn4	8	static
../Core/Src/tasks.c:125:6:moveToCenterofNextCell	8	static
../Core/Src/tasks.c:130:6:moveToCenterofNextCellandNotStop	8	static
../Core/Src/tasks.c:135:6:moveToCenterofCellinZeroRow	8	static
../Core/Src/tasks.c:142:6:moveToCenterofNextColumnfromFirstRow	8	static
../Core/Src/tasks.c:146:6:moveToCenterofNextColumnfromSecondRow	8	static
../Core/Src/tasks.c:153:6:moveToCenterofNextColumnfromThiredRow	8	static
../Core/Src/tasks.c:160:7:picktheBall	16	static
../Core/Src/tasks.c:196:6:executeMuddyRoadTask	16	static
../Core/Src/tasks.c:241:6:executeRampTask	8	static
../Core/Src/tasks.c:262:6:navigateToQR	8	static
../Core/Src/tasks.c:298:6:executeQR	16	static
../Core/Src/tasks.c:324:6:selectTask	8	static
../Core/Src/tasks.c:375:6:runCurrentTask	8	static
