../Core/Src/tasks.c:18:6:NonBlockingDelay	16	static
../Core/Src/tasks.c:24:9:IsDelayComplete	8	static
../Core/Src/tasks.c:34:6:executePlantationTask	16	static
../Core/Src/tasks.c:116:6:moveToCenterofNextCell	8	static
../Core/Src/tasks.c:121:6:moveToCenterofNextCellandNotStop	8	static
../Core/Src/tasks.c:126:6:moveToCenterofCellinZeroRow	8	static
../Core/Src/tasks.c:133:6:moveToCenterofNextColumnfromFirstRow	8	static
../Core/Src/tasks.c:137:6:moveToCenterofNextColumnfromSecondRow	8	static
../Core/Src/tasks.c:144:6:moveToCenterofNextColumnfromThiredRow	8	static
../Core/Src/tasks.c:151:11:picktheBall	16	static
../Core/Src/tasks.c:176:6:executePotatoSeperationTask	8	static
../Core/Src/tasks.c:227:6:runCurrentTask	16	static
