../Core/Src/tasks.c:16:6:executePlantationTask	16	static
../Core/Src/tasks.c:72:6:moveToCenterofNextCell	8	static
../Core/Src/tasks.c:77:6:moveToCenterofNextCellandNotStop	8	static
../Core/Src/tasks.c:82:6:moveToCenterofCellinZeroRow	8	static
../Core/Src/tasks.c:89:6:moveToCenterofNextColumnfromFirstRow	8	static
../Core/Src/tasks.c:93:6:moveToCenterofNextColumnfromSecondRow	8	static
../Core/Src/tasks.c:100:6:moveToCenterofNextColumnfromThiredRow	8	static
../Core/Src/tasks.c:107:11:picktheBall	16	static
../Core/Src/tasks.c:124:6:runCurrentTask	16	static
