../Core/Src/tasks.c:17:6:NonBlockingDelay	16	static
../Core/Src/tasks.c:23:9:IsDelayComplete	8	static
../Core/Src/tasks.c:33:6:executePlantationTask	16	static
../Core/Src/tasks.c:115:6:moveToCenterofNextCell	8	static
../Core/Src/tasks.c:120:6:moveToCenterofNextCellandNotStop	8	static
../Core/Src/tasks.c:125:6:moveToCenterofCellinZeroRow	8	static
../Core/Src/tasks.c:132:6:moveToCenterofNextColumnfromFirstRow	8	static
../Core/Src/tasks.c:136:6:moveToCenterofNextColumnfromSecondRow	8	static
../Core/Src/tasks.c:143:6:moveToCenterofNextColumnfromThiredRow	8	static
../Core/Src/tasks.c:150:7:picktheBall	16	static
../Core/Src/tasks.c:175:6:executePotatoSeperationTask	8	static
../Core/Src/tasks.c:226:6:runCurrentTask	16	static
