../Core/Src/tasks.c:17:6:executePlantationTask	8	static
../Core/Src/tasks.c:75:6:moveToCenterofNextCell	8	static
../Core/Src/tasks.c:80:6:moveToCenterofNextCellandNotStop	8	static
../Core/Src/tasks.c:85:6:moveToCenterofCellinZeroRow	8	static
../Core/Src/tasks.c:92:6:moveToCenterofNextColumnfromFirstRow	8	static
../Core/Src/tasks.c:96:6:moveToCenterofNextColumnfromSecondRow	8	static
../Core/Src/tasks.c:103:6:moveToCenterofNextColumnfromThiredRow	8	static
../Core/Src/tasks.c:110:11:picktheBall	16	static
../Core/Src/tasks.c:127:6:runCurrentTask	16	static
