../Core/Src/tasks.c:29:6:NonBlockingDelay	16	static
../Core/Src/tasks.c:35:9:IsDelayComplete	8	static
../Core/Src/tasks.c:52:6:executePlantationTask	16	static
../Core/Src/tasks.c:102:6:moveTocolumn0Fromcolumn4	8	static
../Core/Src/tasks.c:121:6:moveToCenterofNextCell	8	static
../Core/Src/tasks.c:126:6:moveToCenterofNextCellandNotStop	8	static
../Core/Src/tasks.c:131:6:moveToCenterofCellinZeroRow	8	static
../Core/Src/tasks.c:138:6:moveToCenterofNextColumnfromFirstRow	8	static
../Core/Src/tasks.c:142:6:moveToCenterofNextColumnfromSecondRow	8	static
../Core/Src/tasks.c:149:6:moveToCenterofNextColumnfromThiredRow	8	static
../Core/Src/tasks.c:156:7:picktheBall	16	static
../Core/Src/tasks.c:190:6:executeMuddyRoadTask	16	static
../Core/Src/tasks.c:233:6:executePotatoSeperationTask	8	static
../Core/Src/tasks.c:277:6:executeRampTask	8	static
../Core/Src/tasks.c:303:6:selectTask	8	static
../Core/Src/tasks.c:340:6:runCurrentTask	8	static
