../Core/Src/tasks.c:15:6:NonBlockingDelay	16	static
../Core/Src/tasks.c:21:9:IsDelayComplete	8	static
../Core/Src/tasks.c:30:6:executePlantationTask	16	static
../Core/Src/tasks.c:100:6:moveToCenterofNextCell	8	static
../Core/Src/tasks.c:105:6:moveToCenterofNextCellandNotStop	8	static
../Core/Src/tasks.c:110:6:moveToCenterofCellinZeroRow	8	static
../Core/Src/tasks.c:117:6:moveToCenterofNextColumnfromFirstRow	8	static
../Core/Src/tasks.c:121:6:moveToCenterofNextColumnfromSecondRow	8	static
../Core/Src/tasks.c:128:6:moveToCenterofNextColumnfromThiredRow	8	static
../Core/Src/tasks.c:135:11:picktheBall	16	static
../Core/Src/tasks.c:155:6:runCurrentTask	16	static
