../Core/Src/tasks.c:28:6:NonBlockingDelay	16	static
../Core/Src/tasks.c:34:9:IsDelayComplete	8	static
../Core/Src/tasks.c:51:6:executePlantationTask	16	static
../Core/Src/tasks.c:97:6:moveTocolumn0Fromcolumn4	8	static
../Core/Src/tasks.c:116:6:moveToCenterofNextCell	8	static
../Core/Src/tasks.c:121:6:moveToCenterofNextCellandNotStop	8	static
../Core/Src/tasks.c:126:6:moveToCenterofCellinZeroRow	8	static
../Core/Src/tasks.c:133:6:moveToCenterofNextColumnfromFirstRow	8	static
../Core/Src/tasks.c:137:6:moveToCenterofNextColumnfromSecondRow	8	static
../Core/Src/tasks.c:144:6:moveToCenterofNextColumnfromThiredRow	8	static
../Core/Src/tasks.c:151:7:picktheBall	16	static
../Core/Src/tasks.c:181:6:executeMuddyRoadTask	8	static
../Core/Src/tasks.c:201:6:executePotatoSeperationTask	8	static
../Core/Src/tasks.c:252:6:selectTask	8	static
../Core/Src/tasks.c:286:6:runCurrentTask	8	static
