../Core/Src/tasks.c:35:6:NonBlockingDelay	16	static
../Core/Src/tasks.c:41:9:IsDelayComplete	8	static
../Core/Src/tasks.c:58:6:executePlantationTask	16	static
../Core/Src/tasks.c:114:6:moveTocolumn0Fromcolumn4	8	static
../Core/Src/tasks.c:136:6:moveToCenterofNextCell	8	static
../Core/Src/tasks.c:141:6:moveToCenterofNextCellandNotStop	8	static
../Core/Src/tasks.c:146:6:moveToCenterofCellinZeroRow	8	static
../Core/Src/tasks.c:153:6:moveToCenterofNextColumnfromFirstRow	8	static
../Core/Src/tasks.c:157:6:moveToCenterofNextColumnfromSecondRow	8	static
../Core/Src/tasks.c:164:6:moveToCenterofNextColumnfromThiredRow	8	static
../Core/Src/tasks.c:171:7:picktheBall	16	static
../Core/Src/tasks.c:207:6:executeMuddyRoadTask	16	static
../Core/Src/tasks.c:252:6:executeRampTask	8	static
../Core/Src/tasks.c:273:6:navigateToQR	8	static
../Core/Src/tasks.c:311:6:executeQR	16	static
../Core/Src/tasks.c:336:6:executeCollectionPointTask	8	static
../Core/Src/tasks.c:387:6:executeNewWarehouseTask	8	static
../Core/Src/tasks.c:412:6:selectTask	8	static
../Core/Src/tasks.c:478:6:runCurrentTask	8	static
