../Core/Src/tasks.c:18:6:NonBlockingDelay	16	static
../Core/Src/tasks.c:24:9:IsDelayComplete	8	static
../Core/Src/tasks.c:34:6:executePlantationTask	16	static
../Core/Src/tasks.c:114:6:moveToCenterofNextCell	8	static
../Core/Src/tasks.c:119:6:moveToCenterofNextCellandNotStop	8	static
../Core/Src/tasks.c:124:6:moveToCenterofCellinZeroRow	8	static
../Core/Src/tasks.c:131:6:moveToCenterofNextColumnfromFirstRow	8	static
../Core/Src/tasks.c:135:6:moveToCenterofNextColumnfromSecondRow	8	static
../Core/Src/tasks.c:142:6:moveToCenterofNextColumnfromThiredRow	8	static
../Core/Src/tasks.c:149:11:picktheBall	16	static
../Core/Src/tasks.c:174:6:executePotatoSeperationTask	8	static
../Core/Src/tasks.c:225:6:runCurrentTask	16	static
