../Core/Src/tasks.c:33:6:NonBlockingDelay	16	static
../Core/Src/tasks.c:39:9:IsDelayComplete	8	static
../Core/Src/tasks.c:56:6:executePlantationTask	16	static
../Core/Src/tasks.c:106:6:moveTocolumn0Fromcolumn4	8	static
../Core/Src/tasks.c:128:6:moveToCenterofNextCell	8	static
../Core/Src/tasks.c:133:6:moveToCenterofNextCellandNotStop	8	static
../Core/Src/tasks.c:138:6:moveToCenterofCellinZeroRow	8	static
../Core/Src/tasks.c:145:6:moveToCenterofNextColumnfromFirstRow	8	static
../Core/Src/tasks.c:149:6:moveToCenterofNextColumnfromSecondRow	8	static
../Core/Src/tasks.c:156:6:moveToCenterofNextColumnfromThiredRow	8	static
../Core/Src/tasks.c:163:7:picktheBall	16	static
../Core/Src/tasks.c:199:6:executeMuddyRoadTask	16	static
../Core/Src/tasks.c:244:6:executeRampTask	8	static
../Core/Src/tasks.c:265:6:navigateToQR	8	static
../Core/Src/tasks.c:303:6:executeQR	16	static
../Core/Src/tasks.c:328:6:executeCollectionPointTask	8	static
../Core/Src/tasks.c:370:6:selectTask	8	static
../Core/Src/tasks.c:426:6:runCurrentTask	8	static
