../Core/Src/tasks.c:18:6:NonBlockingDelay	16	static
../Core/Src/tasks.c:24:9:IsDelayComplete	8	static
../Core/Src/tasks.c:33:6:executePlantationTask	16	static
../Core/Src/tasks.c:103:6:moveToCenterofNextCell	8	static
../Core/Src/tasks.c:108:6:moveToCenterofNextCellandNotStop	8	static
../Core/Src/tasks.c:113:6:moveToCenterofCellinZeroRow	8	static
../Core/Src/tasks.c:120:6:moveToCenterofNextColumnfromFirstRow	8	static
../Core/Src/tasks.c:124:6:moveToCenterofNextColumnfromSecondRow	8	static
../Core/Src/tasks.c:131:6:moveToCenterofNextColumnfromThiredRow	8	static
../Core/Src/tasks.c:138:11:picktheBall	16	static
../Core/Src/tasks.c:160:6:runCurrentTask	16	static
