../Drivers/TCS3472/Src/TCS3472.c:40:6:TCS3472_SelectSensor	16	static
../Drivers/TCS3472/Src/TCS3472.c:51:9:TCS3472_Init	16	static
../Drivers/TCS3472/Src/TCS3472.c:75:9:TCS3472_GetID	8	static
../Drivers/TCS3472/Src/TCS3472.c:81:6:TCS3472_Enable	8	static
../Drivers/TCS3472/Src/TCS3472.c:92:6:TCS3472_Disable	16	static
../Drivers/TCS3472/Src/TCS3472.c:102:6:TCS3472_SetIntegrationTime	16	static
../Drivers/TCS3472/Src/TCS3472.c:109:6:TCS3472_SetGain	16	static
../Drivers/TCS3472/Src/TCS3472.c:119:6:TCS3472_GetRGBC	24	static
../Drivers/TCS3472/Src/TCS3472.c:132:7:TCS3472_DetectLineColor	24	static
../Drivers/TCS3472/Src/TCS3472.c:168:6:TCS3472_CalibrateColors	208	static
../Drivers/TCS3472/Src/TCS3472.c:275:6:TCS3472_Write	32	static
../Drivers/TCS3472/Src/TCS3472.c:285:9:TCS3472_Read8	32	static
../Drivers/TCS3472/Src/TCS3472.c:297:10:TCS3472_Read16	32	static
../Drivers/TCS3472/Src/TCS3472.c:312:7:TCS3472_DetectObjectColor	32	static
../Drivers/TCS3472/Src/TCS3472.c:374:6:TCS3472_CalibrateObjectColors	144	static
../Drivers/TCS3472/Src/TCS3472.c:405:9:TCS3472_InitAll	112	static
../Drivers/TCS3472/Src/TCS3472.c:435:6:init_color_sensors	8	static
../Drivers/TCS3472/Src/TCS3472.c:442:6:caliberate_color_sensors	8	static
../Drivers/TCS3472/Src/TCS3472.c:454:6:TCS3472_DualSensorExample	176	static
