../Drivers/TCS3472/Src/TCS3472.c:50:6:TCS3472_SelectSensor	16	static
../Drivers/TCS3472/Src/TCS3472.c:61:9:TCS3472_Init	16	static
../Drivers/TCS3472/Src/TCS3472.c:85:9:TCS3472_GetID	8	static
../Drivers/TCS3472/Src/TCS3472.c:91:6:TCS3472_Enable	8	static
../Drivers/TCS3472/Src/TCS3472.c:102:6:TCS3472_Disable	16	static
../Drivers/TCS3472/Src/TCS3472.c:112:6:TCS3472_SetIntegrationTime	16	static
../Drivers/TCS3472/Src/TCS3472.c:119:6:TCS3472_SetGain	16	static
../Drivers/TCS3472/Src/TCS3472.c:129:6:TCS3472_GetRGBC	24	static
../Drivers/TCS3472/Src/TCS3472.c:142:7:TCS3472_DetectLineColor	24	static
../Drivers/TCS3472/Src/TCS3472.c:178:6:TCS3472_CalibrateColors	104	static
../Drivers/TCS3472/Src/TCS3472.c:368:6:TCS3472_Write	32	static
../Drivers/TCS3472/Src/TCS3472.c:378:9:TCS3472_Read8	32	static
../Drivers/TCS3472/Src/TCS3472.c:390:10:TCS3472_Read16	32	static
../Drivers/TCS3472/Src/TCS3472.c:405:7:TCS3472_DetectObjectColor	136	static
../Drivers/TCS3472/Src/TCS3472.c:481:6:TCS3472_CalibrateObjectColors	16	static
../Drivers/TCS3472/Src/TCS3472.c:546:7:TCS3472_DetectWhiteVsYellow	144	static
../Drivers/TCS3472/Src/TCS3472.c:605:7:TCS3472_DetectRedVsBlue	32	static
../Drivers/TCS3472/Src/TCS3472.c:663:9:TCS3472_InitAll	112	static
../Drivers/TCS3472/Src/TCS3472.c:693:6:init_color_sensors	8	static
../Drivers/TCS3472/Src/TCS3472.c:700:6:caliberate_color_sensors	8	static
../Drivers/TCS3472/Src/TCS3472.c:714:6:TCS3472_DualSensorExample	176	static
