2025-04-24 12:16:39,566 [INFO] Activator:176 - 


2025-04-24 12:16:39,571 [INFO] Activator:177 - !SESSION log4j initialized
2025-04-24 12:16:47,173 [INFO] LogOutputStream:77 - [STDOUT_REDIRECT] 
2025-04-24 12:16:48,967 [INFO] ApplicationProperties:184 - Using Application install path: C:\ST\STM32CubeIDE_1.15.1\STM32CubeIDE\plugins\com.st.stm32cube.common.mx_6.14.0.202502271554
2025-04-24 12:16:49,023 [INFO] DbMcusXml:78 - Set database path to: C:\ST\STM32CubeIDE_1.15.1\STM32CubeIDE\plugins\com.st.stm32cube.common.mx_6.14.0.202502271554\\db\/mcu/
2025-04-24 12:16:49,024 [INFO] ApiDb:274 - Set plugin database path to: C:\ST\STM32CubeIDE_1.15.1\STM32CubeIDE\plugins\com.st.stm32cube.common.mx_6.14.0.202502271554\\db\/plugins/boardmanager/
2025-04-24 12:16:49,024 [WARN] ApiDb:259 - Overriding images path with different value:  => C:\ST\STM32CubeIDE_1.15.1\STM32CubeIDE\plugins\com.st.stm32cube.common.mx_6.14.0.202502271554\\db\/plugins/mcufinder/images/
2025-04-24 12:16:49,044 [INFO] ApiDb:250 - Set database path to: C:\Users\PANKAJA\.stmcufinder\plugins\mcufinder//mcu/
2025-04-24 12:16:49,049 [INFO] DbMcusAds:125 - Set database path to: C:\Users\PANKAJA\.stmcufinder\plugins\mcufinder//mcu/
2025-04-24 12:16:49,058 [INFO] CrossReferenceDbSqlite:203 - Set database path to: C:\Users\PANKAJA\.stmcufinder\plugins\mcufinder//mcu/cs/
2025-04-24 12:16:49,498 [INFO] RulesReader:64 - Compatibility file has been processed (301 Rules)
2025-04-24 12:16:49,794 [INFO] DbMcusXml:78 - Set database path to: C:\ST\STM32CubeIDE_1.15.1\STM32CubeIDE\plugins\com.st.stm32cube.common.mx_6.14.0.202502271554\\db\/mcu/
2025-04-24 12:16:49,794 [INFO] ApiDb:274 - Set plugin database path to: C:\ST\STM32CubeIDE_1.15.1\STM32CubeIDE\plugins\com.st.stm32cube.common.mx_6.14.0.202502271554\\db\/plugins/boardmanager/
2025-04-24 12:16:49,794 [INFO] ApiDb:261 - Set plugin images path to: C:\ST\STM32CubeIDE_1.15.1\STM32CubeIDE\plugins\com.st.stm32cube.common.mx_6.14.0.202502271554\\db\/plugins/mcufinder/images/
2025-04-24 12:16:49,794 [WARN] DbFile:41 - Overriding database path with different value: C:\Users\PANKAJA\.stmcufinder\plugins\mcufinder/ => C:\Users\PANKAJA\.stmcufinder\plugins\mcufinder
2025-04-24 12:16:49,794 [INFO] ApiDb:250 - Set database path to: C:\Users\PANKAJA\.stmcufinder\plugins\mcufinder//mcu/
2025-04-24 12:16:49,794 [WARN] DbFile:41 - Overriding database path with different value: C:\Users\PANKAJA\.stmcufinder\plugins\mcufinder/ => C:\Users\PANKAJA\.stmcufinder\plugins\mcufinder
2025-04-24 12:16:49,795 [INFO] DbMcusAds:125 - Set database path to: C:\Users\PANKAJA\.stmcufinder\plugins\mcufinder//mcu/
2025-04-24 12:16:49,795 [WARN] DbFile:41 - Overriding database path with different value: C:\Users\PANKAJA\.stmcufinder\plugins\mcufinder/ => C:\Users\PANKAJA\.stmcufinder\plugins\mcufinder
2025-04-24 12:16:49,795 [WARN] DbFile:41 - Overriding database path with different value: C:\Users\PANKAJA\.stmcufinder\plugins\mcufinder/ => C:\Users\PANKAJA\.stmcufinder\plugins\mcufinder
2025-04-24 12:16:49,795 [INFO] CrossReferenceDbSqlite:203 - Set database path to: C:\Users\PANKAJA\.stmcufinder\plugins\mcufinder//mcu/cs/
2025-04-24 12:16:49,970 [INFO] MainPanel:272 - HeapMemory: 277872640
2025-04-24 12:16:50,296 [INFO] DbMcusXml:78 - Set database path to: C:\ST\STM32CubeIDE_1.15.1\STM32CubeIDE\plugins\com.st.stm32cube.common.mx_6.14.0.202502271554\\db\/mcu/
2025-04-24 12:16:50,296 [INFO] ApiDb:274 - Set plugin database path to: C:\ST\STM32CubeIDE_1.15.1\STM32CubeIDE\plugins\com.st.stm32cube.common.mx_6.14.0.202502271554\\db\/plugins/boardmanager/
2025-04-24 12:16:50,296 [INFO] ApiDb:261 - Set plugin images path to: C:\ST\STM32CubeIDE_1.15.1\STM32CubeIDE\plugins\com.st.stm32cube.common.mx_6.14.0.202502271554\\db\/plugins/mcufinder/images/
2025-04-24 12:16:50,298 [WARN] DbFile:41 - Overriding database path with different value: C:\Users\PANKAJA\.stmcufinder\plugins\mcufinder/ => C:\Users\PANKAJA\.stmcufinder\plugins\mcufinder
2025-04-24 12:16:50,298 [INFO] ApiDb:250 - Set database path to: C:\Users\PANKAJA\.stmcufinder\plugins\mcufinder//mcu/
2025-04-24 12:16:50,298 [WARN] DbFile:41 - Overriding database path with different value: C:\Users\PANKAJA\.stmcufinder\plugins\mcufinder/ => C:\Users\PANKAJA\.stmcufinder\plugins\mcufinder
2025-04-24 12:16:50,298 [INFO] DbMcusAds:125 - Set database path to: C:\Users\PANKAJA\.stmcufinder\plugins\mcufinder//mcu/
2025-04-24 12:16:50,299 [WARN] DbFile:41 - Overriding database path with different value: C:\Users\PANKAJA\.stmcufinder\plugins\mcufinder/ => C:\Users\PANKAJA\.stmcufinder\plugins\mcufinder
2025-04-24 12:16:50,299 [WARN] DbFile:41 - Overriding database path with different value: C:\Users\PANKAJA\.stmcufinder\plugins\mcufinder/ => C:\Users\PANKAJA\.stmcufinder\plugins\mcufinder
2025-04-24 12:16:50,299 [INFO] CrossReferenceDbSqlite:203 - Set database path to: C:\Users\PANKAJA\.stmcufinder\plugins\mcufinder//mcu/cs/
2025-04-24 12:16:50,342 [INFO] ApplicationProperties:184 - Using Application install path: C:\ST\STM32CubeIDE_1.15.1\STM32CubeIDE\plugins\com.st.stm32cube.common.mx_6.14.0.202502271554
2025-04-24 12:16:50,347 [INFO] PluginManage:196 - Search for loadable plugins [exclusion list=, ]
2025-04-24 12:16:50,349 [INFO] PluginManage:310 - Check plugin analytics
2025-04-24 12:16:51,121 [INFO] AnalyticsPlugin:253 - Accepted Software Licenses: STM32CubeMX.6.11.1
2025-04-24 12:16:51,122 [INFO] AnalyticsPlugin:255 - Accepted CMSIS Pack Licenses: STMicroelectronics.X-CUBE-AI.9.0.0,STMicroelectronics.X-CUBE-AI.8.1.0
2025-04-24 12:16:51,122 [INFO] AnalyticsPlugin:257 - Accepted Firmware Licenses: FW.F4.1.28.0
2025-04-24 12:16:51,142 [INFO] PluginManage:359 - Loaded plugin analytics (category:tool,tabindex:-1)
2025-04-24 12:16:51,143 [INFO] PluginManage:310 - Check plugin cadmodel
2025-04-24 12:16:51,156 [INFO] CADModel:105 - Init CAD model plugin
2025-04-24 12:16:51,156 [INFO] PluginManage:359 - Loaded plugin cadmodel (category:power,tabindex:5)
2025-04-24 12:16:51,157 [INFO] PluginManage:310 - Check plugin clock
2025-04-24 12:16:51,180 [INFO] PluginManage:359 - Loaded plugin clock (category:base,tabindex:2)
2025-04-24 12:16:51,181 [INFO] PluginManage:310 - Check plugin ddr
2025-04-24 12:16:51,189 [INFO] PluginManage:359 - Loaded plugin ddr (category:tool,tabindex:6)
2025-04-24 12:16:51,189 [INFO] PluginManage:310 - Check plugin filemanager
2025-04-24 12:16:51,589 [INFO] PluginManage:359 - Loaded plugin filemanager (category:base,tabindex:10)
2025-04-24 12:16:51,589 [INFO] PluginManage:310 - Check plugin ipmanager
2025-04-24 12:16:51,605 [INFO] PluginManage:359 - Loaded plugin ipmanager (category:base,tabindex:5)
2025-04-24 12:16:51,605 [INFO] PluginManage:310 - Check plugin lpbam
2025-04-24 12:16:51,625 [INFO] PluginManage:359 - Loaded plugin lpbam (category:base,tabindex:0)
2025-04-24 12:16:51,625 [INFO] PluginManage:310 - Check plugin memorymap
2025-04-24 12:16:51,707 [INFO] PluginManage:359 - Loaded plugin memorymap (category:base,tabindex:4)
2025-04-24 12:16:51,707 [INFO] PluginManage:310 - Check plugin pinoutandconfiguration
2025-04-24 12:16:51,732 [INFO] PluginManage:359 - Loaded plugin pinoutandconfiguration (category:base,tabindex:1)
2025-04-24 12:16:51,733 [INFO] PluginManage:310 - Check plugin pinoutconfig
2025-04-24 12:16:52,111 [WARN] SupportedApi:132 - Cannot load RTOS API schema: s4s-elt-must-match.1: The content of 'definitions' must match (annotation?, (simpleType | complexType)?, (unique | key | keyref)*)). A problem was found starting at: attribute.
2025-04-24 12:16:52,828 [INFO] PluginManage:359 - Loaded plugin pinoutconfig (category:base,tabindex:0)
2025-04-24 12:16:52,828 [INFO] PluginManage:310 - Check plugin power
2025-04-24 12:16:52,853 [INFO] PluginManage:359 - Loaded plugin power (category:power,tabindex:4)
2025-04-24 12:16:52,853 [INFO] PluginManage:310 - Check plugin projectmanager
2025-04-24 12:16:52,888 [INFO] PluginManage:359 - Loaded plugin projectmanager (category:projectmanager,tabindex:4)
2025-04-24 12:16:52,888 [INFO] PluginManage:310 - Check plugin rif
2025-04-24 12:16:52,921 [INFO] PluginManage:359 - Loaded plugin rif (category:base,tabindex:3)
2025-04-24 12:16:52,921 [INFO] PluginManage:310 - Check plugin thirdparty
2025-04-24 12:16:53,397 [WARN] IntegrityCheckThread:84 - waiting for thirdparty lock release [integrity check]
2025-04-24 12:16:53,397 [INFO] IntegrityCheckThread:86 - entering critical section [integrity check]
2025-04-24 12:16:53,398 [INFO] ThirdPartyUpdaterWithRetryManager:70 - Updater plugin not ready yet. [1/15]
2025-04-24 12:16:53,398 [INFO] PluginManage:359 - Loaded plugin thirdparty (category:base,tabindex:-1)
2025-04-24 12:16:53,399 [INFO] PluginManage:310 - Check plugin tools
2025-04-24 12:16:53,404 [INFO] PluginManage:359 - Loaded plugin tools (category:base,tabindex:7)
2025-04-24 12:16:53,404 [INFO] PluginManage:310 - Check plugin tutovideos
2025-04-24 12:16:54,228 [INFO] PluginManage:359 - Loaded plugin tutovideos (category:base,tabindex:-1)
2025-04-24 12:16:54,228 [INFO] PluginManage:310 - Check plugin updater
2025-04-24 12:16:54,262 [INFO] PluginManage:359 - Loaded plugin updater (category:base,tabindex:12)
2025-04-24 12:16:54,262 [INFO] PluginManage:310 - Check plugin userauth
2025-04-24 12:16:54,273 [INFO] UserAuth:118 - Init User Auth plugin
2025-04-24 12:16:54,277 [INFO] PluginManage:359 - Loaded plugin userauth (category:base,tabindex:14)
2025-04-24 12:16:54,279 [INFO] PluginManage:283 - PluginManage : Loaded plugins [18]
2025-04-24 12:16:54,525 [INFO] PinOutPanel:1589 - setPackage(No Configuration,No Configuration)
2025-04-24 12:16:54,700 [INFO] CADModel:165 - CPN selected for project level
2025-04-24 12:16:54,700 [INFO] CADModel:114 - Register for checkConnection events
2025-04-24 12:16:54,735 [INFO] IPUIPlugin:80 - create IPUIPlugin
2025-04-24 12:16:54,735 [INFO] PluginManager:220 - loadIPPluginJar : add adc
2025-04-24 12:16:54,740 [INFO] IPUIPlugin:80 - create IPUIPlugin
2025-04-24 12:16:54,740 [INFO] PluginManager:220 - loadIPPluginJar : add aes
2025-04-24 12:16:54,745 [INFO] IPUIPlugin:80 - create IPUIPlugin
2025-04-24 12:16:54,746 [INFO] PluginManager:220 - loadIPPluginJar : add can
2025-04-24 12:16:54,750 [INFO] IPUIPlugin:80 - create IPUIPlugin
2025-04-24 12:16:54,750 [INFO] PluginManager:220 - loadIPPluginJar : add comp
2025-04-24 12:16:54,755 [INFO] IPUIPlugin:80 - create IPUIPlugin
2025-04-24 12:16:54,755 [INFO] PluginManager:220 - loadIPPluginJar : add cryp
2025-04-24 12:16:54,762 [INFO] IPUIPlugin:80 - create IPUIPlugin
2025-04-24 12:16:54,763 [INFO] PluginManager:220 - loadIPPluginJar : add ddr_ctrl_phy
2025-04-24 12:16:54,767 [INFO] IPUIPlugin:80 - create IPUIPlugin
2025-04-24 12:16:54,767 [INFO] PluginManager:220 - loadIPPluginJar : add dfsdm
2025-04-24 12:16:54,779 [INFO] IPUIPlugin:80 - create IPUIPlugin
2025-04-24 12:16:54,781 [INFO] PluginManager:220 - loadIPPluginJar : add dma
2025-04-24 12:16:54,792 [INFO] IPUIPlugin:80 - create IPUIPlugin
2025-04-24 12:16:54,792 [INFO] PluginManager:220 - loadIPPluginJar : add dma3
2025-04-24 12:16:54,797 [INFO] IPUIPlugin:80 - create IPUIPlugin
2025-04-24 12:16:54,797 [INFO] PluginManager:220 - loadIPPluginJar : add extmemmanager
2025-04-24 12:16:54,800 [INFO] IPUIPlugin:80 - create IPUIPlugin
2025-04-24 12:16:54,801 [INFO] PluginManager:220 - loadIPPluginJar : add fatfs
2025-04-24 12:16:54,808 [INFO] IPUIPlugin:80 - create IPUIPlugin
2025-04-24 12:16:54,809 [INFO] PluginManager:220 - loadIPPluginJar : add fmc
2025-04-24 12:16:54,831 [INFO] IPUIPlugin:80 - create IPUIPlugin
2025-04-24 12:16:54,831 [INFO] PluginManager:220 - loadIPPluginJar : add freertos
2025-04-24 12:16:54,835 [INFO] IPUIPlugin:80 - create IPUIPlugin
2025-04-24 12:16:54,835 [INFO] PluginManager:220 - loadIPPluginJar : add genericplugin
2025-04-24 12:16:54,839 [INFO] IPUIPlugin:80 - create IPUIPlugin
2025-04-24 12:16:54,839 [INFO] PluginManager:220 - loadIPPluginJar : add gfxmmu
2025-04-24 12:16:54,847 [INFO] IPUIPlugin:80 - create IPUIPlugin
2025-04-24 12:16:54,847 [INFO] PluginManager:220 - loadIPPluginJar : add gic
2025-04-24 12:16:54,856 [INFO] IPUIPlugin:80 - create IPUIPlugin
2025-04-24 12:16:54,856 [INFO] PluginManager:220 - loadIPPluginJar : add gpio
2025-04-24 12:16:54,862 [INFO] IPUIPlugin:80 - create IPUIPlugin
2025-04-24 12:16:54,862 [INFO] PluginManager:220 - loadIPPluginJar : add gtzc
2025-04-24 12:16:54,866 [INFO] IPUIPlugin:80 - create IPUIPlugin
2025-04-24 12:16:54,867 [INFO] PluginManager:220 - loadIPPluginJar : add hash
2025-04-24 12:16:54,871 [INFO] IPUIPlugin:80 - create IPUIPlugin
2025-04-24 12:16:54,872 [INFO] PluginManager:220 - loadIPPluginJar : add i2c
2025-04-24 12:16:54,876 [INFO] IPUIPlugin:80 - create IPUIPlugin
2025-04-24 12:16:54,876 [INFO] PluginManager:220 - loadIPPluginJar : add i2s
2025-04-24 12:16:54,887 [INFO] IPUIPlugin:80 - create IPUIPlugin
2025-04-24 12:16:54,887 [INFO] PluginManager:220 - loadIPPluginJar : add i3c
2025-04-24 12:16:54,896 [INFO] IPUIPlugin:80 - create IPUIPlugin
2025-04-24 12:16:54,896 [INFO] PluginManager:220 - loadIPPluginJar : add ipddr
2025-04-24 12:16:54,906 [INFO] IPUIPlugin:80 - create IPUIPlugin
2025-04-24 12:16:54,906 [INFO] PluginManager:220 - loadIPPluginJar : add linkedlist
2025-04-24 12:16:54,912 [INFO] IPUIPlugin:80 - create IPUIPlugin
2025-04-24 12:16:54,912 [INFO] PluginManager:220 - loadIPPluginJar : add lorawan
2025-04-24 12:16:54,915 [INFO] IPUIPlugin:80 - create IPUIPlugin
2025-04-24 12:16:54,915 [INFO] PluginManager:220 - loadIPPluginJar : add ltdc
2025-04-24 12:16:54,925 [INFO] IPUIPlugin:80 - create IPUIPlugin
2025-04-24 12:16:54,925 [INFO] PluginManager:220 - loadIPPluginJar : add mdma
2025-04-24 12:16:54,931 [INFO] IPUIPlugin:80 - create IPUIPlugin
2025-04-24 12:16:54,931 [INFO] PluginManager:220 - loadIPPluginJar : add nvic
2025-04-24 12:16:54,936 [INFO] IPUIPlugin:80 - create IPUIPlugin
2025-04-24 12:16:54,936 [INFO] PluginManager:220 - loadIPPluginJar : add opamp
2025-04-24 12:16:54,946 [INFO] IPUIPlugin:80 - create IPUIPlugin
2025-04-24 12:16:54,946 [INFO] PluginManager:220 - loadIPPluginJar : add openamp
2025-04-24 12:16:54,955 [INFO] IPUIPlugin:80 - create IPUIPlugin
2025-04-24 12:16:54,955 [INFO] PluginManager:220 - loadIPPluginJar : add pdm2pcm
2025-04-24 12:16:54,966 [INFO] IPUIPlugin:80 - create IPUIPlugin
2025-04-24 12:16:54,975 [INFO] PluginManager:220 - loadIPPluginJar : add plateformsettings
2025-04-24 12:16:54,980 [INFO] IPUIPlugin:80 - create IPUIPlugin
2025-04-24 12:16:54,980 [INFO] PluginManager:220 - loadIPPluginJar : add quadspi
2025-04-24 12:16:54,986 [INFO] IPUIPlugin:80 - create IPUIPlugin
2025-04-24 12:16:54,987 [INFO] PluginManager:220 - loadIPPluginJar : add radio
2025-04-24 12:16:54,995 [INFO] IPUIPlugin:80 - create IPUIPlugin
2025-04-24 12:16:54,995 [INFO] PluginManager:220 - loadIPPluginJar : add resmgrutility
2025-04-24 12:16:55,005 [INFO] IPUIPlugin:80 - create IPUIPlugin
2025-04-24 12:16:55,005 [INFO] PluginManager:220 - loadIPPluginJar : add sai
2025-04-24 12:16:55,010 [INFO] IPUIPlugin:80 - create IPUIPlugin
2025-04-24 12:16:55,010 [INFO] PluginManager:220 - loadIPPluginJar : add spi
2025-04-24 12:16:55,021 [INFO] IPUIPlugin:80 - create IPUIPlugin
2025-04-24 12:16:55,022 [INFO] PluginManager:220 - loadIPPluginJar : add stm32_wpan
2025-04-24 12:16:55,025 [INFO] IPUIPlugin:80 - create IPUIPlugin
2025-04-24 12:16:55,026 [INFO] PluginManager:220 - loadIPPluginJar : add tim
2025-04-24 12:16:55,031 [INFO] IPUIPlugin:80 - create IPUIPlugin
2025-04-24 12:16:55,032 [INFO] PluginManager:220 - loadIPPluginJar : add touchsensing
2025-04-24 12:16:55,036 [INFO] IPUIPlugin:80 - create IPUIPlugin
2025-04-24 12:16:55,036 [INFO] PluginManager:220 - loadIPPluginJar : add tracer_emb
2025-04-24 12:16:55,040 [INFO] IPUIPlugin:80 - create IPUIPlugin
2025-04-24 12:16:55,040 [INFO] PluginManager:220 - loadIPPluginJar : add ts
2025-04-24 12:16:55,044 [INFO] IPUIPlugin:80 - create IPUIPlugin
2025-04-24 12:16:55,044 [INFO] PluginManager:220 - loadIPPluginJar : add tsc
2025-04-24 12:16:55,048 [INFO] IPUIPlugin:80 - create IPUIPlugin
2025-04-24 12:16:55,048 [INFO] PluginManager:220 - loadIPPluginJar : add ucpd
2025-04-24 12:16:55,052 [INFO] IPUIPlugin:80 - create IPUIPlugin
2025-04-24 12:16:55,052 [INFO] PluginManager:220 - loadIPPluginJar : add usart
2025-04-24 12:16:55,058 [INFO] IPUIPlugin:80 - create IPUIPlugin
2025-04-24 12:16:55,059 [INFO] PluginManager:220 - loadIPPluginJar : add usbx
2025-04-24 12:16:55,193 [FATAL] Updater:351 - Updater called before beeing initialized
2025-04-24 12:16:55,225 [INFO] RulesReader:64 - Compatibility file has been processed (301 Rules)
2025-04-24 12:16:55,243 [INFO] RulesReader:64 - Compatibility file has been processed (301 Rules)
2025-04-24 12:16:55,262 [INFO] CADModel:165 - CPN selected for project level
2025-04-24 12:16:55,262 [INFO] CADModel:114 - Register for checkConnection events
2025-04-24 12:16:55,262 [FATAL] Updater:351 - Updater called before beeing initialized
2025-04-24 12:16:55,262 [ERROR] CADModel:125 - Updater not yet initialized, retry later 
2025-04-24 12:16:55,447 [FATAL] Updater:351 - Updater called before beeing initialized
2025-04-24 12:16:55,449 [INFO] CADModel:165 - CPN selected for project level
2025-04-24 12:16:55,449 [INFO] CADModel:114 - Register for checkConnection events
2025-04-24 12:16:55,449 [FATAL] Updater:351 - Updater called before beeing initialized
2025-04-24 12:16:55,449 [ERROR] CADModel:125 - Updater not yet initialized, retry later 
2025-04-24 12:16:55,452 [FATAL] Updater:351 - Updater called before beeing initialized
2025-04-24 12:16:55,560 [FATAL] Updater:351 - Updater called before beeing initialized
2025-04-24 12:16:55,564 [INFO] DbMcusAds:53 - JSON generation date=Thu Mar 06 20:24:22 IST 2025 (1741272862078)
2025-04-24 12:16:55,564 [FATAL] Updater:351 - Updater called before beeing initialized
2025-04-24 12:16:55,594 [WARN] DetailPanel:346 - Failed to get advertising image, set to default
2025-04-24 12:16:55,761 [FATAL] Updater:351 - Updater called before beeing initialized
2025-04-24 12:16:55,764 [FATAL] Updater:351 - Updater called before beeing initialized
2025-04-24 12:16:55,764 [FATAL] Updater:351 - Updater called before beeing initialized
2025-04-24 12:16:55,765 [WARN] DetailPanel:346 - Failed to get advertising image, set to default
2025-04-24 12:16:55,765 [FATAL] Updater:351 - Updater called before beeing initialized
2025-04-24 12:16:55,814 [ERROR] Updater:1198 - MainUpdater not yet initialized. External WinMGr cannot be set.
2025-04-24 12:16:55,818 [INFO] Updater:1134 - Updater Version found : 6.14.0
2025-04-24 12:16:55,844 [INFO] ApplicationProperties:184 - Using Application install path: C:\ST\STM32CubeIDE_1.15.1\STM32CubeIDE\plugins\com.st.stm32cube.common.mx_6.14.0.202502271554
2025-04-24 12:16:56,399 [INFO] ThirdPartyUpdaterWithRetryManager:70 - Updater plugin not ready yet. [2/15]
2025-04-24 12:16:56,735 [INFO] MainUpdater:2872 - connection check result : 22
2025-04-24 12:16:56,736 [INFO] MainUpdater:289 - Updater Check For Update Now.
2025-04-24 12:16:56,736 [INFO] MicroXplorer:498 - Change Database Version : DB.6.0.140
2025-04-24 12:16:56,767 [INFO] McuFinderGlobals:63 - Set McuFinder mode to 2 (CubeIDE integrated)
2025-04-24 12:16:56,768 [INFO] UserAuth:486 - Internet connection configuration mode: 2
2025-04-24 12:16:56,774 [INFO] UserAuth:486 - Internet connection configuration mode: 2
2025-04-24 12:16:56,931 [INFO] CheckServerUpdateThread:120 - End of CheckServer Thread
2025-04-24 12:16:59,619 [WARN] PackLoader:240 - Cannot read IP mode file for STMicroelectronics.FP-SNS-MOTENVWB1.1.4.0
2025-04-24 12:16:59,634 [WARN] PackLoader:240 - Cannot read IP mode file for STMicroelectronics.FP-ATR-ASTRA1.2.0.2
2025-04-24 12:16:59,639 [WARN] PackLoader:240 - Cannot read IP mode file for STMicroelectronics.FP-ATR-ASTRA1.2.0.1
2025-04-24 12:16:59,659 [WARN] PackLoader:240 - Cannot read IP mode file for STMicroelectronics.X-CUBE-SMBUS.2.1.0
2025-04-24 12:16:59,671 [WARN] PackLoader:240 - Cannot read IP mode file for STMicroelectronics.X-CUBE-WB05N.1.1.0
2025-04-24 12:16:59,681 [WARN] PackLoader:240 - Cannot read IP mode file for STMicroelectronics.X-CUBE-TOUCHGFX.4.23.2
2025-04-24 12:16:59,718 [WARN] PackLoader:240 - Cannot read IP mode file for STMicroelectronics.X-CUBE-AZRTOS-F7.1.1.0
2025-04-24 12:16:59,769 [WARN] PackLoader:240 - Cannot read IP mode file for STMicroelectronics.X-CUBE-MEMS1.11.0.0
2025-04-24 12:16:59,875 [WARN] PackLoader:240 - Cannot read IP mode file for STMicroelectronics.FP-SNS-FLIGHT1.5.0.2
2025-04-24 12:16:59,884 [WARN] PackLoader:240 - Cannot read IP mode file for STMicroelectronics.X-CUBE-DISPLAY.3.0.0
2025-04-24 12:16:59,898 [WARN] PackLoader:240 - Cannot read IP mode file for STMicroelectronics.X-CUBE-BLE1.7.0.0
2025-04-24 12:16:59,904 [WARN] PackLoader:240 - Cannot read IP mode file for STMicroelectronics.X-CUBE-NFC10.1.0.0
2025-04-24 12:16:59,915 [WARN] PackLoader:240 - Cannot read IP mode file for STMicroelectronics.X-CUBE-BLEMGR.4.0.0
2025-04-24 12:16:59,923 [WARN] PackLoader:240 - Cannot read IP mode file for emotas.I-CUBE-CANOPEN.1.3.0
2025-04-24 12:16:59,931 [WARN] PackLoader:240 - Cannot read IP mode file for STMicroelectronics.X-CUBE-BLEMGR.3.1.0
2025-04-24 12:16:59,937 [WARN] PackLoader:240 - Cannot read IP mode file for STMicroelectronics.X-CUBE-AI.10.0.0
2025-04-24 12:16:59,943 [WARN] PackLoader:240 - Cannot read IP mode file for STMicroelectronics.FP-SNS-SMARTAG2.1.2.0
2025-04-24 12:16:59,947 [WARN] PackLoader:240 - Cannot read IP mode file for STMicroelectronics.FP-SNS-FLIGHT1.5.1.0
2025-04-24 12:16:59,986 [WARN] PackLoader:240 - Cannot read IP mode file for STMicroelectronics.X-CUBE-MEMS1.11.1.0
2025-04-24 12:17:00,083 [INFO] LogOutputStream:77 - [STDOUT_REDIRECT] 1 : Invalid condition id : UX_CORESTACK_Condition cause : null
2025-04-24 12:17:00,084 [INFO] LogOutputStream:77 - [STDOUT_REDIRECT] 1 : Invalid condition id : UX_CORESTACK_Condition cause : null
2025-04-24 12:17:00,086 [INFO] LogOutputStream:77 - [STDOUT_REDIRECT] 1 : Invalid condition id : UX_CORESTACK_Condition cause : null
2025-04-24 12:17:00,087 [INFO] LogOutputStream:77 - [STDOUT_REDIRECT] 1 : Invalid condition id : UX_CORESTACK_Condition cause : null
2025-04-24 12:17:00,089 [INFO] LogOutputStream:77 - [STDOUT_REDIRECT] 1 : Invalid condition id : UX_CORESTACK_Condition cause : null
2025-04-24 12:17:00,091 [WARN] PackLoader:240 - Cannot read IP mode file for STMicroelectronics.X-CUBE-AZRTOS-WL.2.0.0
2025-04-24 12:17:00,095 [WARN] PackLoader:240 - Cannot read IP mode file for STMicroelectronics.FP-SNS-MOTENV1.5.0.0
2025-04-24 12:17:00,100 [WARN] PackLoader:240 - Cannot read IP mode file for wolfSSL.I-CUBE-wolfMQTT.1.19.0
2025-04-24 12:17:00,109 [WARN] PackLoader:240 - Cannot read IP mode file for WES.I-CUBE-Cesium.1.3.0
2025-04-24 12:17:00,114 [WARN] PackLoader:240 - Cannot read IP mode file for STMicroelectronics.X-CUBE-BLE2.3.3.0
2025-04-24 12:17:00,125 [WARN] PackLoader:240 - Cannot read IP mode file for STMicroelectronics.X-CUBE-NFC9.1.0.0
2025-04-24 12:17:00,132 [WARN] PackLoader:240 - Cannot read IP mode file for STMicroelectronics.X-CUBE-BLE1.7.1.0
2025-04-24 12:17:00,140 [WARN] PackLoader:240 - Cannot read IP mode file for STMicroelectronics.X-CUBE-TCPP.4.1.0
2025-04-24 12:17:00,173 [WARN] PackLoader:240 - Cannot read IP mode file for STMicroelectronics.X-CUBE-MEMS1.11.2.0
2025-04-24 12:17:00,265 [WARN] PackLoader:240 - Cannot read IP mode file for STMicroelectronics.X-CUBE-AZRTOS-G0.1.1.0
2025-04-24 12:17:00,272 [WARN] PackLoader:240 - Cannot read IP mode file for STMicroelectronics.X-CUBE-SAFEA1.1.2.2
2025-04-24 12:17:00,277 [WARN] PackLoader:240 - Cannot read IP mode file for STMicroelectronics.X-CUBE-NFC4.3.0.0
2025-04-24 12:17:00,285 [WARN] PackLoader:240 - Cannot read IP mode file for EmbeddedOffice.I-CUBE-FS-RTOS.1.0.1
2025-04-24 12:17:00,289 [WARN] PackLoader:240 - Cannot read IP mode file for STMicroelectronics.X-CUBE-WB05N.2.0.0
2025-04-24 12:17:00,294 [WARN] PackLoader:240 - Cannot read IP mode file for STMicroelectronics.X-CUBE-TCPP.4.2.0
2025-04-24 12:17:00,299 [WARN] PackLoader:240 - Cannot read IP mode file for RealThread.X-CUBE-RT-Thread_Nano.4.1.1
2025-04-24 12:17:00,303 [WARN] PackLoader:240 - Cannot read IP mode file for wolfSSL.I-CUBE-wolfSSL.5.7.0
2025-04-24 12:17:00,306 [WARN] PackLoader:240 - Cannot read IP mode file for STMicroelectronics.FP-ATR-SIGFOX1.3.2.0
2025-04-24 12:17:00,310 [WARN] ConditionMgr:438 - getConditionDescription Invalid condition id : Cortex-A Device cause : null
2025-04-24 12:17:00,328 [WARN] ConditionMgr:1044 - genDependencies : Invalid condition id : Cortex-A Device cause : null
2025-04-24 12:17:00,328 [WARN] ConditionMgr:1044 - genDependencies : Invalid condition id : Cortex-A Device cause : null
2025-04-24 12:17:00,328 [WARN] ConditionMgr:1044 - genDependencies : Invalid condition id : Cortex-A Device cause : null
2025-04-24 12:17:00,333 [WARN] PackLoader:240 - Cannot read IP mode file for STMicroelectronics.X-CUBE-EEPRMA1.5.1.0
2025-04-24 12:17:00,339 [WARN] PackLoader:240 - Cannot read IP mode file for ITTIA_DB.I-CUBE-ITTIADB.8.9.0
2025-04-24 12:17:00,365 [WARN] PackLoader:240 - Cannot read IP mode file for SEGGER.I-CUBE-embOS.1.3.1
2025-04-24 12:17:00,436 [WARN] PackLoader:240 - Cannot read IP mode file for STMicroelectronics.X-CUBE-ALGOBUILD.1.4.0
2025-04-24 12:17:00,442 [WARN] PackLoader:240 - Cannot read IP mode file for STMicroelectronics.X-CUBE-AI.9.1.0
2025-04-24 12:17:00,448 [WARN] PackLoader:240 - Cannot read IP mode file for STMicroelectronics.X-CUBE-GNSS1.6.0.0
2025-04-24 12:17:00,461 [WARN] PackLoader:240 - Cannot read IP mode file for STMicroelectronics.X-CUBE-AZRTOS-F4.1.1.0
2025-04-24 12:17:00,467 [WARN] PackLoader:240 - Cannot read IP mode file for Avnet-IotConnect.X-CUBE-IoTC-DA16k-PMOD.1.0.0
2025-04-24 12:17:00,470 [WARN] PackLoader:240 - Cannot read IP mode file for STMicroelectronics.X-CUBE-ISPU.2.1.0
2025-04-24 12:17:00,475 [WARN] PackLoader:240 - Cannot read IP mode file for STMicroelectronics.X-CUBE-FREERTOS.1.2.0
2025-04-24 12:17:00,486 [WARN] PackLoader:240 - Cannot read IP mode file for STMicroelectronics.X-CUBE-AZRTOS-L5.2.0.0
2025-04-24 12:17:00,493 [WARN] PackLoader:240 - Cannot read IP mode file for STMicroelectronics.X-CUBE-NFC6.3.1.0
2025-04-24 12:17:00,499 [WARN] PackLoader:240 - Cannot read IP mode file for STMicroelectronics.X-CUBE-DPower.1.2.0
2025-04-24 12:17:00,504 [WARN] PackLoader:240 - Cannot read IP mode file for STMicroelectronics.X-CUBE-AI.9.0.0
2025-04-24 12:17:00,600 [WARN] PackLoader:240 - Cannot read IP mode file for STMicroelectronics.X-CUBE-FREERTOS.1.3.0
2025-04-24 12:17:00,605 [WARN] PackLoader:240 - Cannot read IP mode file for STMicroelectronics.X-CUBE-NFC7.1.0.1
2025-04-24 12:17:00,608 [WARN] PackLoader:240 - Cannot read IP mode file for wolfSSL.I-CUBE-wolfTPM.3.2.0
2025-04-24 12:17:00,611 [WARN] PackLoader:240 - Cannot read IP mode file for STMicroelectronics.X-CUBE-DPower.1.3.0
2025-04-24 12:17:00,616 [WARN] PackLoader:240 - Cannot read IP mode file for STMicroelectronics.X-CUBE-AI.8.1.0
2025-04-24 12:17:00,654 [WARN] ConditionMgr:438 - getConditionDescription Invalid condition id : LAN8742 Phy interface Condition cause : null
2025-04-24 12:17:00,654 [WARN] PackLoader:240 - Cannot read IP mode file for STMicroelectronics.X-CUBE-AZRTOS-L4.2.0.0
2025-04-24 12:17:00,655 [WARN] ConditionMgr:1044 - genDependencies : Invalid condition id : LAN8742 Phy interface Condition cause : null
2025-04-24 12:17:00,655 [WARN] ConditionMgr:1044 - genDependencies : Invalid condition id : LAN8742 Phy interface Condition cause : null
2025-04-24 12:17:00,655 [WARN] ConditionMgr:1044 - genDependencies : Invalid condition id : LAN8742 Phy interface Condition cause : null
2025-04-24 12:17:00,661 [WARN] PackLoader:240 - Cannot read IP mode file for STMicroelectronics.X-CUBE-SFXS2LP1.4.0.0
2025-04-24 12:17:00,677 [WARN] PackLoader:240 - Cannot read IP mode file for STMicroelectronics.X-CUBE-AZRTOS-H7.3.3.0
2025-04-24 12:17:00,686 [WARN] PackLoader:240 - Cannot read IP mode file for STMicroelectronics.X-CUBE-IPS.3.0.0
2025-04-24 12:17:00,698 [WARN] ConditionMgr:438 - getConditionDescription Invalid condition id : UX DEVICE CLASS RTOS Condition cause : null
2025-04-24 12:17:00,699 [WARN] ConditionMgr:438 - getConditionDescription Invalid condition id : UX DEVICE CLASS RTOS Condition cause : null
2025-04-24 12:17:00,700 [WARN] PackLoader:240 - Cannot read IP mode file for STMicroelectronics.X-CUBE-AZRTOS-WB.2.0.0
2025-04-24 12:17:00,700 [WARN] ConditionMgr:1044 - genDependencies : Invalid condition id : UX DEVICE CLASS RTOS Condition cause : null
2025-04-24 12:17:00,700 [WARN] ConditionMgr:1044 - genDependencies : Invalid condition id : UX DEVICE CLASS RTOS Condition cause : null
2025-04-24 12:17:00,700 [WARN] ConditionMgr:1044 - genDependencies : Invalid condition id : UX DEVICE CLASS RTOS Condition cause : null
2025-04-24 12:17:00,701 [WARN] ConditionMgr:1044 - genDependencies : Invalid condition id : UX DEVICE CLASS RTOS Condition cause : null
2025-04-24 12:17:00,701 [WARN] ConditionMgr:1044 - genDependencies : Invalid condition id : UX DEVICE CLASS RTOS Condition cause : null
2025-04-24 12:17:00,705 [WARN] PackLoader:240 - Cannot read IP mode file for STMicroelectronics.X-CUBE-GNSS1.7.0.0
2025-04-24 12:17:00,709 [WARN] PackLoader:240 - Cannot read IP mode file for STMicroelectronics.X-CUBE-GNSS1.7.0.1
2025-04-24 12:17:00,713 [WARN] PackLoader:240 - Cannot read IP mode file for STMicroelectronics.X-CUBE-TOUCHGFX.4.25.0
2025-04-24 12:17:00,717 [WARN] PackLoader:240 - Cannot read IP mode file for STMicroelectronics.FP-SNS-STBOX1.2.0.0
2025-04-24 12:17:00,725 [WARN] PackLoader:240 - Cannot read IP mode file for STMicroelectronics.X-CUBE-SUBG2.5.0.0
2025-04-24 12:17:00,743 [WARN] PackLoader:240 - Cannot read IP mode file for STMicroelectronics.X-CUBE-AZRTOS-H7RS.1.1.0
2025-04-24 12:17:00,749 [WARN] PackLoader:240 - Cannot read IP mode file for Cesanta.I-CUBE-Mongoose.7.13.0
2025-04-24 12:17:00,759 [WARN] PackLoader:240 - Cannot read IP mode file for STMicroelectronics.X-CUBE-AZRTOS-G4.2.0.0
2025-04-24 12:17:00,763 [WARN] PackLoader:240 - Cannot read IP mode file for STMicroelectronics.X-CUBE-ISPU.2.0.0
2025-04-24 12:17:00,771 [WARN] PackLoader:240 - Cannot read IP mode file for STMicroelectronics.X-CUBE-IPS.3.1.0
2025-04-24 12:17:00,777 [WARN] PackLoader:240 - Cannot read IP mode file for STMicroelectronics.X-CUBE-ALS.1.0.2
2025-04-24 12:17:00,799 [WARN] PackLoader:240 - Cannot read IP mode file for STMicroelectronics.X-CUBE-MEMS1.10.0.0
2025-04-24 12:17:00,867 [WARN] PackLoader:240 - Cannot read IP mode file for STMicroelectronics.X-CUBE-TOUCHGFX.4.24.0
2025-04-24 12:17:00,870 [WARN] PackLoader:240 - Cannot read IP mode file for STMicroelectronics.X-CUBE-TOUCHGFX.4.24.2
2025-04-24 12:17:00,873 [WARN] PackLoader:240 - Cannot read IP mode file for STMicroelectronics.X-CUBE-TOUCHGFX.4.24.1
2025-04-24 12:17:00,877 [WARN] PackLoader:240 - Cannot read IP mode file for portGmbH.I-Cube-SoM-uGOAL.1.1.0
2025-04-24 12:17:00,888 [WARN] PackLoader:240 - Cannot read IP mode file for STMicroelectronics.X-CUBE-AZRTOS-H7RS.1.0.0
2025-04-24 12:17:00,893 [WARN] PackLoader:240 - Cannot read IP mode file for STMicroelectronics.FP-ATR-ASTRA1.2.0.0
2025-04-24 12:17:00,900 [WARN] PackLoader:240 - Cannot read IP mode file for STMicroelectronics.X-CUBE-TOF1.3.4.2
2025-04-24 12:17:00,919 [WARN] PackLoader:240 - Cannot read IP mode file for STMicroelectronics.X-CUBE-TOF1.3.4.3
2025-04-24 12:17:00,933 [WARN] PackLoader:240 - Cannot read IP mode file for STMicroelectronics.X-CUBE-TOF1.3.4.1
2025-04-24 12:17:00,951 [WARN] PackLoader:240 - Cannot read IP mode file for STMicroelectronics.X-CUBE-AZRTOS-H7.3.2.0
2025-04-24 12:17:00,962 [WARN] PackLoader:240 - Cannot read IP mode file for Infineon.AIROC-Wi-Fi-Bluetooth-STM32.1.6.0
2025-04-24 12:17:00,970 [WARN] PackLoader:240 - Cannot read IP mode file for wolfSSL.I-CUBE-wolfSSH.1.4.17
2025-04-24 12:17:00,971 [INFO] ThirdParty:978 - Integrity check success = true
2025-04-24 12:17:00,971 [INFO] IntegrityCheckThread:100 - exiting critical section [integrity check]
2025-04-24 12:17:00,971 [INFO] IntegrityCheckThread:103 - End integrity checks thread
