2025-04-12 09:57:24,976 [INFO] Activator:176 - 


2025-04-12 09:57:24,989 [INFO] Activator:177 - !SESSION log4j initialized
2025-04-12 09:57:32,169 [INFO] LogOutputStream:77 - [STDOUT_REDIRECT] 
2025-04-12 09:57:35,424 [INFO] ApplicationProperties:184 - Using Application install path: C:\ST\STM32CubeIDE_1.15.1\STM32CubeIDE\plugins\com.st.stm32cube.common.mx_6.14.0.202502271554
2025-04-12 09:57:35,519 [INFO] DbMcusXml:78 - Set database path to: C:\ST\STM32CubeIDE_1.15.1\STM32CubeIDE\plugins\com.st.stm32cube.common.mx_6.14.0.202502271554\\db\/mcu/
2025-04-12 09:57:35,519 [INFO] ApiDb:274 - Set plugin database path to: C:\ST\STM32CubeIDE_1.15.1\STM32CubeIDE\plugins\com.st.stm32cube.common.mx_6.14.0.202502271554\\db\/plugins/boardmanager/
2025-04-12 09:57:35,523 [WARN] ApiDb:259 - Overriding images path with different value:  => C:\ST\STM32CubeIDE_1.15.1\STM32CubeIDE\plugins\com.st.stm32cube.common.mx_6.14.0.202502271554\\db\/plugins/mcufinder/images/
2025-04-12 09:57:35,556 [INFO] ApiDb:250 - Set database path to: C:\Users\PANKAJA\.stmcufinder\plugins\mcufinder//mcu/
2025-04-12 09:57:35,562 [INFO] DbMcusAds:125 - Set database path to: C:\Users\PANKAJA\.stmcufinder\plugins\mcufinder//mcu/
2025-04-12 09:57:35,585 [INFO] CrossReferenceDbSqlite:203 - Set database path to: C:\Users\PANKAJA\.stmcufinder\plugins\mcufinder//mcu/cs/
2025-04-12 09:57:36,309 [INFO] RulesReader:64 - Compatibility file has been processed (301 Rules)
2025-04-12 09:57:36,806 [INFO] DbMcusXml:78 - Set database path to: C:\ST\STM32CubeIDE_1.15.1\STM32CubeIDE\plugins\com.st.stm32cube.common.mx_6.14.0.202502271554\\db\/mcu/
2025-04-12 09:57:36,806 [INFO] ApiDb:274 - Set plugin database path to: C:\ST\STM32CubeIDE_1.15.1\STM32CubeIDE\plugins\com.st.stm32cube.common.mx_6.14.0.202502271554\\db\/plugins/boardmanager/
2025-04-12 09:57:36,807 [INFO] ApiDb:261 - Set plugin images path to: C:\ST\STM32CubeIDE_1.15.1\STM32CubeIDE\plugins\com.st.stm32cube.common.mx_6.14.0.202502271554\\db\/plugins/mcufinder/images/
2025-04-12 09:57:36,808 [WARN] DbFile:41 - Overriding database path with different value: C:\Users\PANKAJA\.stmcufinder\plugins\mcufinder/ => C:\Users\PANKAJA\.stmcufinder\plugins\mcufinder
2025-04-12 09:57:36,808 [INFO] ApiDb:250 - Set database path to: C:\Users\PANKAJA\.stmcufinder\plugins\mcufinder//mcu/
2025-04-12 09:57:36,808 [WARN] DbFile:41 - Overriding database path with different value: C:\Users\PANKAJA\.stmcufinder\plugins\mcufinder/ => C:\Users\PANKAJA\.stmcufinder\plugins\mcufinder
2025-04-12 09:57:36,808 [INFO] DbMcusAds:125 - Set database path to: C:\Users\PANKAJA\.stmcufinder\plugins\mcufinder//mcu/
2025-04-12 09:57:36,808 [WARN] DbFile:41 - Overriding database path with different value: C:\Users\PANKAJA\.stmcufinder\plugins\mcufinder/ => C:\Users\PANKAJA\.stmcufinder\plugins\mcufinder
2025-04-12 09:57:36,808 [WARN] DbFile:41 - Overriding database path with different value: C:\Users\PANKAJA\.stmcufinder\plugins\mcufinder/ => C:\Users\PANKAJA\.stmcufinder\plugins\mcufinder
2025-04-12 09:57:36,808 [INFO] CrossReferenceDbSqlite:203 - Set database path to: C:\Users\PANKAJA\.stmcufinder\plugins\mcufinder//mcu/cs/
2025-04-12 09:57:37,142 [INFO] MainPanel:272 - HeapMemory: 268435456
2025-04-12 09:57:37,547 [INFO] DbMcusXml:78 - Set database path to: C:\ST\STM32CubeIDE_1.15.1\STM32CubeIDE\plugins\com.st.stm32cube.common.mx_6.14.0.202502271554\\db\/mcu/
2025-04-12 09:57:37,547 [INFO] ApiDb:274 - Set plugin database path to: C:\ST\STM32CubeIDE_1.15.1\STM32CubeIDE\plugins\com.st.stm32cube.common.mx_6.14.0.202502271554\\db\/plugins/boardmanager/
2025-04-12 09:57:37,548 [INFO] ApiDb:261 - Set plugin images path to: C:\ST\STM32CubeIDE_1.15.1\STM32CubeIDE\plugins\com.st.stm32cube.common.mx_6.14.0.202502271554\\db\/plugins/mcufinder/images/
2025-04-12 09:57:37,548 [WARN] DbFile:41 - Overriding database path with different value: C:\Users\PANKAJA\.stmcufinder\plugins\mcufinder/ => C:\Users\PANKAJA\.stmcufinder\plugins\mcufinder
2025-04-12 09:57:37,548 [INFO] ApiDb:250 - Set database path to: C:\Users\PANKAJA\.stmcufinder\plugins\mcufinder//mcu/
2025-04-12 09:57:37,549 [WARN] DbFile:41 - Overriding database path with different value: C:\Users\PANKAJA\.stmcufinder\plugins\mcufinder/ => C:\Users\PANKAJA\.stmcufinder\plugins\mcufinder
2025-04-12 09:57:37,549 [INFO] DbMcusAds:125 - Set database path to: C:\Users\PANKAJA\.stmcufinder\plugins\mcufinder//mcu/
2025-04-12 09:57:37,549 [WARN] DbFile:41 - Overriding database path with different value: C:\Users\PANKAJA\.stmcufinder\plugins\mcufinder/ => C:\Users\PANKAJA\.stmcufinder\plugins\mcufinder
2025-04-12 09:57:37,549 [WARN] DbFile:41 - Overriding database path with different value: C:\Users\PANKAJA\.stmcufinder\plugins\mcufinder/ => C:\Users\PANKAJA\.stmcufinder\plugins\mcufinder
2025-04-12 09:57:37,549 [INFO] CrossReferenceDbSqlite:203 - Set database path to: C:\Users\PANKAJA\.stmcufinder\plugins\mcufinder//mcu/cs/
2025-04-12 09:57:37,632 [INFO] ApplicationProperties:184 - Using Application install path: C:\ST\STM32CubeIDE_1.15.1\STM32CubeIDE\plugins\com.st.stm32cube.common.mx_6.14.0.202502271554
2025-04-12 09:57:37,640 [INFO] PluginManage:196 - Search for loadable plugins [exclusion list=, ]
2025-04-12 09:57:37,648 [INFO] PluginManage:310 - Check plugin analytics
2025-04-12 09:57:38,790 [INFO] AnalyticsPlugin:253 - Accepted Software Licenses: STM32CubeMX.6.11.1
2025-04-12 09:57:38,791 [INFO] AnalyticsPlugin:255 - Accepted CMSIS Pack Licenses: STMicroelectronics.X-CUBE-AI.9.0.0,STMicroelectronics.X-CUBE-AI.8.1.0
2025-04-12 09:57:38,791 [INFO] AnalyticsPlugin:257 - Accepted Firmware Licenses: FW.F4.1.28.0
2025-04-12 09:57:38,809 [INFO] PluginManage:359 - Loaded plugin analytics (category:tool,tabindex:-1)
2025-04-12 09:57:38,810 [INFO] PluginManage:310 - Check plugin cadmodel
2025-04-12 09:57:38,834 [INFO] CADModel:105 - Init CAD model plugin
2025-04-12 09:57:38,835 [INFO] PluginManage:359 - Loaded plugin cadmodel (category:power,tabindex:5)
2025-04-12 09:57:38,836 [INFO] PluginManage:310 - Check plugin clock
2025-04-12 09:57:38,896 [INFO] PluginManage:359 - Loaded plugin clock (category:base,tabindex:2)
2025-04-12 09:57:38,897 [INFO] PluginManage:310 - Check plugin ddr
2025-04-12 09:57:38,920 [INFO] PluginManage:359 - Loaded plugin ddr (category:tool,tabindex:6)
2025-04-12 09:57:38,922 [INFO] PluginManage:310 - Check plugin filemanager
2025-04-12 09:57:40,018 [INFO] PluginManage:359 - Loaded plugin filemanager (category:base,tabindex:10)
2025-04-12 09:57:40,018 [INFO] PluginManage:310 - Check plugin ipmanager
2025-04-12 09:57:40,054 [INFO] PluginManage:359 - Loaded plugin ipmanager (category:base,tabindex:5)
2025-04-12 09:57:40,054 [INFO] PluginManage:310 - Check plugin lpbam
2025-04-12 09:57:40,098 [INFO] PluginManage:359 - Loaded plugin lpbam (category:base,tabindex:0)
2025-04-12 09:57:40,099 [INFO] PluginManage:310 - Check plugin memorymap
2025-04-12 09:57:40,252 [INFO] PluginManage:359 - Loaded plugin memorymap (category:base,tabindex:4)
2025-04-12 09:57:40,253 [INFO] PluginManage:310 - Check plugin pinoutandconfiguration
2025-04-12 09:57:40,321 [INFO] PluginManage:359 - Loaded plugin pinoutandconfiguration (category:base,tabindex:1)
2025-04-12 09:57:40,323 [INFO] PluginManage:310 - Check plugin pinoutconfig
2025-04-12 09:57:40,951 [WARN] SupportedApi:132 - Cannot load RTOS API schema: s4s-elt-must-match.1: The content of 'definitions' must match (annotation?, (simpleType | complexType)?, (unique | key | keyref)*)). A problem was found starting at: attribute.
2025-04-12 09:57:42,148 [INFO] PluginManage:359 - Loaded plugin pinoutconfig (category:base,tabindex:0)
2025-04-12 09:57:42,149 [INFO] PluginManage:310 - Check plugin power
2025-04-12 09:57:42,182 [INFO] PluginManage:359 - Loaded plugin power (category:power,tabindex:4)
2025-04-12 09:57:42,182 [INFO] PluginManage:310 - Check plugin projectmanager
2025-04-12 09:57:42,237 [INFO] PluginManage:359 - Loaded plugin projectmanager (category:projectmanager,tabindex:4)
2025-04-12 09:57:42,238 [INFO] PluginManage:310 - Check plugin rif
2025-04-12 09:57:42,273 [INFO] PluginManage:359 - Loaded plugin rif (category:base,tabindex:3)
2025-04-12 09:57:42,273 [INFO] PluginManage:310 - Check plugin thirdparty
2025-04-12 09:57:42,831 [WARN] IntegrityCheckThread:84 - waiting for thirdparty lock release [integrity check]
2025-04-12 09:57:42,831 [INFO] IntegrityCheckThread:86 - entering critical section [integrity check]
2025-04-12 09:57:42,832 [INFO] ThirdPartyUpdaterWithRetryManager:70 - Updater plugin not ready yet. [1/15]
2025-04-12 09:57:42,832 [INFO] PluginManage:359 - Loaded plugin thirdparty (category:base,tabindex:-1)
2025-04-12 09:57:42,832 [INFO] PluginManage:310 - Check plugin tools
2025-04-12 09:57:42,846 [INFO] PluginManage:359 - Loaded plugin tools (category:base,tabindex:7)
2025-04-12 09:57:42,846 [INFO] PluginManage:310 - Check plugin tutovideos
2025-04-12 09:57:43,435 [INFO] PluginManage:359 - Loaded plugin tutovideos (category:base,tabindex:-1)
2025-04-12 09:57:43,435 [INFO] PluginManage:310 - Check plugin updater
2025-04-12 09:57:43,501 [INFO] PluginManage:359 - Loaded plugin updater (category:base,tabindex:12)
2025-04-12 09:57:43,502 [INFO] PluginManage:310 - Check plugin userauth
2025-04-12 09:57:43,511 [INFO] UserAuth:118 - Init User Auth plugin
2025-04-12 09:57:43,513 [INFO] PluginManage:359 - Loaded plugin userauth (category:base,tabindex:14)
2025-04-12 09:57:43,515 [INFO] PluginManage:283 - PluginManage : Loaded plugins [18]
2025-04-12 09:57:44,182 [INFO] PinOutPanel:1589 - setPackage(No Configuration,No Configuration)
2025-04-12 09:57:44,415 [INFO] CADModel:165 - CPN selected for project level
2025-04-12 09:57:44,415 [INFO] CADModel:114 - Register for checkConnection events
2025-04-12 09:57:44,463 [INFO] IPUIPlugin:80 - create IPUIPlugin
2025-04-12 09:57:44,467 [INFO] PluginManager:220 - loadIPPluginJar : add adc
2025-04-12 09:57:44,475 [INFO] IPUIPlugin:80 - create IPUIPlugin
2025-04-12 09:57:44,475 [INFO] PluginManager:220 - loadIPPluginJar : add aes
2025-04-12 09:57:44,481 [INFO] IPUIPlugin:80 - create IPUIPlugin
2025-04-12 09:57:44,482 [INFO] PluginManager:220 - loadIPPluginJar : add can
2025-04-12 09:57:44,487 [INFO] IPUIPlugin:80 - create IPUIPlugin
2025-04-12 09:57:44,487 [INFO] PluginManager:220 - loadIPPluginJar : add comp
2025-04-12 09:57:44,495 [INFO] IPUIPlugin:80 - create IPUIPlugin
2025-04-12 09:57:44,495 [INFO] PluginManager:220 - loadIPPluginJar : add cryp
2025-04-12 09:57:44,502 [INFO] IPUIPlugin:80 - create IPUIPlugin
2025-04-12 09:57:44,502 [INFO] PluginManager:220 - loadIPPluginJar : add ddr_ctrl_phy
2025-04-12 09:57:44,512 [INFO] IPUIPlugin:80 - create IPUIPlugin
2025-04-12 09:57:44,512 [INFO] PluginManager:220 - loadIPPluginJar : add dfsdm
2025-04-12 09:57:44,527 [INFO] IPUIPlugin:80 - create IPUIPlugin
2025-04-12 09:57:44,529 [INFO] PluginManager:220 - loadIPPluginJar : add dma
2025-04-12 09:57:44,538 [INFO] IPUIPlugin:80 - create IPUIPlugin
2025-04-12 09:57:44,539 [INFO] PluginManager:220 - loadIPPluginJar : add dma3
2025-04-12 09:57:44,546 [INFO] IPUIPlugin:80 - create IPUIPlugin
2025-04-12 09:57:44,547 [INFO] PluginManager:220 - loadIPPluginJar : add extmemmanager
2025-04-12 09:57:44,555 [INFO] IPUIPlugin:80 - create IPUIPlugin
2025-04-12 09:57:44,557 [INFO] PluginManager:220 - loadIPPluginJar : add fatfs
2025-04-12 09:57:44,568 [INFO] IPUIPlugin:80 - create IPUIPlugin
2025-04-12 09:57:44,568 [INFO] PluginManager:220 - loadIPPluginJar : add fmc
2025-04-12 09:57:44,584 [INFO] IPUIPlugin:80 - create IPUIPlugin
2025-04-12 09:57:44,585 [INFO] PluginManager:220 - loadIPPluginJar : add freertos
2025-04-12 09:57:44,588 [INFO] IPUIPlugin:80 - create IPUIPlugin
2025-04-12 09:57:44,589 [INFO] PluginManager:220 - loadIPPluginJar : add genericplugin
2025-04-12 09:57:44,596 [INFO] IPUIPlugin:80 - create IPUIPlugin
2025-04-12 09:57:44,596 [INFO] PluginManager:220 - loadIPPluginJar : add gfxmmu
2025-04-12 09:57:44,608 [INFO] IPUIPlugin:80 - create IPUIPlugin
2025-04-12 09:57:44,608 [INFO] PluginManager:220 - loadIPPluginJar : add gic
2025-04-12 09:57:44,618 [INFO] IPUIPlugin:80 - create IPUIPlugin
2025-04-12 09:57:44,618 [INFO] PluginManager:220 - loadIPPluginJar : add gpio
2025-04-12 09:57:44,630 [INFO] IPUIPlugin:80 - create IPUIPlugin
2025-04-12 09:57:44,631 [INFO] PluginManager:220 - loadIPPluginJar : add gtzc
2025-04-12 09:57:44,644 [INFO] IPUIPlugin:80 - create IPUIPlugin
2025-04-12 09:57:44,644 [INFO] PluginManager:220 - loadIPPluginJar : add hash
2025-04-12 09:57:44,654 [INFO] IPUIPlugin:80 - create IPUIPlugin
2025-04-12 09:57:44,654 [INFO] PluginManager:220 - loadIPPluginJar : add i2c
2025-04-12 09:57:44,659 [INFO] IPUIPlugin:80 - create IPUIPlugin
2025-04-12 09:57:44,660 [INFO] PluginManager:220 - loadIPPluginJar : add i2s
2025-04-12 09:57:44,667 [INFO] IPUIPlugin:80 - create IPUIPlugin
2025-04-12 09:57:44,668 [INFO] PluginManager:220 - loadIPPluginJar : add i3c
2025-04-12 09:57:44,677 [INFO] IPUIPlugin:80 - create IPUIPlugin
2025-04-12 09:57:44,677 [INFO] PluginManager:220 - loadIPPluginJar : add ipddr
2025-04-12 09:57:44,694 [INFO] IPUIPlugin:80 - create IPUIPlugin
2025-04-12 09:57:44,735 [INFO] PluginManager:220 - loadIPPluginJar : add linkedlist
2025-04-12 09:57:44,757 [INFO] IPUIPlugin:80 - create IPUIPlugin
2025-04-12 09:57:44,757 [INFO] PluginManager:220 - loadIPPluginJar : add lorawan
2025-04-12 09:57:44,761 [INFO] IPUIPlugin:80 - create IPUIPlugin
2025-04-12 09:57:44,761 [INFO] PluginManager:220 - loadIPPluginJar : add ltdc
2025-04-12 09:57:44,774 [INFO] IPUIPlugin:80 - create IPUIPlugin
2025-04-12 09:57:44,774 [INFO] PluginManager:220 - loadIPPluginJar : add mdma
2025-04-12 09:57:44,782 [INFO] IPUIPlugin:80 - create IPUIPlugin
2025-04-12 09:57:44,782 [INFO] PluginManager:220 - loadIPPluginJar : add nvic
2025-04-12 09:57:44,788 [INFO] IPUIPlugin:80 - create IPUIPlugin
2025-04-12 09:57:44,789 [INFO] PluginManager:220 - loadIPPluginJar : add opamp
2025-04-12 09:57:44,798 [INFO] IPUIPlugin:80 - create IPUIPlugin
2025-04-12 09:57:44,799 [INFO] PluginManager:220 - loadIPPluginJar : add openamp
2025-04-12 09:57:44,812 [INFO] IPUIPlugin:80 - create IPUIPlugin
2025-04-12 09:57:44,812 [INFO] PluginManager:220 - loadIPPluginJar : add pdm2pcm
2025-04-12 09:57:44,832 [INFO] IPUIPlugin:80 - create IPUIPlugin
2025-04-12 09:57:44,841 [INFO] PluginManager:220 - loadIPPluginJar : add plateformsettings
2025-04-12 09:57:44,845 [INFO] IPUIPlugin:80 - create IPUIPlugin
2025-04-12 09:57:44,845 [INFO] PluginManager:220 - loadIPPluginJar : add quadspi
2025-04-12 09:57:44,851 [INFO] IPUIPlugin:80 - create IPUIPlugin
2025-04-12 09:57:44,852 [INFO] PluginManager:220 - loadIPPluginJar : add radio
2025-04-12 09:57:44,877 [INFO] IPUIPlugin:80 - create IPUIPlugin
2025-04-12 09:57:44,877 [INFO] PluginManager:220 - loadIPPluginJar : add resmgrutility
2025-04-12 09:57:44,889 [INFO] IPUIPlugin:80 - create IPUIPlugin
2025-04-12 09:57:44,889 [INFO] PluginManager:220 - loadIPPluginJar : add sai
2025-04-12 09:57:44,896 [INFO] IPUIPlugin:80 - create IPUIPlugin
2025-04-12 09:57:44,897 [INFO] PluginManager:220 - loadIPPluginJar : add spi
2025-04-12 09:57:44,911 [INFO] IPUIPlugin:80 - create IPUIPlugin
2025-04-12 09:57:44,911 [INFO] PluginManager:220 - loadIPPluginJar : add stm32_wpan
2025-04-12 09:57:44,918 [INFO] IPUIPlugin:80 - create IPUIPlugin
2025-04-12 09:57:44,918 [INFO] PluginManager:220 - loadIPPluginJar : add tim
2025-04-12 09:57:44,927 [INFO] IPUIPlugin:80 - create IPUIPlugin
2025-04-12 09:57:44,927 [INFO] PluginManager:220 - loadIPPluginJar : add touchsensing
2025-04-12 09:57:44,935 [INFO] IPUIPlugin:80 - create IPUIPlugin
2025-04-12 09:57:44,935 [INFO] PluginManager:220 - loadIPPluginJar : add tracer_emb
2025-04-12 09:57:44,940 [INFO] IPUIPlugin:80 - create IPUIPlugin
2025-04-12 09:57:44,940 [INFO] PluginManager:220 - loadIPPluginJar : add ts
2025-04-12 09:57:44,946 [INFO] IPUIPlugin:80 - create IPUIPlugin
2025-04-12 09:57:44,946 [INFO] PluginManager:220 - loadIPPluginJar : add tsc
2025-04-12 09:57:44,953 [INFO] IPUIPlugin:80 - create IPUIPlugin
2025-04-12 09:57:44,953 [INFO] PluginManager:220 - loadIPPluginJar : add ucpd
2025-04-12 09:57:44,960 [INFO] IPUIPlugin:80 - create IPUIPlugin
2025-04-12 09:57:44,960 [INFO] PluginManager:220 - loadIPPluginJar : add usart
2025-04-12 09:57:44,968 [INFO] IPUIPlugin:80 - create IPUIPlugin
2025-04-12 09:57:44,969 [INFO] PluginManager:220 - loadIPPluginJar : add usbx
2025-04-12 09:57:45,209 [FATAL] Updater:351 - Updater called before beeing initialized
2025-04-12 09:57:45,283 [INFO] RulesReader:64 - Compatibility file has been processed (301 Rules)
2025-04-12 09:57:45,317 [INFO] RulesReader:64 - Compatibility file has been processed (301 Rules)
2025-04-12 09:57:45,381 [INFO] CADModel:165 - CPN selected for project level
2025-04-12 09:57:45,381 [INFO] CADModel:114 - Register for checkConnection events
2025-04-12 09:57:45,381 [FATAL] Updater:351 - Updater called before beeing initialized
2025-04-12 09:57:45,381 [ERROR] CADModel:125 - Updater not yet initialized, retry later 
2025-04-12 09:57:45,835 [INFO] ThirdPartyUpdaterWithRetryManager:70 - Updater plugin not ready yet. [2/15]
2025-04-12 09:57:45,921 [FATAL] Updater:351 - Updater called before beeing initialized
2025-04-12 09:57:45,927 [INFO] CADModel:165 - CPN selected for project level
2025-04-12 09:57:45,928 [INFO] CADModel:114 - Register for checkConnection events
2025-04-12 09:57:45,928 [FATAL] Updater:351 - Updater called before beeing initialized
2025-04-12 09:57:45,928 [ERROR] CADModel:125 - Updater not yet initialized, retry later 
2025-04-12 09:57:45,935 [FATAL] Updater:351 - Updater called before beeing initialized
2025-04-12 09:57:46,272 [FATAL] Updater:351 - Updater called before beeing initialized
2025-04-12 09:57:46,282 [INFO] DbMcusAds:53 - JSON generation date=Thu Mar 06 20:24:21 IST 2025 (1741272861825)
2025-04-12 09:57:46,284 [FATAL] Updater:351 - Updater called before beeing initialized
2025-04-12 09:57:46,370 [WARN] DetailPanel:346 - Failed to get advertising image, set to default
2025-04-12 09:57:46,917 [FATAL] Updater:351 - Updater called before beeing initialized
2025-04-12 09:57:46,919 [FATAL] Updater:351 - Updater called before beeing initialized
2025-04-12 09:57:46,920 [FATAL] Updater:351 - Updater called before beeing initialized
2025-04-12 09:57:46,920 [WARN] DetailPanel:346 - Failed to get advertising image, set to default
2025-04-12 09:57:46,922 [FATAL] Updater:351 - Updater called before beeing initialized
2025-04-12 09:57:47,078 [ERROR] Updater:1198 - MainUpdater not yet initialized. External WinMGr cannot be set.
2025-04-12 09:57:47,082 [INFO] Updater:1134 - Updater Version found : 6.14.0
2025-04-12 09:57:47,115 [INFO] ApplicationProperties:184 - Using Application install path: C:\ST\STM32CubeIDE_1.15.1\STM32CubeIDE\plugins\com.st.stm32cube.common.mx_6.14.0.202502271554
2025-04-12 09:57:48,246 [INFO] MainUpdater:2872 - connection check result : 10
2025-04-12 09:57:48,246 [INFO] MainUpdater:3566 - Updater definition file requires update
2025-04-12 09:57:48,249 [INFO] MainUpdater:289 - Updater Check For Update Now.
2025-04-12 09:57:48,249 [INFO] MicroXplorer:498 - Change Database Version : DB.6.0.140
2025-04-12 09:57:48,266 [INFO] McuFinderGlobals:63 - Set McuFinder mode to 2 (CubeIDE integrated)
2025-04-12 09:57:48,268 [INFO] UserAuth:486 - Internet connection configuration mode: 1
2025-04-12 09:57:48,318 [INFO] JxBrowserEngine:152 - Initiate JxBrowser Engine with user profile folder
2025-04-12 09:57:48,586 [INFO] ServerAccessManage:473 - Download File updaters.zip
2025-04-12 09:57:48,823 [INFO] FileExtend:242 - Unzip File : updaters.zip
2025-04-12 09:57:48,824 [INFO] FileExtend:257 - Standard Zip Deflate
2025-04-12 09:57:48,848 [WARN] MainUpdater:1193 - Updater busy. Cannot search thirdparties
2025-04-12 09:57:48,848 [INFO] ThirdPartyUpdaterWithRetryManager:96 - Updater plugin is busy. [1/15]
2025-04-12 09:57:49,729 [INFO] ServerAccessManage:473 - Download File PacksControlFlags.xml
2025-04-12 09:57:50,018 [INFO] ServerAccessManage:473 - Download File cubemx.pidx
2025-04-12 09:57:50,340 [INFO] LoadServerUpdatesThread:375 - End of LoadServerUpdate Thread
2025-04-12 09:57:50,696 [INFO] CheckServerUpdateThread:120 - End of CheckServer Thread
2025-04-12 09:57:51,371 [INFO] WebApp:169 - Instantiating new browser for Auth
2025-04-12 09:57:52,672 [WARN] PackLoader:240 - Cannot read IP mode file for STMicroelectronics.FP-SNS-MOTENVWB1.1.4.0
2025-04-12 09:57:52,696 [WARN] PackLoader:240 - Cannot read IP mode file for STMicroelectronics.FP-ATR-ASTRA1.2.0.2
2025-04-12 09:57:52,708 [WARN] PackLoader:240 - Cannot read IP mode file for STMicroelectronics.FP-ATR-ASTRA1.2.0.1
2025-04-12 09:57:52,725 [WARN] PackLoader:240 - Cannot read IP mode file for STMicroelectronics.X-CUBE-SMBUS.2.1.0
2025-04-12 09:57:52,735 [INFO] WebApp:463 - Apply proxy settings
2025-04-12 09:57:52,736 [INFO] WebApp:548 - Chromium requires no authentication
2025-04-12 09:57:52,744 [WARN] PackLoader:240 - Cannot read IP mode file for STMicroelectronics.X-CUBE-WB05N.1.1.0
2025-04-12 09:57:52,755 [INFO] WebApp:491 - Direct internet connection detected
2025-04-12 09:57:52,756 [WARN] PackLoader:240 - Cannot read IP mode file for STMicroelectronics.X-CUBE-TOUCHGFX.4.23.2
2025-04-12 09:57:52,840 [WARN] PackLoader:240 - Cannot read IP mode file for STMicroelectronics.X-CUBE-AZRTOS-F7.1.1.0
2025-04-12 09:57:52,881 [INFO] WebApp:894 - Register for checkConnection events
2025-04-12 09:57:52,882 [INFO] WebApp:463 - Apply proxy settings
2025-04-12 09:57:52,882 [INFO] WebApp:548 - Chromium requires no authentication
2025-04-12 09:57:52,883 [INFO] WebApp:491 - Direct internet connection detected
2025-04-12 09:57:53,008 [WARN] PackLoader:240 - Cannot read IP mode file for STMicroelectronics.X-CUBE-MEMS1.11.0.0
2025-04-12 09:57:53,064 [INFO] WebApp:191 - Connection restablished
2025-04-12 09:57:53,331 [WARN] PackLoader:240 - Cannot read IP mode file for STMicroelectronics.FP-SNS-FLIGHT1.5.0.2
2025-04-12 09:57:53,349 [WARN] PackLoader:240 - Cannot read IP mode file for STMicroelectronics.X-CUBE-DISPLAY.3.0.0
2025-04-12 09:57:53,372 [WARN] PackLoader:240 - Cannot read IP mode file for STMicroelectronics.X-CUBE-BLE1.7.0.0
2025-04-12 09:57:53,397 [WARN] PackLoader:240 - Cannot read IP mode file for STMicroelectronics.X-CUBE-NFC10.1.0.0
2025-04-12 09:57:53,425 [WARN] PackLoader:240 - Cannot read IP mode file for STMicroelectronics.X-CUBE-BLEMGR.4.0.0
2025-04-12 09:57:53,452 [WARN] PackLoader:240 - Cannot read IP mode file for emotas.I-CUBE-CANOPEN.1.3.0
2025-04-12 09:57:53,473 [WARN] PackLoader:240 - Cannot read IP mode file for STMicroelectronics.X-CUBE-BLEMGR.3.1.0
2025-04-12 09:57:53,492 [WARN] PackLoader:240 - Cannot read IP mode file for STMicroelectronics.X-CUBE-AI.10.0.0
2025-04-12 09:57:53,509 [WARN] PackLoader:240 - Cannot read IP mode file for STMicroelectronics.FP-SNS-SMARTAG2.1.2.0
2025-04-12 09:57:53,518 [WARN] PackLoader:240 - Cannot read IP mode file for STMicroelectronics.FP-SNS-FLIGHT1.5.1.0
2025-04-12 09:57:53,631 [WARN] PackLoader:240 - Cannot read IP mode file for STMicroelectronics.X-CUBE-MEMS1.11.1.0
2025-04-12 09:57:53,877 [INFO] LogOutputStream:77 - [STDOUT_REDIRECT] 1 : Invalid condition id : UX_CORESTACK_Condition cause : null
2025-04-12 09:57:53,879 [INFO] LogOutputStream:77 - [STDOUT_REDIRECT] 1 : Invalid condition id : UX_CORESTACK_Condition cause : null
2025-04-12 09:57:53,884 [INFO] LogOutputStream:77 - [STDOUT_REDIRECT] 1 : Invalid condition id : UX_CORESTACK_Condition cause : null
2025-04-12 09:57:53,891 [INFO] LogOutputStream:77 - [STDOUT_REDIRECT] 1 : Invalid condition id : UX_CORESTACK_Condition cause : null
2025-04-12 09:57:53,894 [INFO] LogOutputStream:77 - [STDOUT_REDIRECT] 1 : Invalid condition id : UX_CORESTACK_Condition cause : null
2025-04-12 09:57:53,901 [WARN] PackLoader:240 - Cannot read IP mode file for STMicroelectronics.X-CUBE-AZRTOS-WL.2.0.0
2025-04-12 09:57:53,928 [WARN] PackLoader:240 - Cannot read IP mode file for STMicroelectronics.FP-SNS-MOTENV1.5.0.0
2025-04-12 09:57:53,945 [WARN] PackLoader:240 - Cannot read IP mode file for wolfSSL.I-CUBE-wolfMQTT.1.19.0
2025-04-12 09:57:53,975 [WARN] PackLoader:240 - Cannot read IP mode file for WES.I-CUBE-Cesium.1.3.0
2025-04-12 09:57:54,005 [WARN] PackLoader:240 - Cannot read IP mode file for STMicroelectronics.X-CUBE-BLE2.3.3.0
2025-04-12 09:57:54,020 [WARN] PackLoader:240 - Cannot read IP mode file for STMicroelectronics.X-CUBE-NFC9.1.0.0
2025-04-12 09:57:54,035 [WARN] PackLoader:240 - Cannot read IP mode file for STMicroelectronics.X-CUBE-BLE1.7.1.0
2025-04-12 09:57:54,051 [WARN] PackLoader:240 - Cannot read IP mode file for STMicroelectronics.X-CUBE-TCPP.4.1.0
2025-04-12 09:57:54,090 [WARN] PackLoader:240 - Cannot read IP mode file for STMicroelectronics.X-CUBE-AZRTOS-G0.1.1.0
2025-04-12 09:57:54,106 [WARN] PackLoader:240 - Cannot read IP mode file for STMicroelectronics.X-CUBE-SAFEA1.1.2.2
2025-04-12 09:57:54,124 [WARN] PackLoader:240 - Cannot read IP mode file for STMicroelectronics.X-CUBE-NFC4.3.0.0
2025-04-12 09:57:54,145 [WARN] PackLoader:240 - Cannot read IP mode file for EmbeddedOffice.I-CUBE-FS-RTOS.1.0.1
2025-04-12 09:57:54,159 [WARN] PackLoader:240 - Cannot read IP mode file for STMicroelectronics.X-CUBE-TCPP.4.2.0
2025-04-12 09:57:54,181 [WARN] PackLoader:240 - Cannot read IP mode file for RealThread.X-CUBE-RT-Thread_Nano.4.1.1
2025-04-12 09:57:54,194 [WARN] PackLoader:240 - Cannot read IP mode file for wolfSSL.I-CUBE-wolfSSL.5.7.0
2025-04-12 09:57:54,202 [WARN] PackLoader:240 - Cannot read IP mode file for STMicroelectronics.FP-ATR-SIGFOX1.3.2.0
2025-04-12 09:57:54,214 [WARN] ConditionMgr:438 - getConditionDescription Invalid condition id : Cortex-A Device cause : null
2025-04-12 09:57:54,261 [WARN] ConditionMgr:1044 - genDependencies : Invalid condition id : Cortex-A Device cause : null
2025-04-12 09:57:54,261 [WARN] ConditionMgr:1044 - genDependencies : Invalid condition id : Cortex-A Device cause : null
2025-04-12 09:57:54,261 [WARN] ConditionMgr:1044 - genDependencies : Invalid condition id : Cortex-A Device cause : null
2025-04-12 09:57:54,279 [WARN] PackLoader:240 - Cannot read IP mode file for STMicroelectronics.X-CUBE-EEPRMA1.5.1.0
2025-04-12 09:57:54,298 [WARN] PackLoader:240 - Cannot read IP mode file for ITTIA_DB.I-CUBE-ITTIADB.8.9.0
2025-04-12 09:57:54,354 [WARN] PackLoader:240 - Cannot read IP mode file for SEGGER.I-CUBE-embOS.1.3.1
2025-04-12 09:57:54,417 [WARN] PackLoader:240 - Cannot read IP mode file for STMicroelectronics.X-CUBE-ALGOBUILD.1.4.0
2025-04-12 09:57:54,425 [WARN] PackLoader:240 - Cannot read IP mode file for STMicroelectronics.X-CUBE-AI.9.1.0
2025-04-12 09:57:54,440 [WARN] PackLoader:240 - Cannot read IP mode file for STMicroelectronics.X-CUBE-GNSS1.6.0.0
2025-04-12 09:57:54,482 [WARN] PackLoader:240 - Cannot read IP mode file for STMicroelectronics.X-CUBE-AZRTOS-F4.1.1.0
2025-04-12 09:57:54,502 [WARN] PackLoader:240 - Cannot read IP mode file for STMicroelectronics.X-CUBE-ISPU.2.1.0
2025-04-12 09:57:54,515 [WARN] PackLoader:240 - Cannot read IP mode file for STMicroelectronics.X-CUBE-FREERTOS.1.2.0
2025-04-12 09:57:54,546 [WARN] PackLoader:240 - Cannot read IP mode file for STMicroelectronics.X-CUBE-AZRTOS-L5.2.0.0
2025-04-12 09:57:54,575 [WARN] PackLoader:240 - Cannot read IP mode file for STMicroelectronics.X-CUBE-NFC6.3.1.0
2025-04-12 09:57:54,596 [WARN] PackLoader:240 - Cannot read IP mode file for STMicroelectronics.X-CUBE-DPower.1.2.0
2025-04-12 09:57:54,610 [WARN] PackLoader:240 - Cannot read IP mode file for STMicroelectronics.X-CUBE-AI.9.0.0
2025-04-12 09:57:55,011 [WARN] PackLoader:240 - Cannot read IP mode file for STMicroelectronics.X-CUBE-FREERTOS.1.3.0
2025-04-12 09:57:55,025 [WARN] PackLoader:240 - Cannot read IP mode file for STMicroelectronics.X-CUBE-NFC7.1.0.1
2025-04-12 09:57:55,037 [WARN] PackLoader:240 - Cannot read IP mode file for wolfSSL.I-CUBE-wolfTPM.3.2.0
2025-04-12 09:57:55,045 [WARN] PackLoader:240 - Cannot read IP mode file for STMicroelectronics.X-CUBE-DPower.1.3.0
2025-04-12 09:57:55,059 [WARN] PackLoader:240 - Cannot read IP mode file for STMicroelectronics.X-CUBE-AI.8.1.0
2025-04-12 09:57:55,197 [WARN] ConditionMgr:438 - getConditionDescription Invalid condition id : LAN8742 Phy interface Condition cause : null
2025-04-12 09:57:55,198 [WARN] PackLoader:240 - Cannot read IP mode file for STMicroelectronics.X-CUBE-AZRTOS-L4.2.0.0
2025-04-12 09:57:55,201 [WARN] ConditionMgr:1044 - genDependencies : Invalid condition id : LAN8742 Phy interface Condition cause : null
2025-04-12 09:57:55,201 [WARN] ConditionMgr:1044 - genDependencies : Invalid condition id : LAN8742 Phy interface Condition cause : null
2025-04-12 09:57:55,201 [WARN] ConditionMgr:1044 - genDependencies : Invalid condition id : LAN8742 Phy interface Condition cause : null
2025-04-12 09:57:55,223 [WARN] PackLoader:240 - Cannot read IP mode file for STMicroelectronics.X-CUBE-SFXS2LP1.4.0.0
2025-04-12 09:57:55,269 [WARN] PackLoader:240 - Cannot read IP mode file for STMicroelectronics.X-CUBE-AZRTOS-H7.3.3.0
2025-04-12 09:57:55,298 [WARN] PackLoader:240 - Cannot read IP mode file for STMicroelectronics.X-CUBE-IPS.3.0.0
2025-04-12 09:57:55,350 [WARN] ConditionMgr:438 - getConditionDescription Invalid condition id : UX DEVICE CLASS RTOS Condition cause : null
2025-04-12 09:57:55,352 [WARN] ConditionMgr:438 - getConditionDescription Invalid condition id : UX DEVICE CLASS RTOS Condition cause : null
2025-04-12 09:57:55,355 [WARN] PackLoader:240 - Cannot read IP mode file for STMicroelectronics.X-CUBE-AZRTOS-WB.2.0.0
2025-04-12 09:57:55,356 [WARN] ConditionMgr:1044 - genDependencies : Invalid condition id : UX DEVICE CLASS RTOS Condition cause : null
2025-04-12 09:57:55,356 [WARN] ConditionMgr:1044 - genDependencies : Invalid condition id : UX DEVICE CLASS RTOS Condition cause : null
2025-04-12 09:57:55,357 [WARN] ConditionMgr:1044 - genDependencies : Invalid condition id : UX DEVICE CLASS RTOS Condition cause : null
2025-04-12 09:57:55,357 [WARN] ConditionMgr:1044 - genDependencies : Invalid condition id : UX DEVICE CLASS RTOS Condition cause : null
2025-04-12 09:57:55,357 [WARN] ConditionMgr:1044 - genDependencies : Invalid condition id : UX DEVICE CLASS RTOS Condition cause : null
2025-04-12 09:57:55,373 [WARN] PackLoader:240 - Cannot read IP mode file for STMicroelectronics.X-CUBE-GNSS1.7.0.0
2025-04-12 09:57:55,395 [WARN] PackLoader:240 - Cannot read IP mode file for STMicroelectronics.X-CUBE-GNSS1.7.0.1
2025-04-12 09:57:55,401 [WARN] PackLoader:240 - Cannot read IP mode file for STMicroelectronics.X-CUBE-TOUCHGFX.4.25.0
2025-04-12 09:57:55,415 [WARN] PackLoader:240 - Cannot read IP mode file for STMicroelectronics.FP-SNS-STBOX1.2.0.0
2025-04-12 09:57:55,445 [WARN] PackLoader:240 - Cannot read IP mode file for STMicroelectronics.X-CUBE-SUBG2.5.0.0
2025-04-12 09:57:55,483 [WARN] PackLoader:240 - Cannot read IP mode file for STMicroelectronics.X-CUBE-AZRTOS-H7RS.1.1.0
2025-04-12 09:57:55,484 [INFO] WebApp:225 - Starting web application
2025-04-12 09:57:55,484 [INFO] WebApp:593 - Web application path used C:\ST\STM32CubeIDE_1.15.1\STM32CubeIDE\plugins\com.st.stm32cube.common.mx_6.14.0.202502271554\db\plugins\mcufinder\reactClient1\index.html
2025-04-12 09:57:55,507 [WARN] PackLoader:240 - Cannot read IP mode file for Cesanta.I-CUBE-Mongoose.7.13.0
2025-04-12 09:57:55,529 [WARN] PackLoader:240 - Cannot read IP mode file for STMicroelectronics.X-CUBE-AZRTOS-G4.2.0.0
2025-04-12 09:57:55,537 [WARN] PackLoader:240 - Cannot read IP mode file for STMicroelectronics.X-CUBE-ISPU.2.0.0
2025-04-12 09:57:55,557 [WARN] PackLoader:240 - Cannot read IP mode file for STMicroelectronics.X-CUBE-IPS.3.1.0
2025-04-12 09:57:55,585 [WARN] PackLoader:240 - Cannot read IP mode file for STMicroelectronics.X-CUBE-ALS.1.0.2
2025-04-12 09:57:55,653 [WARN] PackLoader:240 - Cannot read IP mode file for STMicroelectronics.X-CUBE-MEMS1.10.0.0
2025-04-12 09:57:55,831 [WARN] PackLoader:240 - Cannot read IP mode file for STMicroelectronics.X-CUBE-TOUCHGFX.4.24.0
2025-04-12 09:57:55,839 [WARN] PackLoader:240 - Cannot read IP mode file for STMicroelectronics.X-CUBE-TOUCHGFX.4.24.2
2025-04-12 09:57:55,845 [WARN] PackLoader:240 - Cannot read IP mode file for STMicroelectronics.X-CUBE-TOUCHGFX.4.24.1
2025-04-12 09:57:55,865 [WARN] PackLoader:240 - Cannot read IP mode file for portGmbH.I-Cube-SoM-uGOAL.1.1.0
2025-04-12 09:57:55,888 [WARN] PackLoader:240 - Cannot read IP mode file for STMicroelectronics.X-CUBE-AZRTOS-H7RS.1.0.0
2025-04-12 09:57:55,898 [WARN] PackLoader:240 - Cannot read IP mode file for STMicroelectronics.FP-ATR-ASTRA1.2.0.0
2025-04-12 09:57:55,920 [WARN] PackLoader:240 - Cannot read IP mode file for STMicroelectronics.X-CUBE-TOF1.3.4.2
2025-04-12 09:57:55,970 [WARN] PackLoader:240 - Cannot read IP mode file for STMicroelectronics.X-CUBE-TOF1.3.4.1
2025-04-12 09:57:56,029 [WARN] PackLoader:240 - Cannot read IP mode file for STMicroelectronics.X-CUBE-AZRTOS-H7.3.2.0
2025-04-12 09:57:56,059 [INFO] UserAuth:486 - Internet connection configuration mode: 1
2025-04-12 09:57:56,080 [WARN] PackLoader:240 - Cannot read IP mode file for Infineon.AIROC-Wi-Fi-Bluetooth-STM32.1.6.0
2025-04-12 09:57:56,110 [WARN] PackLoader:240 - Cannot read IP mode file for wolfSSL.I-CUBE-wolfSSH.1.4.17
2025-04-12 09:57:56,111 [INFO] ThirdParty:978 - Integrity check success = true
2025-04-12 09:57:56,112 [INFO] IntegrityCheckThread:100 - exiting critical section [integrity check]
2025-04-12 09:57:56,112 [INFO] IntegrityCheckThread:103 - End integrity checks thread
2025-04-12 11:27:52,329 [ERROR] LogOutputStream:75 - [STDERR_REDIRECT] 
