00:25:31 **** Incremental Build of configuration Debug for project SLRC2025-Pulztrones ****
make -j20 all 
arm-none-eabi-gcc "../Core/Src/main.c" -mcpu=cortex-m4 -std=gnu11 -g3 -DDEBUG -DUSE_HAL_DRIVER -DSTM32F446xx -c -I../Core/Inc -I"C:/Users/PANKAJA/OneDrive/Projects/SLRC/SLRC-2025-Pulztrones/software/firmware/SLRC2025-Pulztrones/Drivers/SSD1306/Inc" -I"C:/Users/PANKAJA/OneDrive/Projects/SLRC/SLRC-2025-Pulztrones/software/firmware/SLRC2025-Pulztrones/Drivers/VL53L0X/core/inc" -I"C:/Users/PANKAJA/OneDrive/Projects/SLRC/SLRC-2025-Pulztrones/software/firmware/SLRC2025-Pulztrones/Drivers/VL53L0X/platform/inc" -I../Drivers/STM32F4xx_HAL_Driver/Inc -I../Drivers/STM32F4xx_HAL_Driver/Inc/Legacy -I../Drivers/CMSIS/Device/ST/STM32F4xx/Include -I../Drivers/CMSIS/Include -O0 -ffunction-sections -fdata-sections -Wall -fstack-usage -fcyclomatic-complexity -MMD -MP -MF"Core/Src/main.d" -MT"Core/Src/main.o" --specs=nano.specs -mfpu=fpv4-sp-d16 -mfloat-abi=hard -mthumb -o "Core/Src/main.o"
arm-none-eabi-gcc "../Core/Src/systick.c" -mcpu=cortex-m4 -std=gnu11 -g3 -DDEBUG -DUSE_HAL_DRIVER -DSTM32F446xx -c -I../Core/Inc -I"C:/Users/PANKAJA/OneDrive/Projects/SLRC/SLRC-2025-Pulztrones/software/firmware/SLRC2025-Pulztrones/Drivers/SSD1306/Inc" -I"C:/Users/PANKAJA/OneDrive/Projects/SLRC/SLRC-2025-Pulztrones/software/firmware/SLRC2025-Pulztrones/Drivers/VL53L0X/core/inc" -I"C:/Users/PANKAJA/OneDrive/Projects/SLRC/SLRC-2025-Pulztrones/software/firmware/SLRC2025-Pulztrones/Drivers/VL53L0X/platform/inc" -I../Drivers/STM32F4xx_HAL_Driver/Inc -I../Drivers/STM32F4xx_HAL_Driver/Inc/Legacy -I../Drivers/CMSIS/Device/ST/STM32F4xx/Include -I../Drivers/CMSIS/Include -O0 -ffunction-sections -fdata-sections -Wall -fstack-usage -fcyclomatic-complexity -MMD -MP -MF"Core/Src/systick.d" -MT"Core/Src/systick.o" --specs=nano.specs -mfpu=fpv4-sp-d16 -mfloat-abi=hard -mthumb -o "Core/Src/systick.o"
arm-none-eabi-gcc -o "SLRC2025-Pulztrones.elf" @"objects.list"   -mcpu=cortex-m4 -T"C:\Users\PANKAJA\OneDrive\Projects\SLRC\SLRC-2025-Pulztrones\software\firmware\SLRC2025-Pulztrones\STM32F446RETX_FLASH.ld" --specs=nosys.specs -Wl,-Map="SLRC2025-Pulztrones.map" -Wl,--gc-sections -static -u _printf_float --specs=nano.specs -mfpu=fpv4-sp-d16 -mfloat-abi=hard -mthumb -Wl,--start-group -lc -lm -Wl,--end-group
Finished building target: SLRC2025-Pulztrones.elf
 
arm-none-eabi-size  SLRC2025-Pulztrones.elf 
arm-none-eabi-objdump -h -S SLRC2025-Pulztrones.elf  > "SLRC2025-Pulztrones.list"
   text	   data	    bss	    dec	    hex	filename
  57664	    488	   4832	  62984	   f608	SLRC2025-Pulztrones.elf
Finished building: default.size.stdout
 
Finished building: SLRC2025-Pulztrones.list
 
00:26:00 **** Incremental Build of configuration Debug for project SLRC2025-Pulztrones ****
make -j20 all 
arm-none-eabi-size  SLRC2025-Pulztrones.elf 
   text	   data	    bss	    dec	    hex	filename
  57664	    488	   4832	  62984	   f608	SLRC2025-Pulztrones.elf
Finished building: default.size.stdout
 
00:28:03 **** Incremental Build of configuration Debug for project SLRC2025-Pulztrones ****
make -j20 all 
arm-none-eabi-gcc "../Core/Src/config.c" -mcpu=cortex-m4 -std=gnu11 -g3 -DDEBUG -DUSE_HAL_DRIVER -DSTM32F446xx -c -I../Core/Inc -I"C:/Users/PANKAJA/OneDrive/Projects/SLRC/SLRC-2025-Pulztrones/software/firmware/SLRC2025-Pulztrones/Drivers/SSD1306/Inc" -I"C:/Users/PANKAJA/OneDrive/Projects/SLRC/SLRC-2025-Pulztrones/software/firmware/SLRC2025-Pulztrones/Drivers/VL53L0X/core/inc" -I"C:/Users/PANKAJA/OneDrive/Projects/SLRC/SLRC-2025-Pulztrones/software/firmware/SLRC2025-Pulztrones/Drivers/VL53L0X/platform/inc" -I../Drivers/STM32F4xx_HAL_Driver/Inc -I../Drivers/STM32F4xx_HAL_Driver/Inc/Legacy -I../Drivers/CMSIS/Device/ST/STM32F4xx/Include -I../Drivers/CMSIS/Include -O0 -ffunction-sections -fdata-sections -Wall -fstack-usage -fcyclomatic-complexity -MMD -MP -MF"Core/Src/config.d" -MT"Core/Src/config.o" --specs=nano.specs -mfpu=fpv4-sp-d16 -mfloat-abi=hard -mthumb -o "Core/Src/config.o"
arm-none-eabi-gcc -o "SLRC2025-Pulztrones.elf" @"objects.list"   -mcpu=cortex-m4 -T"C:\Users\PANKAJA\OneDrive\Projects\SLRC\SLRC-2025-Pulztrones\software\firmware\SLRC2025-Pulztrones\STM32F446RETX_FLASH.ld" --specs=nosys.specs -Wl,-Map="SLRC2025-Pulztrones.map" -Wl,--gc-sections -static -u _printf_float --specs=nano.specs -mfpu=fpv4-sp-d16 -mfloat-abi=hard -mthumb -Wl,--start-group -lc -lm -Wl,--end-group
Finished building target: SLRC2025-Pulztrones.elf
 
arm-none-eabi-size  SLRC2025-Pulztrones.elf 
arm-none-eabi-objdump -h -S SLRC2025-Pulztrones.elf  > "SLRC2025-Pulztrones.list"
   text	   data	    bss	    dec	    hex	filename
  57664	    488	   4832	  62984	   f608	SLRC2025-Pulztrones.elf
Finished building: default.size.stdout
 
Finished building: SLRC2025-Pulztrones.list
 
00:29:46 **** Incremental Build of configuration Debug for project SLRC2025-Pulztrones ****
make -j20 all 
arm-none-eabi-size  SLRC2025-Pulztrones.elf 
   text	   data	    bss	    dec	    hex	filename
  57664	    488	   4832	  62984	   f608	SLRC2025-Pulztrones.elf
Finished building: default.size.stdout
 
00:38:27 **** Incremental Build of configuration Debug for project SLRC2025-Pulztrones ****
make -j20 all 
arm-none-eabi-gcc "../Core/Src/config.c" -mcpu=cortex-m4 -std=gnu11 -g3 -DDEBUG -DUSE_HAL_DRIVER -DSTM32F446xx -c -I../Core/Inc -I"C:/Users/PANKAJA/OneDrive/Projects/SLRC/SLRC-2025-Pulztrones/software/firmware/SLRC2025-Pulztrones/Drivers/SSD1306/Inc" -I"C:/Users/PANKAJA/OneDrive/Projects/SLRC/SLRC-2025-Pulztrones/software/firmware/SLRC2025-Pulztrones/Drivers/VL53L0X/core/inc" -I"C:/Users/PANKAJA/OneDrive/Projects/SLRC/SLRC-2025-Pulztrones/software/firmware/SLRC2025-Pulztrones/Drivers/VL53L0X/platform/inc" -I../Drivers/STM32F4xx_HAL_Driver/Inc -I../Drivers/STM32F4xx_HAL_Driver/Inc/Legacy -I../Drivers/CMSIS/Device/ST/STM32F4xx/Include -I../Drivers/CMSIS/Include -O0 -ffunction-sections -fdata-sections -Wall -fstack-usage -fcyclomatic-complexity -MMD -MP -MF"Core/Src/config.d" -MT"Core/Src/config.o" --specs=nano.specs -mfpu=fpv4-sp-d16 -mfloat-abi=hard -mthumb -o "Core/Src/config.o"
arm-none-eabi-gcc "../Core/Src/main.c" -mcpu=cortex-m4 -std=gnu11 -g3 -DDEBUG -DUSE_HAL_DRIVER -DSTM32F446xx -c -I../Core/Inc -I"C:/Users/PANKAJA/OneDrive/Projects/SLRC/SLRC-2025-Pulztrones/software/firmware/SLRC2025-Pulztrones/Drivers/SSD1306/Inc" -I"C:/Users/PANKAJA/OneDrive/Projects/SLRC/SLRC-2025-Pulztrones/software/firmware/SLRC2025-Pulztrones/Drivers/VL53L0X/core/inc" -I"C:/Users/PANKAJA/OneDrive/Projects/SLRC/SLRC-2025-Pulztrones/software/firmware/SLRC2025-Pulztrones/Drivers/VL53L0X/platform/inc" -I../Drivers/STM32F4xx_HAL_Driver/Inc -I../Drivers/STM32F4xx_HAL_Driver/Inc/Legacy -I../Drivers/CMSIS/Device/ST/STM32F4xx/Include -I../Drivers/CMSIS/Include -O0 -ffunction-sections -fdata-sections -Wall -fstack-usage -fcyclomatic-complexity -MMD -MP -MF"Core/Src/main.d" -MT"Core/Src/main.o" --specs=nano.specs -mfpu=fpv4-sp-d16 -mfloat-abi=hard -mthumb -o "Core/Src/main.o"
arm-none-eabi-gcc -o "SLRC2025-Pulztrones.elf" @"objects.list"   -mcpu=cortex-m4 -T"C:\Users\PANKAJA\OneDrive\Projects\SLRC\SLRC-2025-Pulztrones\software\firmware\SLRC2025-Pulztrones\STM32F446RETX_FLASH.ld" --specs=nosys.specs -Wl,-Map="SLRC2025-Pulztrones.map" -Wl,--gc-sections -static -u _printf_float --specs=nano.specs -mfpu=fpv4-sp-d16 -mfloat-abi=hard -mthumb -Wl,--start-group -lc -lm -Wl,--end-group
Finished building target: SLRC2025-Pulztrones.elf
 
arm-none-eabi-size  SLRC2025-Pulztrones.elf 
arm-none-eabi-objdump -h -S SLRC2025-Pulztrones.elf  > "SLRC2025-Pulztrones.list"
   text	   data	    bss	    dec	    hex	filename
  53280	    488	   4816	  58584	   e4d8	SLRC2025-Pulztrones.elf
Finished building: default.size.stdout
 
Finished building: SLRC2025-Pulztrones.list
 
00:38:55 **** Incremental Build of configuration Debug for project SLRC2025-Pulztrones ****
make -j20 all 
arm-none-eabi-size  SLRC2025-Pulztrones.elf 
   text	   data	    bss	    dec	    hex	filename
  53280	    488	   4816	  58584	   e4d8	SLRC2025-Pulztrones.elf
Finished building: default.size.stdout
 
00:39:22 **** Incremental Build of configuration Debug for project SLRC2025-Pulztrones ****
make -j20 all 
arm-none-eabi-size  SLRC2025-Pulztrones.elf 
   text	   data	    bss	    dec	    hex	filename
  53280	    488	   4816	  58584	   e4d8	SLRC2025-Pulztrones.elf
Finished building: default.size.stdout
 
00:40:20 **** Incremental Build of configuration Debug for project SLRC2025-Pulztrones ****
make -j20 all 
arm-none-eabi-size  SLRC2025-Pulztrones.elf 
   text	   data	    bss	    dec	    hex	filename
  53280	    488	   4816	  58584	   e4d8	SLRC2025-Pulztrones.elf
Finished building: default.size.stdout
 
00:40:46 **** Incremental Build of configuration Debug for project SLRC2025-Pulztrones ****
make -j20 all 
arm-none-eabi-size  SLRC2025-Pulztrones.elf 
   text	   data	    bss	    dec	    hex	filename
  53280	    488	   4816	  58584	   e4d8	SLRC2025-Pulztrones.elf
Finished building: default.size.stdout
 
00:41:03 **** Incremental Build of configuration Debug for project SLRC2025-Pulztrones ****
make -j20 all 
arm-none-eabi-size  SLRC2025-Pulztrones.elf 
   text	   data	    bss	    dec	    hex	filename
  53280	    488	   4816	  58584	   e4d8	SLRC2025-Pulztrones.elf
Finished building: default.size.stdout
 
00:43:17 **** Incremental Build of configuration Debug for project SLRC2025-Pulztrones ****
make -j20 all 
arm-none-eabi-gcc "../Core/Src/main.c" -mcpu=cortex-m4 -std=gnu11 -g3 -DDEBUG -DUSE_HAL_DRIVER -DSTM32F446xx -c -I../Core/Inc -I"C:/Users/PANKAJA/OneDrive/Projects/SLRC/SLRC-2025-Pulztrones/software/firmware/SLRC2025-Pulztrones/Drivers/SSD1306/Inc" -I"C:/Users/PANKAJA/OneDrive/Projects/SLRC/SLRC-2025-Pulztrones/software/firmware/SLRC2025-Pulztrones/Drivers/VL53L0X/core/inc" -I"C:/Users/PANKAJA/OneDrive/Projects/SLRC/SLRC-2025-Pulztrones/software/firmware/SLRC2025-Pulztrones/Drivers/VL53L0X/platform/inc" -I../Drivers/STM32F4xx_HAL_Driver/Inc -I../Drivers/STM32F4xx_HAL_Driver/Inc/Legacy -I../Drivers/CMSIS/Device/ST/STM32F4xx/Include -I../Drivers/CMSIS/Include -O0 -ffunction-sections -fdata-sections -Wall -fstack-usage -fcyclomatic-complexity -MMD -MP -MF"Core/Src/main.d" -MT"Core/Src/main.o" --specs=nano.specs -mfpu=fpv4-sp-d16 -mfloat-abi=hard -mthumb -o "Core/Src/main.o"
arm-none-eabi-gcc -o "SLRC2025-Pulztrones.elf" @"objects.list"   -mcpu=cortex-m4 -T"C:\Users\PANKAJA\OneDrive\Projects\SLRC\SLRC-2025-Pulztrones\software\firmware\SLRC2025-Pulztrones\STM32F446RETX_FLASH.ld" --specs=nosys.specs -Wl,-Map="SLRC2025-Pulztrones.map" -Wl,--gc-sections -static -u _printf_float --specs=nano.specs -mfpu=fpv4-sp-d16 -mfloat-abi=hard -mthumb -Wl,--start-group -lc -lm -Wl,--end-group
Finished building target: SLRC2025-Pulztrones.elf
 
arm-none-eabi-size  SLRC2025-Pulztrones.elf 
arm-none-eabi-objdump -h -S SLRC2025-Pulztrones.elf  > "SLRC2025-Pulztrones.list"
   text	   data	    bss	    dec	    hex	filename
  52800	    488	   4816	  58104	   e2f8	SLRC2025-Pulztrones.elf
Finished building: default.size.stdout
 
Finished building: SLRC2025-Pulztrones.list
 
00:50:50 **** Incremental Build of configuration Debug for project SLRC2025-Pulztrones ****
make -j20 all 
arm-none-eabi-gcc "../Core/Src/main.c" -mcpu=cortex-m4 -std=gnu11 -g3 -DDEBUG -DUSE_HAL_DRIVER -DSTM32F446xx -c -I../Core/Inc -I"C:/Users/PANKAJA/OneDrive/Projects/SLRC/SLRC-2025-Pulztrones/software/firmware/SLRC2025-Pulztrones/Drivers/SSD1306/Inc" -I"C:/Users/PANKAJA/OneDrive/Projects/SLRC/SLRC-2025-Pulztrones/software/firmware/SLRC2025-Pulztrones/Drivers/VL53L0X/core/inc" -I"C:/Users/PANKAJA/OneDrive/Projects/SLRC/SLRC-2025-Pulztrones/software/firmware/SLRC2025-Pulztrones/Drivers/VL53L0X/platform/inc" -I../Drivers/STM32F4xx_HAL_Driver/Inc -I../Drivers/STM32F4xx_HAL_Driver/Inc/Legacy -I../Drivers/CMSIS/Device/ST/STM32F4xx/Include -I../Drivers/CMSIS/Include -O0 -ffunction-sections -fdata-sections -Wall -fstack-usage -fcyclomatic-complexity -MMD -MP -MF"Core/Src/main.d" -MT"Core/Src/main.o" --specs=nano.specs -mfpu=fpv4-sp-d16 -mfloat-abi=hard -mthumb -o "Core/Src/main.o"
arm-none-eabi-gcc "../Core/Src/raykha.c" -mcpu=cortex-m4 -std=gnu11 -g3 -DDEBUG -DUSE_HAL_DRIVER -DSTM32F446xx -c -I../Core/Inc -I"C:/Users/PANKAJA/OneDrive/Projects/SLRC/SLRC-2025-Pulztrones/software/firmware/SLRC2025-Pulztrones/Drivers/SSD1306/Inc" -I"C:/Users/PANKAJA/OneDrive/Projects/SLRC/SLRC-2025-Pulztrones/software/firmware/SLRC2025-Pulztrones/Drivers/VL53L0X/core/inc" -I"C:/Users/PANKAJA/OneDrive/Projects/SLRC/SLRC-2025-Pulztrones/software/firmware/SLRC2025-Pulztrones/Drivers/VL53L0X/platform/inc" -I../Drivers/STM32F4xx_HAL_Driver/Inc -I../Drivers/STM32F4xx_HAL_Driver/Inc/Legacy -I../Drivers/CMSIS/Device/ST/STM32F4xx/Include -I../Drivers/CMSIS/Include -O0 -ffunction-sections -fdata-sections -Wall -fstack-usage -fcyclomatic-complexity -MMD -MP -MF"Core/Src/raykha.d" -MT"Core/Src/raykha.o" --specs=nano.specs -mfpu=fpv4-sp-d16 -mfloat-abi=hard -mthumb -o "Core/Src/raykha.o"
arm-none-eabi-gcc -o "SLRC2025-Pulztrones.elf" @"objects.list"   -mcpu=cortex-m4 -T"C:\Users\PANKAJA\OneDrive\Projects\SLRC\SLRC-2025-Pulztrones\software\firmware\SLRC2025-Pulztrones\STM32F446RETX_FLASH.ld" --specs=nosys.specs -Wl,-Map="SLRC2025-Pulztrones.map" -Wl,--gc-sections -static -u _printf_float --specs=nano.specs -mfpu=fpv4-sp-d16 -mfloat-abi=hard -mthumb -Wl,--start-group -lc -lm -Wl,--end-group
Finished building target: SLRC2025-Pulztrones.elf
 
arm-none-eabi-size  SLRC2025-Pulztrones.elf 
arm-none-eabi-objdump -h -S SLRC2025-Pulztrones.elf  > "SLRC2025-Pulztrones.list"
   text	   data	    bss	    dec	    hex	filename
  57680	    488	   4832	  63000	   f618	SLRC2025-Pulztrones.elf
Finished building: default.size.stdout
 
Finished building: SLRC2025-Pulztrones.list
 
01:01:37 **** Incremental Build of configuration Debug for project SLRC2025-Pulztrones ****
make -j20 all 
arm-none-eabi-gcc "../Core/Src/raykha.c" -mcpu=cortex-m4 -std=gnu11 -g3 -DDEBUG -DUSE_HAL_DRIVER -DSTM32F446xx -c -I../Core/Inc -I"C:/Users/PANKAJA/OneDrive/Projects/SLRC/SLRC-2025-Pulztrones/software/firmware/SLRC2025-Pulztrones/Drivers/SSD1306/Inc" -I"C:/Users/PANKAJA/OneDrive/Projects/SLRC/SLRC-2025-Pulztrones/software/firmware/SLRC2025-Pulztrones/Drivers/VL53L0X/core/inc" -I"C:/Users/PANKAJA/OneDrive/Projects/SLRC/SLRC-2025-Pulztrones/software/firmware/SLRC2025-Pulztrones/Drivers/VL53L0X/platform/inc" -I../Drivers/STM32F4xx_HAL_Driver/Inc -I../Drivers/STM32F4xx_HAL_Driver/Inc/Legacy -I../Drivers/CMSIS/Device/ST/STM32F4xx/Include -I../Drivers/CMSIS/Include -O0 -ffunction-sections -fdata-sections -Wall -fstack-usage -fcyclomatic-complexity -MMD -MP -MF"Core/Src/raykha.d" -MT"Core/Src/raykha.o" --specs=nano.specs -mfpu=fpv4-sp-d16 -mfloat-abi=hard -mthumb -o "Core/Src/raykha.o"
arm-none-eabi-gcc -o "SLRC2025-Pulztrones.elf" @"objects.list"   -mcpu=cortex-m4 -T"C:\Users\PANKAJA\OneDrive\Projects\SLRC\SLRC-2025-Pulztrones\software\firmware\SLRC2025-Pulztrones\STM32F446RETX_FLASH.ld" --specs=nosys.specs -Wl,-Map="SLRC2025-Pulztrones.map" -Wl,--gc-sections -static -u _printf_float --specs=nano.specs -mfpu=fpv4-sp-d16 -mfloat-abi=hard -mthumb -Wl,--start-group -lc -lm -Wl,--end-group
Finished building target: SLRC2025-Pulztrones.elf
 
arm-none-eabi-size  SLRC2025-Pulztrones.elf 
arm-none-eabi-objdump -h -S SLRC2025-Pulztrones.elf  > "SLRC2025-Pulztrones.list"
   text	   data	    bss	    dec	    hex	filename
  57664	    488	   4832	  62984	   f608	SLRC2025-Pulztrones.elf
Finished building: default.size.stdout
 
Finished building: SLRC2025-Pulztrones.list
 
01:10:11 **** Incremental Build of configuration Debug for project SLRC2025-Pulztrones ****
make -j20 all 
arm-none-eabi-gcc "../Core/Src/config.c" -mcpu=cortex-m4 -std=gnu11 -g3 -DDEBUG -DUSE_HAL_DRIVER -DSTM32F446xx -c -I../Core/Inc -I"C:/Users/PANKAJA/OneDrive/Projects/SLRC/SLRC-2025-Pulztrones/software/firmware/SLRC2025-Pulztrones/Drivers/SSD1306/Inc" -I"C:/Users/PANKAJA/OneDrive/Projects/SLRC/SLRC-2025-Pulztrones/software/firmware/SLRC2025-Pulztrones/Drivers/VL53L0X/core/inc" -I"C:/Users/PANKAJA/OneDrive/Projects/SLRC/SLRC-2025-Pulztrones/software/firmware/SLRC2025-Pulztrones/Drivers/VL53L0X/platform/inc" -I../Drivers/STM32F4xx_HAL_Driver/Inc -I../Drivers/STM32F4xx_HAL_Driver/Inc/Legacy -I../Drivers/CMSIS/Device/ST/STM32F4xx/Include -I../Drivers/CMSIS/Include -O0 -ffunction-sections -fdata-sections -Wall -fstack-usage -fcyclomatic-complexity -MMD -MP -MF"Core/Src/config.d" -MT"Core/Src/config.o" --specs=nano.specs -mfpu=fpv4-sp-d16 -mfloat-abi=hard -mthumb -o "Core/Src/config.o"
arm-none-eabi-gcc "../Core/Src/main.c" -mcpu=cortex-m4 -std=gnu11 -g3 -DDEBUG -DUSE_HAL_DRIVER -DSTM32F446xx -c -I../Core/Inc -I"C:/Users/PANKAJA/OneDrive/Projects/SLRC/SLRC-2025-Pulztrones/software/firmware/SLRC2025-Pulztrones/Drivers/SSD1306/Inc" -I"C:/Users/PANKAJA/OneDrive/Projects/SLRC/SLRC-2025-Pulztrones/software/firmware/SLRC2025-Pulztrones/Drivers/VL53L0X/core/inc" -I"C:/Users/PANKAJA/OneDrive/Projects/SLRC/SLRC-2025-Pulztrones/software/firmware/SLRC2025-Pulztrones/Drivers/VL53L0X/platform/inc" -I../Drivers/STM32F4xx_HAL_Driver/Inc -I../Drivers/STM32F4xx_HAL_Driver/Inc/Legacy -I../Drivers/CMSIS/Device/ST/STM32F4xx/Include -I../Drivers/CMSIS/Include -O0 -ffunction-sections -fdata-sections -Wall -fstack-usage -fcyclomatic-complexity -MMD -MP -MF"Core/Src/main.d" -MT"Core/Src/main.o" --specs=nano.specs -mfpu=fpv4-sp-d16 -mfloat-abi=hard -mthumb -o "Core/Src/main.o"
arm-none-eabi-gcc "../Core/Src/systick.c" -mcpu=cortex-m4 -std=gnu11 -g3 -DDEBUG -DUSE_HAL_DRIVER -DSTM32F446xx -c -I../Core/Inc -I"C:/Users/PANKAJA/OneDrive/Projects/SLRC/SLRC-2025-Pulztrones/software/firmware/SLRC2025-Pulztrones/Drivers/SSD1306/Inc" -I"C:/Users/PANKAJA/OneDrive/Projects/SLRC/SLRC-2025-Pulztrones/software/firmware/SLRC2025-Pulztrones/Drivers/VL53L0X/core/inc" -I"C:/Users/PANKAJA/OneDrive/Projects/SLRC/SLRC-2025-Pulztrones/software/firmware/SLRC2025-Pulztrones/Drivers/VL53L0X/platform/inc" -I../Drivers/STM32F4xx_HAL_Driver/Inc -I../Drivers/STM32F4xx_HAL_Driver/Inc/Legacy -I../Drivers/CMSIS/Device/ST/STM32F4xx/Include -I../Drivers/CMSIS/Include -O0 -ffunction-sections -fdata-sections -Wall -fstack-usage -fcyclomatic-complexity -MMD -MP -MF"Core/Src/systick.d" -MT"Core/Src/systick.o" --specs=nano.specs -mfpu=fpv4-sp-d16 -mfloat-abi=hard -mthumb -o "Core/Src/systick.o"
arm-none-eabi-gcc -o "SLRC2025-Pulztrones.elf" @"objects.list"   -mcpu=cortex-m4 -T"C:\Users\PANKAJA\OneDrive\Projects\SLRC\SLRC-2025-Pulztrones\software\firmware\SLRC2025-Pulztrones\STM32F446RETX_FLASH.ld" --specs=nosys.specs -Wl,-Map="SLRC2025-Pulztrones.map" -Wl,--gc-sections -static -u _printf_float --specs=nano.specs -mfpu=fpv4-sp-d16 -mfloat-abi=hard -mthumb -Wl,--start-group -lc -lm -Wl,--end-group
Finished building target: SLRC2025-Pulztrones.elf
 
arm-none-eabi-size  SLRC2025-Pulztrones.elf 
arm-none-eabi-objdump -h -S SLRC2025-Pulztrones.elf  > "SLRC2025-Pulztrones.list"
   text	   data	    bss	    dec	    hex	filename
  52024	    488	   4816	  57328	   dff0	SLRC2025-Pulztrones.elf
Finished building: default.size.stdout
 
Finished building: SLRC2025-Pulztrones.list
 
01:11:55 **** Incremental Build of configuration Debug for project SLRC2025-Pulztrones ****
make -j20 all 
arm-none-eabi-gcc "../Core/Src/main.c" -mcpu=cortex-m4 -std=gnu11 -g3 -DDEBUG -DUSE_HAL_DRIVER -DSTM32F446xx -c -I../Core/Inc -I"C:/Users/PANKAJA/OneDrive/Projects/SLRC/SLRC-2025-Pulztrones/software/firmware/SLRC2025-Pulztrones/Drivers/SSD1306/Inc" -I"C:/Users/PANKAJA/OneDrive/Projects/SLRC/SLRC-2025-Pulztrones/software/firmware/SLRC2025-Pulztrones/Drivers/VL53L0X/core/inc" -I"C:/Users/PANKAJA/OneDrive/Projects/SLRC/SLRC-2025-Pulztrones/software/firmware/SLRC2025-Pulztrones/Drivers/VL53L0X/platform/inc" -I../Drivers/STM32F4xx_HAL_Driver/Inc -I../Drivers/STM32F4xx_HAL_Driver/Inc/Legacy -I../Drivers/CMSIS/Device/ST/STM32F4xx/Include -I../Drivers/CMSIS/Include -O0 -ffunction-sections -fdata-sections -Wall -fstack-usage -fcyclomatic-complexity -MMD -MP -MF"Core/Src/main.d" -MT"Core/Src/main.o" --specs=nano.specs -mfpu=fpv4-sp-d16 -mfloat-abi=hard -mthumb -o "Core/Src/main.o"
arm-none-eabi-gcc -o "SLRC2025-Pulztrones.elf" @"objects.list"   -mcpu=cortex-m4 -T"C:\Users\PANKAJA\OneDrive\Projects\SLRC\SLRC-2025-Pulztrones\software\firmware\SLRC2025-Pulztrones\STM32F446RETX_FLASH.ld" --specs=nosys.specs -Wl,-Map="SLRC2025-Pulztrones.map" -Wl,--gc-sections -static -u _printf_float --specs=nano.specs -mfpu=fpv4-sp-d16 -mfloat-abi=hard -mthumb -Wl,--start-group -lc -lm -Wl,--end-group
Finished building target: SLRC2025-Pulztrones.elf
 
arm-none-eabi-size  SLRC2025-Pulztrones.elf 
arm-none-eabi-objdump -h -S SLRC2025-Pulztrones.elf  > "SLRC2025-Pulztrones.list"
   text	   data	    bss	    dec	    hex	filename
  56904	    488	   4832	  62224	   f310	SLRC2025-Pulztrones.elf
Finished building: default.size.stdout
 
Finished building: SLRC2025-Pulztrones.list
 
01:16:16 **** Incremental Build of configuration Debug for project SLRC2025-Pulztrones ****
make -j20 all 
arm-none-eabi-gcc "../Core/Src/main.c" -mcpu=cortex-m4 -std=gnu11 -g3 -DDEBUG -DUSE_HAL_DRIVER -DSTM32F446xx -c -I../Core/Inc -I"C:/Users/PANKAJA/OneDrive/Projects/SLRC/SLRC-2025-Pulztrones/software/firmware/SLRC2025-Pulztrones/Drivers/SSD1306/Inc" -I"C:/Users/PANKAJA/OneDrive/Projects/SLRC/SLRC-2025-Pulztrones/software/firmware/SLRC2025-Pulztrones/Drivers/VL53L0X/core/inc" -I"C:/Users/PANKAJA/OneDrive/Projects/SLRC/SLRC-2025-Pulztrones/software/firmware/SLRC2025-Pulztrones/Drivers/VL53L0X/platform/inc" -I../Drivers/STM32F4xx_HAL_Driver/Inc -I../Drivers/STM32F4xx_HAL_Driver/Inc/Legacy -I../Drivers/CMSIS/Device/ST/STM32F4xx/Include -I../Drivers/CMSIS/Include -O0 -ffunction-sections -fdata-sections -Wall -fstack-usage -fcyclomatic-complexity -MMD -MP -MF"Core/Src/main.d" -MT"Core/Src/main.o" --specs=nano.specs -mfpu=fpv4-sp-d16 -mfloat-abi=hard -mthumb -o "Core/Src/main.o"
arm-none-eabi-gcc -o "SLRC2025-Pulztrones.elf" @"objects.list"   -mcpu=cortex-m4 -T"C:\Users\PANKAJA\OneDrive\Projects\SLRC\SLRC-2025-Pulztrones\software\firmware\SLRC2025-Pulztrones\STM32F446RETX_FLASH.ld" --specs=nosys.specs -Wl,-Map="SLRC2025-Pulztrones.map" -Wl,--gc-sections -static -u _printf_float --specs=nano.specs -mfpu=fpv4-sp-d16 -mfloat-abi=hard -mthumb -Wl,--start-group -lc -lm -Wl,--end-group
Finished building target: SLRC2025-Pulztrones.elf
 
arm-none-eabi-size  SLRC2025-Pulztrones.elf 
arm-none-eabi-objdump -h -S SLRC2025-Pulztrones.elf  > "SLRC2025-Pulztrones.list"
   text	   data	    bss	    dec	    hex	filename
  52576	    488	   4816	  57880	   e218	SLRC2025-Pulztrones.elf
Finished building: default.size.stdout
 
Finished building: SLRC2025-Pulztrones.list
 
