19:33:44 **** Incremental Build of configuration Debug for project SLRC2025-Pulztrones ****
make -j4 all 
arm-none-eabi-gcc "../Core/Src/robot.c" -mcpu=cortex-m4 -std=gnu11 -g3 -DDEBUG -DUSE_HAL_DRIVER -DSTM32F446xx -c -I../Core/Inc -I"D:/Oshadha/Professional Projects/SLRC 2025/Codebase/SLRC-2025-Pulztrones/software/firmware/SLRC2025-Pulztrones/Drivers/Buzzer/Inc" -I"D:/Oshadha/Professional Projects/SLRC 2025/Codebase/SLRC-2025-Pulztrones/software/firmware/SLRC2025-Pulztrones/Drivers/PCA9685/Inc" -I"D:/Oshadha/Professional Projects/SLRC 2025/Codebase/SLRC-2025-Pulztrones/software/firmware/SLRC2025-Pulztrones/Drivers/TCS3472/Inc" -I"D:/Oshadha/Professional Projects/SLRC 2025/Codebase/SLRC-2025-Pulztrones/software/firmware/SLRC2025-Pulztrones/Drivers/PCA9548A/Inc" -I"D:/Oshadha/Professional Projects/SLRC 2025/Codebase/SLRC-2025-Pulztrones/software/firmware/SLRC2025-Pulztrones/Drivers/SSD1306/Inc" -I"D:/Oshadha/Professional Projects/SLRC 2025/Codebase/SLRC-2025-Pulztrones/software/firmware/SLRC2025-Pulztrones/Drivers/VL53L0X/core/inc" -I"D:/Oshadha/Professional Projects/SLRC 2025/Codebase/SLRC-2025-Pulztrones/software/firmware/SLRC2025-Pulztrones/Drivers/VL53L0X/platform/inc" -I../Drivers/STM32F4xx_HAL_Driver/Inc -I../Drivers/STM32F4xx_HAL_Driver/Inc/Legacy -I../Drivers/CMSIS/Device/ST/STM32F4xx/Include -I../Drivers/CMSIS/Include -O0 -ffunction-sections -fdata-sections -Wall -fstack-usage -fcyclomatic-complexity -MMD -MP -MF"Core/Src/robot.d" -MT"Core/Src/robot.o" --specs=nano.specs -mfpu=fpv4-sp-d16 -mfloat-abi=hard -mthumb -o "Core/Src/robot.o"
arm-none-eabi-gcc "../Core/Src/sensors.c" -mcpu=cortex-m4 -std=gnu11 -g3 -DDEBUG -DUSE_HAL_DRIVER -DSTM32F446xx -c -I../Core/Inc -I"D:/Oshadha/Professional Projects/SLRC 2025/Codebase/SLRC-2025-Pulztrones/software/firmware/SLRC2025-Pulztrones/Drivers/Buzzer/Inc" -I"D:/Oshadha/Professional Projects/SLRC 2025/Codebase/SLRC-2025-Pulztrones/software/firmware/SLRC2025-Pulztrones/Drivers/PCA9685/Inc" -I"D:/Oshadha/Professional Projects/SLRC 2025/Codebase/SLRC-2025-Pulztrones/software/firmware/SLRC2025-Pulztrones/Drivers/TCS3472/Inc" -I"D:/Oshadha/Professional Projects/SLRC 2025/Codebase/SLRC-2025-Pulztrones/software/firmware/SLRC2025-Pulztrones/Drivers/PCA9548A/Inc" -I"D:/Oshadha/Professional Projects/SLRC 2025/Codebase/SLRC-2025-Pulztrones/software/firmware/SLRC2025-Pulztrones/Drivers/SSD1306/Inc" -I"D:/Oshadha/Professional Projects/SLRC 2025/Codebase/SLRC-2025-Pulztrones/software/firmware/SLRC2025-Pulztrones/Drivers/VL53L0X/core/inc" -I"D:/Oshadha/Professional Projects/SLRC 2025/Codebase/SLRC-2025-Pulztrones/software/firmware/SLRC2025-Pulztrones/Drivers/VL53L0X/platform/inc" -I../Drivers/STM32F4xx_HAL_Driver/Inc -I../Drivers/STM32F4xx_HAL_Driver/Inc/Legacy -I../Drivers/CMSIS/Device/ST/STM32F4xx/Include -I../Drivers/CMSIS/Include -O0 -ffunction-sections -fdata-sections -Wall -fstack-usage -fcyclomatic-complexity -MMD -MP -MF"Core/Src/sensors.d" -MT"Core/Src/sensors.o" --specs=nano.specs -mfpu=fpv4-sp-d16 -mfloat-abi=hard -mthumb -o "Core/Src/sensors.o"
arm-none-eabi-gcc -o "SLRC2025-Pulztrones.elf" @"objects.list"   -mcpu=cortex-m4 -T"D:\Oshadha\Professional Projects\SLRC 2025\Codebase\SLRC-2025-Pulztrones\software\firmware\SLRC2025-Pulztrones\STM32F446RETX_FLASH.ld" --specs=nosys.specs -Wl,-Map="SLRC2025-Pulztrones.map" -Wl,--gc-sections -static -u _printf_float --specs=nano.specs -mfpu=fpv4-sp-d16 -mfloat-abi=hard -mthumb -Wl,--start-group -lc -lm -Wl,--end-group
Finished building target: SLRC2025-Pulztrones.elf
 
arm-none-eabi-size  SLRC2025-Pulztrones.elf 
arm-none-eabi-objdump -h -S SLRC2025-Pulztrones.elf  > "SLRC2025-Pulztrones.list"
   text	   data	    bss	    dec	    hex	filename
  70172	    640	   4784	  75596	  1274c	SLRC2025-Pulztrones.elf
Finished building: default.size.stdout
 
Finished building: SLRC2025-Pulztrones.list
 
